Archive member included because of file (symbol)

c:/devkitPro/libnds/lib\libnds9.a(console.o)
                              vitijumps.o (consoleDemoInit)
c:/devkitPro/libnds/lib\libnds9.a(initSystem.o)
                              c:/devkitpro/devkitarm/bin/../lib/gcc/arm-none-eabi/4.7.1/../../../../arm-none-eabi/lib/ds_arm9_crt0.o (initSystem)
c:/devkitPro/libnds/lib\libnds9.a(fifosystem.o)
                              c:/devkitPro/libnds/lib\libnds9.a(initSystem.o) (fifoSendValue32)
c:/devkitPro/libnds/lib\libnds9.a(interrupts.o)
                              c:/devkitPro/libnds/lib\libnds9.a(fifosystem.o) (irqSet)
c:/devkitPro/libnds/lib\libnds9.a(libnds_exit.arm.o)
                              c:/devkitpro/devkitarm/bin/../lib/gcc/arm-none-eabi/4.7.1/../../../../arm-none-eabi/lib/ds_arm9_crt0.o (__libnds_exit)
c:/devkitPro/libnds/lib\libnds9.a(mpu_setup.o)
                              c:/devkitpro/devkitarm/bin/../lib/gcc/arm-none-eabi/4.7.1/../../../../arm-none-eabi/lib/ds_arm9_crt0.o (__libnds_mpu_setup)
c:/devkitPro/libnds/lib\libnds9.a(biosCalls.o)
                              c:/devkitPro/libnds/lib\libnds9.a(fifosystem.o) (swiIntrWait)
c:/devkitPro/libnds/lib\libnds9.a(debugprint.o)
                              c:/devkitPro/libnds/lib\libnds9.a(console.o) (nocashWrite)
c:/devkitPro/libnds/lib\libnds9.a(interruptDispatcher.o)
                              c:/devkitPro/libnds/lib\libnds9.a(interrupts.o) (IntrMain)
c:/devkitPro/libnds/lib\libnds9.a(swiSoftReset.o)
                              c:/devkitPro/libnds/lib\libnds9.a(fifosystem.o) (swiSoftReset)
c:/devkitPro/libnds/lib\libnds9.a(default_font.bin.o)
                              c:/devkitPro/libnds/lib\libnds9.a(console.o) (default_font_bin)
c:/devkitPro/libnds/lib\libnds9.a(background.o)
                              c:/devkitPro/libnds/lib\libnds9.a(console.o) (bgState)
c:/devkitPro/libnds/lib\libnds9.a(system.o)
                              c:/devkitPro/libnds/lib\libnds9.a(initSystem.o) (systemMsgHandler)
c:/devkitPro/libnds/lib\libnds9.a(trig.o)
                              c:/devkitPro/libnds/lib\libnds9.a(background.o) (sinLerp)
c:/devkitPro/libnds/lib\libnds9.a(video.o)
                              c:/devkitPro/libnds/lib\libnds9.a(initSystem.o) (vramDefault)
c:/devkitpro/devkitarm/bin/../lib/gcc/arm-none-eabi/4.7.1\libgcc.a(_udivsi3.o)
                              vitijumps.o (__aeabi_uidivmod)
c:/devkitpro/devkitarm/bin/../lib/gcc/arm-none-eabi/4.7.1\libgcc.a(_divsi3.o)
                              c:/devkitPro/libnds/lib\libnds9.a(console.o) (__aeabi_idivmod)
c:/devkitpro/devkitarm/bin/../lib/gcc/arm-none-eabi/4.7.1\libgcc.a(_dvmd_tls.o)
                              c:/devkitpro/devkitarm/bin/../lib/gcc/arm-none-eabi/4.7.1\libgcc.a(_udivsi3.o) (__aeabi_idiv0)
c:/devkitpro/devkitarm/bin/../lib/gcc/arm-none-eabi/4.7.1\libgcc.a(_arm_addsubdf3.o)
                              vitijumps.o (__aeabi_i2d)
c:/devkitpro/devkitarm/bin/../lib/gcc/arm-none-eabi/4.7.1\libgcc.a(_arm_muldivdf3.o)
                              vitijumps.o (__aeabi_ddiv)
c:/devkitpro/devkitarm/bin/../lib/gcc/arm-none-eabi/4.7.1\libgcc.a(_arm_truncdfsf2.o)
                              vitijumps.o (__aeabi_d2f)
c:/devkitpro/devkitarm/bin/../lib/gcc/arm-none-eabi/4.7.1\libgcc.a(_arm_addsubsf3.o)
                              vitijumps.o (__aeabi_fsub)
c:/devkitpro/devkitarm/bin/../lib/gcc/arm-none-eabi/4.7.1\libgcc.a(_arm_muldivsf3.o)
                              vitijumps.o (__aeabi_fmul)
c:/devkitpro/devkitarm/bin/../lib/gcc/arm-none-eabi/4.7.1\libgcc.a(_arm_cmpsf2.o)
                              vitijumps.o (__aeabi_fcmplt)
c:/devkitpro/devkitarm/bin/../lib/gcc/arm-none-eabi/4.7.1\libgcc.a(_arm_fixunssfsi.o)
                              vitijumps.o (__aeabi_f2uiz)
c:/devkitpro/devkitarm/bin/../lib/gcc/arm-none-eabi/4.7.1/../../../../arm-none-eabi/lib\libg.a(lib_a-bsearch.o)
                              c:/devkitPro/libnds/lib\libnds9.a(trig.o) (bsearch)
c:/devkitpro/devkitarm/bin/../lib/gcc/arm-none-eabi/4.7.1/../../../../arm-none-eabi/lib\libg.a(lib_a-impure.o)
                              c:/devkitPro/libnds/lib\libnds9.a(console.o) (_impure_ptr)
c:/devkitpro/devkitarm/bin/../lib/gcc/arm-none-eabi/4.7.1/../../../../arm-none-eabi/lib\libg.a(lib_a-init.o)
                              c:/devkitpro/devkitarm/bin/../lib/gcc/arm-none-eabi/4.7.1/../../../../arm-none-eabi/lib/ds_arm9_crt0.o (__libc_init_array)
c:/devkitpro/devkitarm/bin/../lib/gcc/arm-none-eabi/4.7.1/../../../../arm-none-eabi/lib\libg.a(lib_a-iprintf.o)
                              c:/devkitPro/libnds/lib\libnds9.a(console.o) (iprintf)
c:/devkitpro/devkitarm/bin/../lib/gcc/arm-none-eabi/4.7.1/../../../../arm-none-eabi/lib\libg.a(lib_a-memcpy-stub.o)
                              c:/devkitPro/libnds/lib\libnds9.a(console.o) (memcpy)
c:/devkitpro/devkitarm/bin/../lib/gcc/arm-none-eabi/4.7.1/../../../../arm-none-eabi/lib\libg.a(lib_a-printf.o)
[...]
Memory Configuration

Name             Origin             Length             Attributes
rom              0x08000000         0x02000000
ewram            0x02000000         0x003ff000
dtcm             0x0b000000         0x00004000
vectors          0x01000000         0x00000100
itcm             0x01000100         0x00007f00
*default*        0x00000000         0xffffffff

Linker script and memory map

                0x01000000                __vectors_start = ORIGIN (vectors)
                0x01000100                __itcm_start = ORIGIN (itcm)
                0x023ff000                __ewram_end = (ORIGIN (ewram) + 0x3ff000)
                0x023ff000                __eheap_end = (ORIGIN (ewram) + 0x3ff000)
                0x0b000000                __dtcm_start = ORIGIN (dtcm)
                0x0b004000                __dtcm_top = (ORIGIN (dtcm) + 0x4000)
                0x0b003ff8                __irq_flags = (__dtcm_top - 0x8)
                0x0b003ffc                __irq_vector = (__dtcm_top - 0x4)
                0x0b003f00                __sp_svc = (__dtcm_top - 0x100)
                0x0b003e00                __sp_irq = (__sp_svc - 0x100)
                0x0b003d00                __sp_usr = (__sp_irq - 0x100)

.init           0x02000000      0x248
                0x02000000                __text_start = .
 *(.init)
 .init          0x02000000      0x230 c:/devkitpro/devkitarm/bin/../lib/gcc/arm-none-eabi/4.7.1/../../../../arm-none-eabi/lib/ds_arm9_crt0.o
                0x02000000                _start
 .init          0x02000230        0xc c:/devkitpro/devkitarm/bin/../lib/gcc/arm-none-eabi/4.7.1/crti.o
                0x02000230                _init
 .init          0x0200023c        0xc c:/devkitpro/devkitarm/bin/../lib/gcc/arm-none-eabi/4.7.1/crtn.o
                0x02000248                . = ALIGN (0x4)

.plt
 *(.plt)

.text           0x02000250    0x12968
 *(EXCLUDE_FILE(*.itcm*) .text)
 .text          0x02000250        0x0 c:/devkitpro/devkitarm/bin/../lib/gcc/arm-none-eabi/4.7.1/../../../../arm-none-eabi/lib/ds_arm9_crt0.o
 .text          0x02000250        0x0 c:/devkitpro/devkitarm/bin/../lib/gcc/arm-none-eabi/4.7.1/crti.o
 .text          0x02000250      0x128 c:/devkitpro/devkitarm/bin/../lib/gcc/arm-none-eabi/4.7.1/crtbegin.o
 .text          0x02000378      0x134 vitijumps.o
                0x02000378                what_time
                0x020003c0                test_1
                0x02000418                test_2
 .text          0x020004ac      0xa4c c:/devkitPro/libnds/lib\libnds9.a(console.o)
                0x0200054c                nocash_write
                0x0200055c                consoleGetDefault
                0x02000568                consoleSelect
                0x02000578                consoleDebugInit
                0x020005c8                consolePrintChar
                0x02000794                consoleLoadFont
                0x02000a1c                consoleSetFont
                0x02000a3c                consoleInit
                0x02000ba4                consoleDemoInit
                0x02000be8                con_write
                0x02000ec4                consoleClear
                0x02000ed4                consoleSetWindow
 .text          0x02000ef8      0x140 c:/devkitPro/libnds/lib\libnds9.a(initSystem.o)
                0x02000ef8                initSystem
 .text          0x02001038      0xc58 c:/devkitPro/libnds/lib\libnds9.a(fifosystem.o)
                0x0200128c                fifoSendAddress
                0x020012b8                fifoSendValue32
                0x020012f8                fifoSendDatamsg
                0x02001368                fifoGetAddress
                0x020013e0                fifoSetAddressHandler
                0x02001454                fifoGetValue32
                0x020014c8                fifoSetValue32Handler
                0x0200153c                fifoGetDatamsg
                0x020019c0                fifoSetDatamsgHandler
                0x02001a58                fifoCheckAddress
                0x02001a7c                fifoCheckDatamsg
                0x02001aa0                fifoCheckValue32
                0x02001ac4                fifoInit
 .text          0x02001c90      0x1ec c:/devkitPro/libnds/lib\libnds9.a(interrupts.o)
                0x02001c90                irqDummy
                0x02001c94                irqSet
                0x02001d00                irqInit
                0x02001d4c                irqInitHandler
                0x02001d7c                irqEnable
                0x02001de0                irqDisable
                0x02001e44                irqClear
 .text          0x02001e7c       0x58 c:/devkitPro/libnds/lib\libnds9.a(libnds_exit.arm.o)
                0x02001e7c                systemErrorExit
                0x02001e80                __libnds_exit
 .text          0x02001ed4      0x1b4 c:/devkitPro/libnds/lib\libnds9.a(mpu_setup.o)
                0x02001ed4                __libnds_mpu_setup
                0x02002014                memCached
                0x0200202c                memUncached
 *fill*         0x02002088        0x8 ff
 .text          0x02002090       0x70 c:/devkitPro/libnds/lib\libnds9.a(biosCalls.o)
                0x02002090                swiDelay
                0x02002094                swiIntrWait
                0x02002098                swiWaitForVBlank
                0x0200209c                swiSleep
                0x020020a0                swiChangeSoundBias
                0x020020a4                swiDivide
                0x020020a8                swiRemainder
                0x020020ae                swiDivMod
                0x020020ba                swiCopy
                0x020020be                swiFastCopy
                0x020020c2                swiSqrt
                0x020020c6                swiCRC16
                0x020020ca                swiIsDebugger
                0x020020ce                swiUnpackBits
                0x020020d2                swiDecompressLZSSWram
                0x020020d6                swiDecompressLZSSVramNTR
                0x020020da                swiDecompressLZSSVramTWL
                0x020020de                swiDecompressHuffman
                0x020020e2                swiDecompressRLEWram
                0x020020e6                swiDecompressRLEVram
                0x020020ea                swiWaitForIRQ
                0x020020ee                swiDecodeDelta8
                0x020020f2                swiDecodeDelta16
                0x020020f6                swiSetHaltCR
 .text          0x02002100       0xa4 c:/devkitPro/libnds/lib\libnds9.a(debugprint.o)
                0x02002100                nocashWrite
                0x02002102                nocashMessage
 .text          0x020021a4        0x0 c:/devkitPro/libnds/lib\libnds9.a(interruptDispatcher.o)
 *fill*         0x020021a4        0xc ff
 .text          0x020021b0       0x30 c:/devkitPro/libnds/lib\libnds9.a(swiSoftReset.o)
                0x020021b0                swiSoftReset
 .text          0x020021e0        0x0 c:/devkitPro/libnds/lib\libnds9.a(default_font.bin.o)
 .text          0x020021e0      0x2e8 c:/devkitPro/libnds/lib\libnds9.a(background.o)
                0x020021e0                bgIsText
                0x020021ec                checkIfText
                0x02002244                bgUpdate
                0x02002338                bgInit_call
                0x020023fc                bgInitSub_call
 .text          0x020024c8      0x128 c:/devkitPro/libnds/lib\libnds9.a(system.o)
                0x020024c8                setSDcallback
                0x020024d4                systemMsgHandler
                0x02002518                systemSleep
                0x02002530                systemValueHandler
                0x0200256c                powerOn
                0x02002598                powerOff
                0x020025c0                ledBlink
                0x020025d0                getBatteryLevel
 .text          0x020025f0      0x244 c:/devkitPro/libnds/lib\libnds9.a(trig.o)
                0x020025f0                asinComp
                0x02002618                sinLutLookup
                0x02002654                sinLerp
                0x0200268c                cosLerp
                0x020026a0                tanLutLookup
                0x020026d8                tanLerp
                0x0200277c                asinLerp
                0x020027f8                acosLerp
                0x0200280c                atanComp
 .text          0x02002834      0x1f8 c:/devkitPro/libnds/lib\libnds9.a(video.o)
                0x02002834                vramSetPrimaryBanks
                0x02002878                vramSetMainBanks
                0x020028bc                vramSetBanks_EFG
                0x020028f4                vramRestorePrimaryBanks
                0x02002900                vramRestoreMainBanks
                0x0200290c                vramRestoreBanks_EFG
                0x02002918                setBrightness
                0x02002958                vramDefault
 .text          0x02002a2c      0x114 c:/devkitpro/devkitarm/bin/../lib/gcc/arm-none-eabi/4.7.1\libgcc.a(_udivsi3.o)
                0x02002a2c                __aeabi_uidiv
                0x02002a2c                __udivsi3
                0x02002b20                __aeabi_uidivmod
 .text          0x02002b40      0x148 c:/devkitpro/devkitarm/bin/../lib/gcc/arm-none-eabi/4.7.1\libgcc.a(_divsi3.o)
                0x02002b40                __divsi3
                0x02002b40                __aeabi_idiv
                0x02002c68                __aeabi_idivmod
 .text          0x02002c88        0x4 c:/devkitpro/devkitarm/bin/../lib/gcc/arm-none-eabi/4.7.1\libgcc.a(_dvmd_tls.o)
                0x02002c88                __aeabi_idiv0
                0x02002c88                __aeabi_ldiv0
 .text          0x02002c8c      0x41c c:/devkitpro/devkitarm/bin/../lib/gcc/arm-none-eabi/4.7.1\libgcc.a(_arm_addsubdf3.o)
                0x02002c8c                __aeabi_drsub
                0x02002c94                __aeabi_dsub
                0x02002c94                __subdf3
                0x02002c98                __aeabi_dadd
                0x02002c98                __adddf3
                0x02002fa8                __floatunsidf
                0x02002fa8                __aeabi_ui2d
                0x02002fcc                __floatsidf
                0x02002fcc                __aeabi_i2d
                0x02002ff4                __aeabi_f2d
                0x02002ff4                __extendsfdf2
                0x02003034                __floatundidf
                0x02003034                __aeabi_ul2d
                0x02003048                __floatdidf
                0x02003048                __aeabi_l2d
 .text          0x020030a8      0x49c c:/devkitpro/devkitarm/bin/../lib/gcc/arm-none-eabi/4.7.1\libgcc.a(_arm_muldivdf3.o)
                0x020030a8                __aeabi_dmul
                0x020030a8                __muldf3
                0x02003338                __divdf3
                0x02003338                __aeabi_ddiv
 .text          0x02003544       0xa0 c:/devkitpro/devkitarm/bin/../lib/gcc/arm-none-eabi/4.7.1\libgcc.a(_arm_truncdfsf2.o)
                0x02003544                __truncdfsf2
                0x02003544                __aeabi_d2f
 .text          0x020035e4      0x2ac c:/devkitpro/devkitarm/bin/../lib/gcc/arm-none-eabi/4.7.1\libgcc.a(_arm_addsubsf3.o)
                0x020035e4                __aeabi_frsub
                0x020035ec                __subsf3
                0x020035ec                __aeabi_fsub
                0x020035f0                __aeabi_fadd
                0x020035f0                __addsf3
                0x020037ac                __aeabi_ui2f
                0x020037ac                __floatunsisf
                0x020037b4                __aeabi_i2f
                0x020037b4                __floatsisf
                0x020037d4                __aeabi_ul2f
                0x020037d4                __floatundisf
                0x020037e4                __aeabi_l2f
                0x020037e4                __floatdisf
 .text          0x02003890      0x2f8 c:/devkitpro/devkitarm/bin/../lib/gcc/arm-none-eabi/4.7.1\libgcc.a(_arm_muldivsf3.o)
                0x02003890                __mulsf3
                0x02003890                __aeabi_fmul
                0x02003a28                __aeabi_fdiv
                0x02003a28                __divsf3
 .text          0x02003b88      0x114 c:/devkitpro/devkitarm/bin/../lib/gcc/arm-none-eabi/4.7.1\libgcc.a(_arm_cmpsf2.o)
                0x02003b88                __gesf2
                0x02003b88                __gtsf2
                0x02003b90                __lesf2
                0x02003b90                __ltsf2
                0x02003b98                __nesf2
                0x02003b98                __eqsf2
                0x02003b98                __cmpsf2
                0x02003bfc                __aeabi_cfrcmple
                0x02003c0c                __aeabi_cfcmpeq
                0x02003c0c                __aeabi_cfcmple
                0x02003c24                __aeabi_fcmpeq
                0x02003c3c                __aeabi_fcmplt
                0x02003c54                __aeabi_fcmple
                0x02003c6c                __aeabi_fcmpge
                0x02003c84                __aeabi_fcmpgt
 .text          0x02003c9c       0x54 c:/devkitpro/devkitarm/bin/../lib/gcc/arm-none-eabi/4.7.1\libgcc.a(_arm_fixunssfsi.o)
                0x02003c9c                __fixunssfsi
                0x02003c9c                __aeabi_f2uiz
 .text          0x02003cf0       0x80 c:/devkitpro/devkitarm/bin/../lib/gcc/arm-none-eabi/4.7.1/../../../../arm-none-eabi/lib\libg.a(lib_a-bsearch.o)
                0x02003cf0                bsearch
 .text          0x02003d70        0x0 c:/devkitpro/devkitarm/bin/../lib/gcc/arm-none-eabi/4.7.1/../../../../arm-none-eabi/lib\libg.a(lib_a-impure.o)
 .text          0x02003d70       0x88 c:/devkitpro/devkitarm/bin/../lib/gcc/arm-none-eabi/4.7.1/../../../../arm-none-eabi/lib\libg.a(lib_a-init.o)
                0x02003d70                __libc_init_array
 .text          0x02003df8       0x74 c:/devkitpro/devkitarm/bin/../lib/gcc/arm-none-eabi/4.7.1/../../../../arm-none-eabi/lib\libg.a(lib_a-iprintf.o)
                0x02003df8                iprintf
                0x02003e38                _iprintf_r
 .text          0x02003e6c       0xf4 c:/devkitpro/devkitarm/bin/../lib/gcc/arm-none-eabi/4.7.1/../../../../arm-none-eabi/lib\libg.a(lib_a-memcpy-stub.o)
                0x02003e6c                memcpy
 .text          0x02003f60       0x74 c:/devkitpro/devkitarm/bin/../lib/gcc/arm-none-eabi/4.7.1/../../../../arm-none-eabi/lib\libg.a(lib_a-printf.o)
                0x02003f60                _printf_r
                0x02003f94                printf
 .text          0x02003fd4       0xb8 c:/devkitpro/devkitarm/bin/../lib/gcc/arm-none-eabi/4.7.1/../../../../arm-none-eabi/lib\libg.a(lib_a-puts.o)
                0x02003fd4                _puts_r
                0x02004078                puts
 .text          0x0200408c      0x178 c:/devkitpro/devkitarm/bin/../lib/gcc/arm-none-eabi/4.7.1/../../../../arm-none-eabi/lib\libg.a(lib_a-setvbuf.o)
                0x0200408c                setvbuf
 .text          0x02004204      0x100 c:/devkitpro/devkitarm/bin/../lib/gcc/arm-none-eabi/4.7.1/../../../../arm-none-eabi/lib\libg.a(lib_a-siscanf.o)
                0x02004204                siscanf
                0x02004284                _siscanf_r
 .text          0x02004304       0xdc c:/devkitpro/devkitarm/bin/../lib/gcc/arm-none-eabi/4.7.1/../../../../arm-none-eabi/lib\libg.a(lib_a-stdio.o)
                0x02004304                __sread
                0x02004338                __seofread
                0x02004340                __swrite
                0x02004398                __sseek
                0x020043cc                __sclose
 .text          0x020043e0       0x60 c:/devkitpro/devkitarm/bin/../lib/gcc/arm-none-eabi/4.7.1/../../../../arm-none-eabi/lib\libg.a(lib_a-strlen.o)
                0x020043e0                strlen
 .text          0x02004440     0x1254 c:/devkitpro/devkitarm/bin/../lib/gcc/arm-none-eabi/4.7.1/../../../../arm-none-eabi/lib\libg.a(lib_a-svfiscanf.o)
                0x02004440                _sungetc_r
                0x02004528                __ssrefill_r
                0x02004594                _sfread_r
                0x02004654                __ssvfiscanf_r
 .text          0x02005694      0x240 c:/devkitpro/devkitarm/bin/../lib/gcc/arm-none-eabi/4.7.1/../../../../arm-none-eabi/lib\libg.a(lib_a-ungetc.o)
                0x02005694                __submore
                0x02005740                _ungetc_r
                0x020058b8                ungetc
 .text          0x020058d4     0x15d8 c:/devkitpro/devkitarm/bin/../lib/gcc/arm-none-eabi/4.7.1/../../../../arm-none-eabi/lib\libg.a(lib_a-vfiprintf.o)
                0x020058d4                __sprint_r
                0x02005994                _vfiprintf_r
                0x02006e80                vfiprintf
 .text          0x02006eac     0x2458 c:/devkitpro/devkitarm/bin/../lib/gcc/arm-none-eabi/4.7.1/../../../../arm-none-eabi/lib\libg.a(lib_a-vfprintf.o)
                0x02006eac                _vfprintf_r
                0x020092d8                vfprintf
 .text          0x02009304      0x13c c:/devkitpro/devkitarm/bin/../lib/gcc/arm-none-eabi/4.7.1/../../../../arm-none-eabi/lib\libg.a(lib_a-wcrtomb.o)
                0x02009304                _wcrtomb_r
                0x0200939c                wcrtomb
 .text          0x02009440       0x68 c:/devkitpro/devkitarm/bin/../lib/gcc/arm-none-eabi/4.7.1/../../../../arm-none-eabi/lib\libg.a(lib_a-wcsrtombs.o)
                0x02009440                _wcsrtombs_r
                0x02009468                wcsrtombs
 .text          0x020094a8      0x38c c:/devkitpro/devkitarm/bin/../lib/gcc/arm-none-eabi/4.7.1/../../../../arm-none-eabi/lib\libg.a(lib_a-wctomb_r.o)
                0x020094a8                __utf8_wctomb
                0x0200959c                _wctomb_r
                0x020095ec                __ascii_wctomb
                0x02009618                __sjis_wctomb
                0x020096a0                __eucjp_wctomb
                0x02009760                __jis_wctomb
 .text          0x02009834      0x15c c:/devkitpro/devkitarm/bin/../lib/gcc/arm-none-eabi/4.7.1/../../../../arm-none-eabi/lib\libg.a(lib_a-wsetup.o)
                0x02009834                __swsetup_r
 .text          0x02009990       0x18 c:/devkitpro/devkitarm/bin/../lib/gcc/arm-none-eabi/4.7.1/../../../../arm-none-eabi/lib\libg.a(lib_a-ctype_.o)
                0x02009990                __set_ctype
 .text          0x020099a8     0x1888 c:/devkitpro/devkitarm/bin/../lib/gcc/arm-none-eabi/4.7.1/../../../../arm-none-eabi/lib\libg.a(lib_a-dtoa.o)
                0x02009b88                _dtoa_r
 .text          0x0200b230      0x2c4 c:/devkitpro/devkitarm/bin/../lib/gcc/arm-none-eabi/4.7.1/../../../../arm-none-eabi/lib\libg.a(lib_a-fflush.o)
                0x0200b230                __sflush_r
                0x0200b460                _fflush_r
                0x0200b4b4                fflush
 .text          0x0200b4f4      0x2c4 c:/devkitpro/devkitarm/bin/../lib/gcc/arm-none-eabi/4.7.1/../../../../arm-none-eabi/lib\libg.a(lib_a-findfp.o)
                0x0200b504                _cleanup_r
                0x0200b598                __sfmoreglue
                0x0200b5e0                _cleanup
                0x0200b5f0                __sinit
                0x0200b668                __sfp
                0x0200b760                __sfp_lock_acquire
                0x0200b764                __sfp_lock_release
                0x0200b768                __sinit_lock_acquire
                0x0200b76c                __sinit_lock_release
                0x0200b770                __fp_lock_all
                0x0200b794                __fp_unlock_all
 .text          0x0200b7b8      0x19c c:/devkitpro/devkitarm/bin/../lib/gcc/arm-none-eabi/4.7.1/../../../../arm-none-eabi/lib\libg.a(lib_a-fputwc.o)
                0x0200b7b8                _fputwc_r
                0x0200b908                fputwc
 .text          0x0200b954      0x368 c:/devkitpro/devkitarm/bin/../lib/gcc/arm-none-eabi/4.7.1/../../../../arm-none-eabi/lib\libg.a(lib_a-freer.o)
                0x0200b954                _malloc_trim_r
                0x0200ba50                _free_r
 .text          0x0200bcbc      0x4b8 c:/devkitpro/devkitarm/bin/../lib/gcc/arm-none-eabi/4.7.1/../../../../arm-none-eabi/lib\libg.a(lib_a-fvwrite.o)
                0x0200bcbc                __sfvwrite_r
 .text          0x0200c174      0x110 c:/devkitpro/devkitarm/bin/../lib/gcc/arm-none-eabi/4.7.1/../../../../arm-none-eabi/lib\libg.a(lib_a-fwalk.o)
                0x0200c174                _fwalk
                0x0200c1f8                _fwalk_reent
 .text          0x0200c284       0x78 c:/devkitpro/devkitarm/bin/../lib/gcc/arm-none-eabi/4.7.1/../../../../arm-none-eabi/lib\libg.a(lib_a-iswspace.o)
                0x0200c284                iswspace
 .text          0x0200c2fc      0x2c8 c:/devkitpro/devkitarm/bin/../lib/gcc/arm-none-eabi/4.7.1/../../../../arm-none-eabi/lib\libg.a(lib_a-jp2uc.o)
                0x0200c53c                _jp2uc
 .text          0x0200c5c4      0xd68 c:/devkitpro/devkitarm/bin/../lib/gcc/arm-none-eabi/4.7.1/../../../../arm-none-eabi/lib\libg.a(lib_a-locale.o)
                0x0200cfc8                _setlocale_r
                0x0200d2c0                __locale_charset
                0x0200d2cc                __locale_mb_cur_max
                0x0200d2dc                __locale_msgcharset
                0x0200d2e8                __locale_cjk_lang
                0x0200d2f8                _localeconv_r
                0x0200d304                setlocale
                0x0200d320                localeconv
 .text          0x0200d32c      0x15c c:/devkitpro/devkitarm/bin/../lib/gcc/arm-none-eabi/4.7.1/../../../../arm-none-eabi/lib\libg.a(lib_a-makebuf.o)
                0x0200d32c                __smakebuf_r
 .text          0x0200d488       0x40 c:/devkitpro/devkitarm/bin/../lib/gcc/arm-none-eabi/4.7.1/../../../../arm-none-eabi/lib\libg.a(lib_a-malloc.o)
                0x0200d488                malloc
                0x0200d4a8                free
 .text          0x0200d4c8      0x71c c:/devkitpro/devkitarm/bin/../lib/gcc/arm-none-eabi/4.7.1/../../../../arm-none-eabi/lib\libg.a(lib_a-mallocr.o)
                0x0200d4c8                _malloc_r
 .text          0x0200dbe4      0x150 c:/devkitpro/devkitarm/bin/../lib/gcc/arm-none-eabi/4.7.1/../../../../arm-none-eabi/lib\libg.a(lib_a-mbrtowc.o)
                0x0200dbe4                _mbrtowc_r
                0x0200dc88                mbrtowc
 .text          0x0200dd34      0x728 c:/devkitpro/devkitarm/bin/../lib/gcc/arm-none-eabi/4.7.1/../../../../arm-none-eabi/lib\libg.a(lib_a-mbtowc_r.o)
                0x0200dd34                __utf8_mbtowc
                0x0200e038                _mbtowc_r
                0x0200e08c                __ascii_mbtowc
                0x0200e0d4                __sjis_mbtowc
                0x0200e1a4                __eucjp_mbtowc
                0x0200e2d0                __jis_mbtowc
 .text          0x0200e45c      0x11c c:/devkitpro/devkitarm/bin/../lib/gcc/arm-none-eabi/4.7.1/../../../../arm-none-eabi/lib\libg.a(lib_a-memchr-stub.o)
                0x0200e45c                memchr
 .text          0x0200e578      0x134 c:/devkitpro/devkitarm/bin/../lib/gcc/arm-none-eabi/4.7.1/../../../../arm-none-eabi/lib\libg.a(lib_a-memmove.o)
                0x0200e578                memmove
 .text          0x0200e6ac       0xf8 c:/devkitpro/devkitarm/bin/../lib/gcc/arm-none-eabi/4.7.1/../../../../arm-none-eabi/lib\libg.a(lib_a-memset.o)
                0x0200e6ac                memset
 .text          0x0200e7a4        0x8 c:/devkitpro/devkitarm/bin/../lib/gcc/arm-none-eabi/4.7.1/../../../../arm-none-eabi/lib\libg.a(lib_a-mlock.o)
                0x0200e7a4                __malloc_lock
                0x0200e7a8                __malloc_unlock
 .text          0x0200e7ac      0xd20 c:/devkitpro/devkitarm/bin/../lib/gcc/arm-none-eabi/4.7.1/../../../../arm-none-eabi/lib\libg.a(lib_a-mprec.o)
                0x0200e7ac                _Balloc
                0x0200e838                _Bfree
                0x0200e854                __multadd
                0x0200e930                __s2b
                0x0200ea20                __hi0bits
                0x0200ea70                __lo0bits
                0x0200eb04                __i2b
                0x0200eb28                __multiply
                0x0200ed0c                __pow5mult
                0x0200ee00                __lshift
                0x0200ef04                __mcmp
                0x0200ef68                __mdiff
                0x0200f0b4                __ulp
                0x0200f118                __b2d
                0x0200f1e4                __d2b
                0x0200f2ec                __ratio
                0x0200f37c                _mprec_log10
                0x0200f3d0                __copybits
                0x0200f444                __any_on
 .text          0x0200f4cc      0x574 c:/devkitpro/devkitarm/bin/../lib/gcc/arm-none-eabi/4.7.1/../../../../arm-none-eabi/lib\libg.a(lib_a-reallocr.o)
                0x0200f4cc                _realloc_r
 .text          0x0200fa40       0xcc c:/devkitpro/devkitarm/bin/../lib/gcc/arm-none-eabi/4.7.1/../../../../arm-none-eabi/lib\libg.a(lib_a-sccl.o)
                0x0200fa40                __sccl
 .text          0x0200fb0c       0x6c c:/devkitpro/devkitarm/bin/../lib/gcc/arm-none-eabi/4.7.1/../../../../arm-none-eabi/lib\libg.a(lib_a-s_fpclassify.o)
                0x0200fb0c                __fpclassifyd
 .text          0x0200fb78       0x5c c:/devkitpro/devkitarm/bin/../lib/gcc/arm-none-eabi/4.7.1/../../../../arm-none-eabi/lib\libg.a(lib_a-strcasecmp.o)
                0x0200fb78                strcasecmp
 .text          0x0200fbd4       0xa0 c:/devkitpro/devkitarm/bin/../lib/gcc/arm-none-eabi/4.7.1/../../../../arm-none-eabi/lib\libg.a(lib_a-strcat.o)
                0x0200fbd4                strcat
 .text          0x0200fc74      0x1dc c:/devkitpro/devkitarm/bin/../lib/gcc/arm-none-eabi/4.7.1/../../../../arm-none-eabi/lib\libg.a(lib_a-strchr.o)
                0x0200fc74                strchr
 .text          0x0200fe50      0x230 c:/devkitpro/devkitarm/bin/../lib/gcc/arm-none-eabi/4.7.1/../../../../arm-none-eabi/lib\libg.a(lib_a-strcmp.o)
                0x0200fe50                strcmp
 .text          0x02010080       0xf0 c:/devkitpro/devkitarm/bin/../lib/gcc/arm-none-eabi/4.7.1/../../../../arm-none-eabi/lib\libg.a(lib_a-strcpy.o)
                0x02010080                strcpy
 .text          0x02010170       0x84 c:/devkitpro/devkitarm/bin/../lib/gcc/arm-none-eabi/4.7.1/../../../../arm-none-eabi/lib\libg.a(lib_a-strlcpy.o)
                0x02010170                strlcpy
 .text          0x020101f4       0x78 c:/devkitpro/devkitarm/bin/../lib/gcc/arm-none-eabi/4.7.1/../../../../arm-none-eabi/lib\libg.a(lib_a-strncasecmp.o)
                0x020101f4                strncasecmp
 .text          0x0201026c      0x140 c:/devkitpro/devkitarm/bin/../lib/gcc/arm-none-eabi/4.7.1/../../../../arm-none-eabi/lib\libg.a(lib_a-strncmp.o)
                0x0201026c                strncmp
 .text          0x020103ac       0xc8 c:/devkitpro/devkitarm/bin/../lib/gcc/arm-none-eabi/4.7.1/../../../../arm-none-eabi/lib\libg.a(lib_a-strncpy.o)
                0x020103ac                strncpy
 .text          0x02010474      0x2b4 c:/devkitpro/devkitarm/bin/../lib/gcc/arm-none-eabi/4.7.1/../../../../arm-none-eabi/lib\libg.a(lib_a-strtoll_r.o)
                0x02010474                _strtoll_r
 .text          0x02010728      0x1f8 c:/devkitpro/devkitarm/bin/../lib/gcc/arm-none-eabi/4.7.1/../../../../arm-none-eabi/lib\libg.a(lib_a-strtol.o)
                0x02010728                _strtol_r
                0x020108f4                strtol
 .text          0x02010920      0x2b8 c:/devkitpro/devkitarm/bin/../lib/gcc/arm-none-eabi/4.7.1/../../../../arm-none-eabi/lib\libg.a(lib_a-strtoull_r.o)
                0x02010920                _strtoull_r
 .text          0x02010bd8      0x20c c:/devkitpro/devkitarm/bin/../lib/gcc/arm-none-eabi/4.7.1/../../../../arm-none-eabi/lib\libg.a(lib_a-strtoul.o)
                0x02010bd8                _strtoul_r
                0x02010db8                strtoul
 .text          0x02010de4      0x134 c:/devkitpro/devkitarm/bin/../lib/gcc/arm-none-eabi/4.7.1/../../../../arm-none-eabi/lib\libg.a(lib_a-wbuf.o)
                0x02010de4                __swbuf_r
                0x02010efc                __swbuf
 .text          0x02010f18      0x1e4 c:/devkitpro/devkitarm/bin/../lib/gcc/arm-none-eabi/4.7.1/../../../../arm-none-eabi/lib\libg.a(lib_a-wcsnrtombs.o)
                0x02010f18                _wcsnrtombs_r
                0x020110b0                wcsnrtombs
 .text          0x020110fc       0x94 c:/devkitpro/devkitarm/bin/../lib/gcc/arm-none-eabi/4.7.1/../../../../arm-none-eabi/lib\libg.a(lib_a-callocr.o)
                0x020110fc                _calloc_r
 .text          0x02011190      0x100 c:/devkitpro/devkitarm/bin/../lib/gcc/arm-none-eabi/4.7.1/../../../../arm-none-eabi/lib\libg.a(lib_a-fclose.o)
                0x02011190                _fclose_r
                0x0201127c                fclose
 .text          0x02011290       0xf0 c:/devkitpro/devkitarm/bin/../lib/gcc/arm-none-eabi/4.7.1/../../../../arm-none-eabi/lib\libg.a(lib_a-getenv_r.o)
                0x02011290                _findenv_r
                0x02011364                _getenv_r
 .text          0x02011380        0x0 c:/devkitpro/devkitarm/bin/../lib/gcc/arm-none-eabi/4.7.1/../../../../arm-none-eabi/lib\libg.a(lib_a-environ.o)
 .text          0x02011380        0x8 c:/devkitpro/devkitarm/bin/../lib/gcc/arm-none-eabi/4.7.1/../../../../arm-none-eabi/lib\libg.a(lib_a-envlock.o)
                0x02011380                __env_lock
                0x02011384                __env_unlock
 .text          0x02011388      0x1b4 c:/devkitpro/devkitarm/bin/../lib/gcc/arm-none-eabi/4.7.1/../../../../arm-none-eabi/lib\libsysbase.a(iosupport.o)
                0x02011388                setDefaultDevice
                0x020113a0                FindDevice
                0x0201144c                RemoveDevice
                0x0201147c                AddDevice
                0x02011514                GetDeviceOpTab
 .text          0x0201153c       0x74 c:/devkitpro/devkitarm/bin/../lib/gcc/arm-none-eabi/4.7.1/../../../../arm-none-eabi/lib\libsysbase.a(close.o)
                0x0201153c                _close_r
 .text          0x020115b0       0x88 c:/devkitpro/devkitarm/bin/../lib/gcc/arm-none-eabi/4.7.1/../../../../arm-none-eabi/lib\libsysbase.a(fstat.o)
                0x020115b0                _fstat_r
 .text          0x02011638        0x8 c:/devkitpro/devkitarm/bin/../lib/gcc/arm-none-eabi/4.7.1/../../../../arm-none-eabi/lib\libsysbase.a(isatty.o)
                0x02011638                _isatty_r
 .text          0x02011640       0x88 c:/devkitpro/devkitarm/bin/../lib/gcc/arm-none-eabi/4.7.1/../../../../arm-none-eabi/lib\libsysbase.a(lseek.o)
                0x02011640                _lseek_r
 .text          0x020116c8       0x88 c:/devkitpro/devkitarm/bin/../lib/gcc/arm-none-eabi/4.7.1/../../../../arm-none-eabi/lib\libsysbase.a(read.o)
                0x020116c8                _read_r
 .text          0x02011750       0x74 c:/devkitpro/devkitarm/bin/../lib/gcc/arm-none-eabi/4.7.1/../../../../arm-none-eabi/lib\libsysbase.a(sbrk.o)
                0x02011750                _sbrk_r
 .text          0x020117c4       0x64 c:/devkitpro/devkitarm/bin/../lib/gcc/arm-none-eabi/4.7.1/../../../../arm-none-eabi/lib\libsysbase.a(times.o)
                0x020117c4                _times
                0x020117e0                _times_r
                0x020117e8                _gettimeofday_r
 .text          0x02011828       0x8c c:/devkitpro/devkitarm/bin/../lib/gcc/arm-none-eabi/4.7.1/../../../../arm-none-eabi/lib\libsysbase.a(write.o)
                0x02011828                _write_r
 .text          0x020118b4        0x0 c:/devkitpro/devkitarm/bin/../lib/gcc/arm-none-eabi/4.7.1/../../../../arm-none-eabi/lib\libsysbase.a(malloc_vars.o)
 .text          0x020118b4       0x94 c:/devkitpro/devkitarm/bin/../lib/gcc/arm-none-eabi/4.7.1/../../../../arm-none-eabi/lib\libsysbase.a(build_argv.o)
                0x020118b4                build_argv
 .text          0x02011948        0x0 c:/devkitpro/devkitarm/bin/../lib/gcc/arm-none-eabi/4.7.1/../../../../arm-none-eabi/lib\libsysbase.a(syscall_support.o)
 .text          0x02011948       0xac c:/devkitpro/devkitarm/bin/../lib/gcc/arm-none-eabi/4.7.1/../../../../arm-none-eabi/lib\libsysbase.a(handle_manager.o)
                0x02011948                __release_handle
                0x02011980                __alloc_handle
                0x020119d8                __get_handle
 .text          0x020119f4      0x144 c:/devkitpro/devkitarm/bin/../lib/gcc/arm-none-eabi/4.7.1\libgcc.a(_arm_cmpdf2.o)
                0x020119f4                __gtdf2
                0x020119f4                __gedf2
                0x020119fc                __ltdf2
                0x020119fc                __ledf2
                0x02011a04                __nedf2
                0x02011a04                __eqdf2
                0x02011a04                __cmpdf2
                0x02011a8c                __aeabi_cdrcmple
                0x02011aa8                __aeabi_cdcmpeq
                0x02011aa8                __aeabi_cdcmple
                0x02011ac0                __aeabi_dcmpeq
                0x02011ad8                __aeabi_dcmplt
                0x02011af0                __aeabi_dcmple
                0x02011b08                __aeabi_dcmpge
                0x02011b20                __aeabi_dcmpgt
 .text          0x02011b38       0x5c c:/devkitpro/devkitarm/bin/../lib/gcc/arm-none-eabi/4.7.1\libgcc.a(_arm_fixdfsi.o)
                0x02011b38                __aeabi_d2iz
                0x02011b38                __fixdfsi
 .text          0x02011b94       0x3c c:/devkitpro/devkitarm/bin/../lib/gcc/arm-none-eabi/4.7.1\libgcc.a(_aeabi_uldivmod.o)
                0x02011b94                __aeabi_uldivmod
 .text          0x02011bd0       0x84 c:/devkitpro/devkitarm/bin/../lib/gcc/arm-none-eabi/4.7.1\libgcc.a(bpabi.o)
                0x02011bd0                __gnu_ldivmod_helper
                0x02011c14                __gnu_uldivmod_helper
 .text          0x02011c54      0x4f0 c:/devkitpro/devkitarm/bin/../lib/gcc/arm-none-eabi/4.7.1\libgcc.a(_divdi3.o)
                0x02011c54                __divdi3
 .text          0x02012144      0x488 c:/devkitpro/devkitarm/bin/../lib/gcc/arm-none-eabi/4.7.1\libgcc.a(_udivdi3.o)
                0x02012144                __udivdi3
 .text          0x020125cc       0x48 c:/devkitpro/devkitarm/bin/../lib/gcc/arm-none-eabi/4.7.1\libgcc.a(_clzsi2.o)
                0x020125cc                __clzsi2
 .text          0x02012614       0x10 c:/devkitpro/devkitarm/bin/../lib/gcc/arm-none-eabi/4.7.1/../../../../arm-none-eabi/lib\libg.a(lib_a-errno.o)
                0x02012614                __errno
 .text          0x02012624        0x0 c:/devkitpro/devkitarm/bin/../lib/gcc/arm-none-eabi/4.7.1/crtend.o
 .text          0x02012624        0x0 c:/devkitpro/devkitarm/bin/../lib/gcc/arm-none-eabi/4.7.1/crtn.o
 *(.text.*)
 .text.startup  0x02012624      0x520 vitijumps.o
                0x02012624                main
 *fill*         0x02012b44        0x4 ff
 .text.startup.stub
                0x02012b48       0x64 linker stubs
 *(.stub)
 *(.gnu.warning)
 *(.gnu.linkonce.t*)
 *(.glue_7)
 .glue_7        0x00000000        0x0 linker stubs
 *(.glue_7t)
 .glue_7t       0x00000000        0x0 linker stubs
                0x02012bac                . = ALIGN (0x4)

.vfp11_veneer   0x02012bb8        0x0
 .vfp11_veneer  0x00000000        0x0 linker stubs

.v4_bx          0x02012bb8        0x0
 .v4_bx         0x00000000        0x0 linker stubs

.iplt           0x02012bb8        0x0
 .iplt          0x00000000        0x0 c:/devkitpro/devkitarm/bin/../lib/gcc/arm-none-eabi/4.7.1/../../../../arm-none-eabi/lib/ds_arm9_crt0.o

.fini           0x02012bb8       0x18
 *(.fini)
 .fini          0x02012bb8        0xc c:/devkitpro/devkitarm/bin/../lib/gcc/arm-none-eabi/4.7.1/crti.o
                0x02012bb8                _fini
 .fini          0x02012bc4        0xc c:/devkitpro/devkitarm/bin/../lib/gcc/arm-none-eabi/4.7.1/crtn.o
                0x02012bd0                __text_end = .

.rodata         0x02012bd0     0x602c
 *(.rodata)
 .rodata        0x02012bd0       0x1c vitijumps.o
 .rodata        0x02012bec      0x200 c:/devkitPro/libnds/lib\libnds9.a(console.o)
 .rodata        0x02012dec     0x2004 c:/devkitPro/libnds/lib\libnds9.a(default_font.bin.o)
                0x02012dec                default_font_bin
                0x02014dec                default_font_bin_size
                0x02014dec                default_font_bin_end
 .rodata        0x02014df0      0x308 c:/devkitPro/libnds/lib\libnds9.a(trig.o)
                0x02014df0                SIN_LUT
                0x02014ef4                TAN_LUT
 .rodata        0x020150f8        0x4 c:/devkitpro/devkitarm/bin/../lib/gcc/arm-none-eabi/4.7.1/../../../../arm-none-eabi/lib\libg.a(lib_a-impure.o)
                0x020150f8                _global_impure_ptr
 .rodata        0x020150fc       0x24 c:/devkitpro/devkitarm/bin/../lib/gcc/arm-none-eabi/4.7.1/../../../../arm-none-eabi/lib\libg.a(lib_a-svfiscanf.o)
 .rodata        0x02015120       0x20 c:/devkitpro/devkitarm/bin/../lib/gcc/arm-none-eabi/4.7.1/../../../../arm-none-eabi/lib\libg.a(lib_a-vfiprintf.o)
 .rodata        0x02015140       0x20 c:/devkitpro/devkitarm/bin/../lib/gcc/arm-none-eabi/4.7.1/../../../../arm-none-eabi/lib\libg.a(lib_a-vfprintf.o)
 .rodata        0x02015160      0x104 c:/devkitpro/devkitarm/bin/../lib/gcc/arm-none-eabi/4.7.1/../../../../arm-none-eabi/lib\libg.a(lib_a-ctype_.o)
                0x02015160                _ctype_
 .rodata        0x02015264     0x34d0 c:/devkitpro/devkitarm/bin/../lib/gcc/arm-none-eabi/4.7.1/../../../../arm-none-eabi/lib\libg.a(lib_a-jp2uc.o)
 .rodata        0x02018734       0x1c c:/devkitpro/devkitarm/bin/../lib/gcc/arm-none-eabi/4.7.1/../../../../arm-none-eabi/lib\libg.a(lib_a-locale.o)
 .rodata        0x02018750       0x90 c:/devkitpro/devkitarm/bin/../lib/gcc/arm-none-eabi/4.7.1/../../../../arm-none-eabi/lib\libg.a(lib_a-mbtowc_r.o)
 .rodata        0x020187e0      0x128 c:/devkitpro/devkitarm/bin/../lib/gcc/arm-none-eabi/4.7.1/../../../../arm-none-eabi/lib\libg.a(lib_a-mprec.o)
                0x020187f0                __mprec_tens
                0x020188b8                __mprec_tinytens
                0x020188e0                __mprec_bigtens
 .rodata        0x02018908       0x64 c:/devkitpro/devkitarm/bin/../lib/gcc/arm-none-eabi/4.7.1/../../../../arm-none-eabi/lib\libsysbase.a(iosupport.o)
                0x02018908                dotab_stdnull
 *all.rodata*(*)
 *(.roda)
 *(.rodata.*)
 .rodata.str1.4
                0x0201896c       0xbc vitijumps.o
 .rodata.str1.4
                0x02018a28       0x49 c:/devkitPro/libnds/lib\libnds9.a(console.o)
                                 0x4c (size before relaxing)
 *fill*         0x02018a71        0x3 ff
 .rodata.str1.4
                0x02018a74        0x2 c:/devkitpro/devkitarm/bin/../lib/gcc/arm-none-eabi/4.7.1/../../../../arm-none-eabi/lib\libg.a(lib_a-impure.o)
                                  0x4 (size before relaxing)
 .rodata.str1.4
                0x00000000        0x2 c:/devkitpro/devkitarm/bin/../lib/gcc/arm-none-eabi/4.7.1/../../../../arm-none-eabi/lib\libg.a(lib_a-puts.o)
                                  0x4 (size before relaxing)
 *fill*         0x02018a76        0x2 ff
 .rodata.str1.4
                0x02018a78       0x2f c:/devkitpro/devkitarm/bin/../lib/gcc/arm-none-eabi/4.7.1/../../../../arm-none-eabi/lib\libg.a(lib_a-vfiprintf.o)
                                 0x30 (size before relaxing)
 *fill*         0x02018aa7        0x1 ff
 .rodata.str1.4
                0x02018aa8       0x12 c:/devkitpro/devkitarm/bin/../lib/gcc/arm-none-eabi/4.7.1/../../../../arm-none-eabi/lib\libg.a(lib_a-vfprintf.o)
                                 0x44 (size before relaxing)
 *fill*         0x02018aba        0x2 ff
 .rodata.str1.4
                0x02018abc       0x10 c:/devkitpro/devkitarm/bin/../lib/gcc/arm-none-eabi/4.7.1/../../../../arm-none-eabi/lib\libg.a(lib_a-dtoa.o)
                                 0x14 (size before relaxing)
 .rodata.str1.4
                0x02018acc       0x12 c:/devkitpro/devkitarm/bin/../lib/gcc/arm-none-eabi/4.7.1/../../../../arm-none-eabi/lib\libg.a(lib_a-jp2uc.o)
                                 0x14 (size before relaxing)
 *fill*         0x02018ade        0x2 ff
 .rodata.str1.4
                0x02018ae0      0x112 c:/devkitpro/devkitarm/bin/../lib/gcc/arm-none-eabi/4.7.1/../../../../arm-none-eabi/lib\libg.a(lib_a-locale.o)
                                0x130 (size before relaxing)
 .rodata.str1.4
                0x00000000        0x4 c:/devkitpro/devkitarm/bin/../lib/gcc/arm-none-eabi/4.7.1/../../../../arm-none-eabi/lib\libg.a(lib_a-mbrtowc.o)
 *fill*         0x02018bf2        0x2 ff
 .rodata.str1.4
                0x02018bf4        0x8 c:/devkitpro/devkitarm/bin/../lib/gcc/arm-none-eabi/4.7.1/../../../../arm-none-eabi/lib\libsysbase.a(iosupport.o)
 *(.gnu.linkonce.r*)
                0x02018bfc                . = ALIGN (0x4)

.rel.dyn        0x02018bfc        0x0
 .rel.iplt      0x00000000        0x0 c:/devkitpro/devkitarm/bin/../lib/gcc/arm-none-eabi/4.7.1/../../../../arm-none-eabi/lib/ds_arm9_crt0.o

.ARM.extab
 *(.ARM.extab* .gnu.linkonce.armextab.*)
                0x02018bfc                __exidx_start = .

ARM.exidx
 *(.ARM.exidx* .gnu.linkonce.armexidx.*)
                0x02018bfc                __exidx_end = .
                0x02018bfc                . = ALIGN (0x4)
                0x02018bfc                PROVIDE (__preinit_array_start, .)

.preinit_array
 *(.preinit_array)
                0x02018bfc                PROVIDE (__preinit_array_end, .)
                0x02018bfc                PROVIDE (__init_array_start, .)

.init_array     0x02018bfc        0x4
 *(SORT(.init_array.*))
 *(.init_array)
 .init_array    0x02018bfc        0x4 c:/devkitpro/devkitarm/bin/../lib/gcc/arm-none-eabi/4.7.1/crtbegin.o
                0x02018c00                PROVIDE (__init_array_end, .)
                0x02018c00                PROVIDE (__fini_array_start, .)

.fini_array     0x02018c00        0x4
 *(.fini_array)
 .fini_array    0x02018c00        0x4 c:/devkitpro/devkitarm/bin/../lib/gcc/arm-none-eabi/4.7.1/crtbegin.o
 *(SORT(.fini_array.*))
                0x02018c04                PROVIDE (__fini_array_end, .)

.ctors          0x02018c04        0x0
 *crtbegin.o(.ctors)
 *(EXCLUDE_FILE(*crtend.o) .ctors)
 *(SORT(.ctors.*))
 *(.ctors)
                0x02018c04                . = ALIGN (0x4)

.dtors          0x02018c04        0x0
 *crtbegin.o(.dtors)
 *(EXCLUDE_FILE(*crtend.o) .dtors)
 *(SORT(.dtors.*))
 *(.dtors)
                0x02018c04                . = ALIGN (0x4)

.eh_frame       0x02018c04        0x4
 *(.eh_frame)
 .eh_frame      0x02018c04        0x0 c:/devkitpro/devkitarm/bin/../lib/gcc/arm-none-eabi/4.7.1/crtbegin.o
 .eh_frame      0x02018c04        0x4 c:/devkitpro/devkitarm/bin/../lib/gcc/arm-none-eabi/4.7.1/crtend.o
                0x02018c08                . = ALIGN (0x4)

.gcc_except_table
                0x02018c08        0x0
 *(.gcc_except_table)
                0x02018c08                . = ALIGN (0x4)

.jcr            0x02018c08        0x4
 *(.jcr)
 .jcr           0x02018c08        0x0 c:/devkitpro/devkitarm/bin/../lib/gcc/arm-none-eabi/4.7.1/crtbegin.o
 .jcr           0x02018c08        0x4 c:/devkitpro/devkitarm/bin/../lib/gcc/arm-none-eabi/4.7.1/crtend.o

.got
 *(.got.plt)
 *(.got)
 *(.rel.got)

.ewram          0x02018c0c        0x0
                0x02018c0c                __ewram_start = ABSOLUTE (.)
 *(.ewram)
 *ewram.*(.text)
                0x02018c0c                . = ALIGN (0x4)

.data           0x02018c0c      0xaec
                0x02018c0c                __data_start = ABSOLUTE (.)
 *(.data)
 .data          0x02018c0c        0x0 c:/devkitpro/devkitarm/bin/../lib/gcc/arm-none-eabi/4.7.1/../../../../arm-none-eabi/lib/ds_arm9_crt0.o
 .data          0x02018c0c        0x0 c:/devkitpro/devkitarm/bin/../lib/gcc/arm-none-eabi/4.7.1/crti.o
 .data          0x02018c0c        0x4 c:/devkitpro/devkitarm/bin/../lib/gcc/arm-none-eabi/4.7.1/crtbegin.o
                0x02018c0c                __dso_handle
 .data          0x02018c10        0x0 vitijumps.o
 .data          0x02018c10       0x64 c:/devkitPro/libnds/lib\libnds9.a(console.o)
                0x02018c10                currentConsole
                0x02018c14                defaultConsole
 .data          0x02018c74        0x0 c:/devkitPro/libnds/lib\libnds9.a(initSystem.o)
 .data          0x02018c74       0x10 c:/devkitPro/libnds/lib\libnds9.a(fifosystem.o)
                0x02018c74                fifo_buffer_free
                0x02018c78                fifo_freewords
                0x02018c7c                fifo_send_queue
                0x02018c80                fifo_receive_queue
 .data          0x02018c84        0x0 c:/devkitPro/libnds/lib\libnds9.a(interrupts.o)
 .data          0x02018c84        0x0 c:/devkitPro/libnds/lib\libnds9.a(libnds_exit.arm.o)
 .data          0x02018c84        0x0 c:/devkitPro/libnds/lib\libnds9.a(mpu_setup.o)
 .data          0x02018c84        0x0 c:/devkitPro/libnds/lib\libnds9.a(biosCalls.o)
 .data          0x02018c84        0x0 c:/devkitPro/libnds/lib\libnds9.a(debugprint.o)
 .data          0x02018c84        0x0 c:/devkitPro/libnds/lib\libnds9.a(interruptDispatcher.o)
 .data          0x02018c84        0x0 c:/devkitPro/libnds/lib\libnds9.a(swiSoftReset.o)
 .data          0x02018c84        0x0 c:/devkitPro/libnds/lib\libnds9.a(default_font.bin.o)
 .data          0x02018c84       0x60 c:/devkitPro/libnds/lib\libnds9.a(background.o)
                0x02018c84                bgScrollTable
                0x02018ca4                bgTransform
                0x02018cc4                bgControl
 .data          0x02018ce4        0x0 c:/devkitPro/libnds/lib\libnds9.a(system.o)
 .data          0x02018ce4        0x0 c:/devkitPro/libnds/lib\libnds9.a(trig.o)
 .data          0x02018ce4        0x0 c:/devkitPro/libnds/lib\libnds9.a(video.o)
 .data          0x02018ce4        0x0 c:/devkitpro/devkitarm/bin/../lib/gcc/arm-none-eabi/4.7.1\libgcc.a(_udivsi3.o)
 .data          0x02018ce4        0x0 c:/devkitpro/devkitarm/bin/../lib/gcc/arm-none-eabi/4.7.1\libgcc.a(_divsi3.o)
 .data          0x02018ce4        0x0 c:/devkitpro/devkitarm/bin/../lib/gcc/arm-none-eabi/4.7.1\libgcc.a(_dvmd_tls.o)
 .data          0x02018ce4        0x0 c:/devkitpro/devkitarm/bin/../lib/gcc/arm-none-eabi/4.7.1\libgcc.a(_arm_addsubdf3.o)
 .data          0x02018ce4        0x0 c:/devkitpro/devkitarm/bin/../lib/gcc/arm-none-eabi/4.7.1\libgcc.a(_arm_muldivdf3.o)
 .data          0x02018ce4        0x0 c:/devkitpro/devkitarm/bin/../lib/gcc/arm-none-eabi/4.7.1\libgcc.a(_arm_truncdfsf2.o)
 .data          0x02018ce4        0x0 c:/devkitpro/devkitarm/bin/../lib/gcc/arm-none-eabi/4.7.1\libgcc.a(_arm_addsubsf3.o)
 .data          0x02018ce4        0x0 c:/devkitpro/devkitarm/bin/../lib/gcc/arm-none-eabi/4.7.1\libgcc.a(_arm_muldivsf3.o)
 .data          0x02018ce4        0x0 c:/devkitpro/devkitarm/bin/../lib/gcc/arm-none-eabi/4.7.1\libgcc.a(_arm_cmpsf2.o)
 .data          0x02018ce4        0x0 c:/devkitpro/devkitarm/bin/../lib/gcc/arm-none-eabi/4.7.1\libgcc.a(_arm_fixunssfsi.o)
 .data          0x02018ce4        0x0 c:/devkitpro/devkitarm/bin/../lib/gcc/arm-none-eabi/4.7.1/../../../../arm-none-eabi/lib\libg.a(lib_a-bsearch.o)
 *fill*         0x02018ce4        0x4 ff
 .data          0x02018ce8      0x430 c:/devkitpro/devkitarm/bin/../lib/gcc/arm-none-eabi/4.7.1/../../../../arm-none-eabi/lib\libg.a(lib_a-impure.o)
                0x02018ce8                _impure_ptr
 .data          0x02019118        0x0 c:/devkitpro/devkitarm/bin/../lib/gcc/arm-none-eabi/4.7.1/../../../../arm-none-eabi/lib\libg.a(lib_a-init.o)
 .data          0x02019118        0x0 c:/devkitpro/devkitarm/bin/../lib/gcc/arm-none-eabi/4.7.1/../../../../arm-none-eabi/lib\libg.a(lib_a-iprintf.o)
 .data          0x02019118        0x0 c:/devkitpro/devkitarm/bin/../lib/gcc/arm-none-eabi/4.7.1/../../../../arm-none-eabi/lib\libg.a(lib_a-memcpy-stub.o)
 .data          0x02019118        0x0 c:/devkitpro/devkitarm/bin/../lib/gcc/arm-none-eabi/4.7.1/../../../../arm-none-eabi/lib\libg.a(lib_a-printf.o)
 .data          0x02019118        0x0 c:/devkitpro/devkitarm/bin/../lib/gcc/arm-none-eabi/4.7.1/../../../../arm-none-eabi/lib\libg.a(lib_a-puts.o)
 .data          0x02019118        0x0 c:/devkitpro/devkitarm/bin/../lib/gcc/arm-none-eabi/4.7.1/../../../../arm-none-eabi/lib\libg.a(lib_a-setvbuf.o)
 .data          0x02019118        0x0 c:/devkitpro/devkitarm/bin/../lib/gcc/arm-none-eabi/4.7.1/../../../../arm-none-eabi/lib\libg.a(lib_a-siscanf.o)
 .data          0x02019118        0x0 c:/devkitpro/devkitarm/bin/../lib/gcc/arm-none-eabi/4.7.1/../../../../arm-none-eabi/lib\libg.a(lib_a-stdio.o)
 .data          0x02019118        0x0 c:/devkitpro/devkitarm/bin/../lib/gcc/arm-none-eabi/4.7.1/../../../../arm-none-eabi/lib\libg.a(lib_a-strlen.o)
 .data          0x02019118        0x0 c:/devkitpro/devkitarm/bin/../lib/gcc/arm-none-eabi/4.7.1/../../../../arm-none-eabi/lib\libg.a(lib_a-svfiscanf.o)
 .data          0x02019118        0x0 c:/devkitpro/devkitarm/bin/../lib/gcc/arm-none-eabi/4.7.1/../../../../arm-none-eabi/lib\libg.a(lib_a-ungetc.o)
 .data          0x02019118        0x0 c:/devkitpro/devkitarm/bin/../lib/gcc/arm-none-eabi/4.7.1/../../../../arm-none-eabi/lib\libg.a(lib_a-vfiprintf.o)
 .data          0x02019118        0x0 c:/devkitpro/devkitarm/bin/../lib/gcc/arm-none-eabi/4.7.1/../../../../arm-none-eabi/lib\libg.a(lib_a-vfprintf.o)
 .data          0x02019118        0x0 c:/devkitpro/devkitarm/bin/../lib/gcc/arm-none-eabi/4.7.1/../../../../arm-none-eabi/lib\libg.a(lib_a-wcrtomb.o)
 .data          0x02019118        0x0 c:/devkitpro/devkitarm/bin/../lib/gcc/arm-none-eabi/4.7.1/../../../../arm-none-eabi/lib\libg.a(lib_a-wcsrtombs.o)
 .data          0x02019118        0x4 c:/devkitpro/devkitarm/bin/../lib/gcc/arm-none-eabi/4.7.1/../../../../arm-none-eabi/lib\libg.a(lib_a-wctomb_r.o)
                0x02019118                __wctomb
 .data          0x0201911c        0x0 c:/devkitpro/devkitarm/bin/../lib/gcc/arm-none-eabi/4.7.1/../../../../arm-none-eabi/lib\libg.a(lib_a-wsetup.o)
 .data          0x0201911c        0x4 c:/devkitpro/devkitarm/bin/../lib/gcc/arm-none-eabi/4.7.1/../../../../arm-none-eabi/lib\libg.a(lib_a-ctype_.o)
                0x0201911c                __ctype_ptr__
 .data          0x02019120        0x0 c:/devkitpro/devkitarm/bin/../lib/gcc/arm-none-eabi/4.7.1/../../../../arm-none-eabi/lib\libg.a(lib_a-dtoa.o)
 .data          0x02019120        0x0 c:/devkitpro/devkitarm/bin/../lib/gcc/arm-none-eabi/4.7.1/../../../../arm-none-eabi/lib\libg.a(lib_a-fflush.o)
 .data          0x02019120        0x0 c:/devkitpro/devkitarm/bin/../lib/gcc/arm-none-eabi/4.7.1/../../../../arm-none-eabi/lib\libg.a(lib_a-findfp.o)
 .data          0x02019120        0x0 c:/devkitpro/devkitarm/bin/../lib/gcc/arm-none-eabi/4.7.1/../../../../arm-none-eabi/lib\libg.a(lib_a-fputwc.o)
 .data          0x02019120        0x0 c:/devkitpro/devkitarm/bin/../lib/gcc/arm-none-eabi/4.7.1/../../../../arm-none-eabi/lib\libg.a(lib_a-freer.o)
 .data          0x02019120        0x0 c:/devkitpro/devkitarm/bin/../lib/gcc/arm-none-eabi/4.7.1/../../../../arm-none-eabi/lib\libg.a(lib_a-fvwrite.o)
 .data          0x02019120        0x0 c:/devkitpro/devkitarm/bin/../lib/gcc/arm-none-eabi/4.7.1/../../../../arm-none-eabi/lib\libg.a(lib_a-fwalk.o)
 .data          0x02019120        0x0 c:/devkitpro/devkitarm/bin/../lib/gcc/arm-none-eabi/4.7.1/../../../../arm-none-eabi/lib\libg.a(lib_a-iswspace.o)
 .data          0x02019120        0x0 c:/devkitpro/devkitarm/bin/../lib/gcc/arm-none-eabi/4.7.1/../../../../arm-none-eabi/lib\libg.a(lib_a-jp2uc.o)
 .data          0x02019120      0x17c c:/devkitpro/devkitarm/bin/../lib/gcc/arm-none-eabi/4.7.1/../../../../arm-none-eabi/lib\libg.a(lib_a-locale.o)
                0x02019120                __default_locale
                0x02019240                __mb_cur_max
 .data          0x0201929c        0x0 c:/devkitpro/devkitarm/bin/../lib/gcc/arm-none-eabi/4.7.1/../../../../arm-none-eabi/lib\libg.a(lib_a-makebuf.o)
 .data          0x0201929c        0x0 c:/devkitpro/devkitarm/bin/../lib/gcc/arm-none-eabi/4.7.1/../../../../arm-none-eabi/lib\libg.a(lib_a-malloc.o)
 .data          0x0201929c      0x410 c:/devkitpro/devkitarm/bin/../lib/gcc/arm-none-eabi/4.7.1/../../../../arm-none-eabi/lib\libg.a(lib_a-mallocr.o)
                0x0201929c                __malloc_av_
                0x020196a4                __malloc_sbrk_base
                0x020196a8                __malloc_trim_threshold
 .data          0x020196ac        0x0 c:/devkitpro/devkitarm/bin/../lib/gcc/arm-none-eabi/4.7.1/../../../../arm-none-eabi/lib\libg.a(lib_a-mbrtowc.o)
 .data          0x020196ac        0x4 c:/devkitpro/devkitarm/bin/../lib/gcc/arm-none-eabi/4.7.1/../../../../arm-none-eabi/lib\libg.a(lib_a-mbtowc_r.o)
                0x020196ac                __mbtowc
 .data          0x020196b0        0x0 c:/devkitpro/devkitarm/bin/../lib/gcc/arm-none-eabi/4.7.1/../../../../arm-none-eabi/lib\libg.a(lib_a-memchr-stub.o)
 .data          0x020196b0        0x0 c:/devkitpro/devkitarm/bin/../lib/gcc/arm-none-eabi/4.7.1/../../../../arm-none-eabi/lib\libg.a(lib_a-memmove.o)
 .data          0x020196b0        0x0 c:/devkitpro/devkitarm/bin/../lib/gcc/arm-none-eabi/4.7.1/../../../../arm-none-eabi/lib\libg.a(lib_a-memset.o)
 .data          0x020196b0        0x0 c:/devkitpro/devkitarm/bin/../lib/gcc/arm-none-eabi/4.7.1/../../../../arm-none-eabi/lib\libg.a(lib_a-mlock.o)
 .data          0x020196b0        0x0 c:/devkitpro/devkitarm/bin/../lib/gcc/arm-none-eabi/4.7.1/../../../../arm-none-eabi/lib\libg.a(lib_a-mprec.o)
 .data          0x020196b0        0x0 c:/devkitpro/devkitarm/bin/../lib/gcc/arm-none-eabi/4.7.1/../../../../arm-none-eabi/lib\libg.a(lib_a-reallocr.o)
 .data          0x020196b0        0x0 c:/devkitpro/devkitarm/bin/../lib/gcc/arm-none-eabi/4.7.1/../../../../arm-none-eabi/lib\libg.a(lib_a-sccl.o)
 .data          0x020196b0        0x0 c:/devkitpro/devkitarm/bin/../lib/gcc/arm-none-eabi/4.7.1/../../../../arm-none-eabi/lib\libg.a(lib_a-s_fpclassify.o)
 .data          0x020196b0        0x0 c:/devkitpro/devkitarm/bin/../lib/gcc/arm-none-eabi/4.7.1/../../../../arm-none-eabi/lib\libg.a(lib_a-strcasecmp.o)
 .data          0x020196b0        0x0 c:/devkitpro/devkitarm/bin/../lib/gcc/arm-none-eabi/4.7.1/../../../../arm-none-eabi/lib\libg.a(lib_a-strcat.o)
 .data          0x020196b0        0x0 c:/devkitpro/devkitarm/bin/../lib/gcc/arm-none-eabi/4.7.1/../../../../arm-none-eabi/lib\libg.a(lib_a-strchr.o)
 .data          0x020196b0        0x0 c:/devkitpro/devkitarm/bin/../lib/gcc/arm-none-eabi/4.7.1/../../../../arm-none-eabi/lib\libg.a(lib_a-strcmp.o)
 .data          0x020196b0        0x0 c:/devkitpro/devkitarm/bin/../lib/gcc/arm-none-eabi/4.7.1/../../../../arm-none-eabi/lib\libg.a(lib_a-strcpy.o)
 .data          0x020196b0        0x0 c:/devkitpro/devkitarm/bin/../lib/gcc/arm-none-eabi/4.7.1/../../../../arm-none-eabi/lib\libg.a(lib_a-strlcpy.o)
 .data          0x020196b0        0x0 c:/devkitpro/devkitarm/bin/../lib/gcc/arm-none-eabi/4.7.1/../../../../arm-none-eabi/lib\libg.a(lib_a-strncasecmp.o)
 .data          0x020196b0        0x0 c:/devkitpro/devkitarm/bin/../lib/gcc/arm-none-eabi/4.7.1/../../../../arm-none-eabi/lib\libg.a(lib_a-strncmp.o)
 .data          0x020196b0        0x0 c:/devkitpro/devkitarm/bin/../lib/gcc/arm-none-eabi/4.7.1/../../../../arm-none-eabi/lib\libg.a(lib_a-strncpy.o)
 .data          0x020196b0        0x0 c:/devkitpro/devkitarm/bin/../lib/gcc/arm-none-eabi/4.7.1/../../../../arm-none-eabi/lib\libg.a(lib_a-strtoll_r.o)
 .data          0x020196b0        0x0 c:/devkitpro/devkitarm/bin/../lib/gcc/arm-none-eabi/4.7.1/../../../../arm-none-eabi/lib\libg.a(lib_a-strtol.o)
 .data          0x020196b0        0x0 c:/devkitpro/devkitarm/bin/../lib/gcc/arm-none-eabi/4.7.1/../../../../arm-none-eabi/lib\libg.a(lib_a-strtoull_r.o)
 .data          0x020196b0        0x0 c:/devkitpro/devkitarm/bin/../lib/gcc/arm-none-eabi/4.7.1/../../../../arm-none-eabi/lib\libg.a(lib_a-strtoul.o)
 .data          0x020196b0        0x0 c:/devkitpro/devkitarm/bin/../lib/gcc/arm-none-eabi/4.7.1/../../../../arm-none-eabi/lib\libg.a(lib_a-wbuf.o)
 .data          0x020196b0        0x0 c:/devkitpro/devkitarm/bin/../lib/gcc/arm-none-eabi/4.7.1/../../../../arm-none-eabi/lib\libg.a(lib_a-wcsnrtombs.o)
 .data          0x020196b0        0x0 c:/devkitpro/devkitarm/bin/../lib/gcc/arm-none-eabi/4.7.1/../../../../arm-none-eabi/lib\libg.a(lib_a-callocr.o)
 .data          0x020196b0        0x0 c:/devkitpro/devkitarm/bin/../lib/gcc/arm-none-eabi/4.7.1/../../../../arm-none-eabi/lib\libg.a(lib_a-fclose.o)
 .data          0x020196b0        0x0 c:/devkitpro/devkitarm/bin/../lib/gcc/arm-none-eabi/4.7.1/../../../../arm-none-eabi/lib\libg.a(lib_a-getenv_r.o)
 .data          0x020196b0        0x4 c:/devkitpro/devkitarm/bin/../lib/gcc/arm-none-eabi/4.7.1/../../../../arm-none-eabi/lib\libg.a(lib_a-environ.o)
                0x020196b0                environ
 .data          0x020196b4        0x0 c:/devkitpro/devkitarm/bin/../lib/gcc/arm-none-eabi/4.7.1/../../../../arm-none-eabi/lib\libg.a(lib_a-envlock.o)
 .data          0x020196b4       0x44 c:/devkitpro/devkitarm/bin/../lib/gcc/arm-none-eabi/4.7.1/../../../../arm-none-eabi/lib\libsysbase.a(iosupport.o)
                0x020196b8                devoptab_list
 .data          0x020196f8        0x0 c:/devkitpro/devkitarm/bin/../lib/gcc/arm-none-eabi/4.7.1/../../../../arm-none-eabi/lib\libsysbase.a(close.o)
 .data          0x020196f8        0x0 c:/devkitpro/devkitarm/bin/../lib/gcc/arm-none-eabi/4.7.1/../../../../arm-none-eabi/lib\libsysbase.a(fstat.o)
 .data          0x020196f8        0x0 c:/devkitpro/devkitarm/bin/../lib/gcc/arm-none-eabi/4.7.1/../../../../arm-none-eabi/lib\libsysbase.a(isatty.o)
 .data          0x020196f8        0x0 c:/devkitpro/devkitarm/bin/../lib/gcc/arm-none-eabi/4.7.1/../../../../arm-none-eabi/lib\libsysbase.a(lseek.o)
 .data          0x020196f8        0x0 c:/devkitpro/devkitarm/bin/../lib/gcc/arm-none-eabi/4.7.1/../../../../arm-none-eabi/lib\libsysbase.a(read.o)
 .data          0x020196f8        0x0 c:/devkitpro/devkitarm/bin/../lib/gcc/arm-none-eabi/4.7.1/../../../../arm-none-eabi/lib\libsysbase.a(sbrk.o)
 .data          0x020196f8        0x0 c:/devkitpro/devkitarm/bin/../lib/gcc/arm-none-eabi/4.7.1/../../../../arm-none-eabi/lib\libsysbase.a(times.o)
 .data          0x020196f8        0x0 c:/devkitpro/devkitarm/bin/../lib/gcc/arm-none-eabi/4.7.1/../../../../arm-none-eabi/lib\libsysbase.a(write.o)
 .data          0x020196f8        0x0 c:/devkitpro/devkitarm/bin/../lib/gcc/arm-none-eabi/4.7.1/../../../../arm-none-eabi/lib\libsysbase.a(malloc_vars.o)
 .data          0x020196f8        0x0 c:/devkitpro/devkitarm/bin/../lib/gcc/arm-none-eabi/4.7.1/../../../../arm-none-eabi/lib\libsysbase.a(build_argv.o)
 .data          0x020196f8        0x0 c:/devkitpro/devkitarm/bin/../lib/gcc/arm-none-eabi/4.7.1/../../../../arm-none-eabi/lib\libsysbase.a(syscall_support.o)
 .data          0x020196f8        0x0 c:/devkitpro/devkitarm/bin/../lib/gcc/arm-none-eabi/4.7.1/../../../../arm-none-eabi/lib\libsysbase.a(handle_manager.o)
 .data          0x020196f8        0x0 c:/devkitpro/devkitarm/bin/../lib/gcc/arm-none-eabi/4.7.1\libgcc.a(_arm_cmpdf2.o)
 .data          0x020196f8        0x0 c:/devkitpro/devkitarm/bin/../lib/gcc/arm-none-eabi/4.7.1\libgcc.a(_arm_fixdfsi.o)
 .data          0x020196f8        0x0 c:/devkitpro/devkitarm/bin/../lib/gcc/arm-none-eabi/4.7.1\libgcc.a(_aeabi_uldivmod.o)
 .data          0x020196f8        0x0 c:/devkitpro/devkitarm/bin/../lib/gcc/arm-none-eabi/4.7.1\libgcc.a(bpabi.o)
 .data          0x020196f8        0x0 c:/devkitpro/devkitarm/bin/../lib/gcc/arm-none-eabi/4.7.1\libgcc.a(_divdi3.o)
 .data          0x020196f8        0x0 c:/devkitpro/devkitarm/bin/../lib/gcc/arm-none-eabi/4.7.1\libgcc.a(_udivdi3.o)
 .data          0x020196f8        0x0 c:/devkitpro/devkitarm/bin/../lib/gcc/arm-none-eabi/4.7.1\libgcc.a(_clzsi2.o)
 .data          0x020196f8        0x0 c:/devkitpro/devkitarm/bin/../lib/gcc/arm-none-eabi/4.7.1/../../../../arm-none-eabi/lib\libg.a(lib_a-errno.o)
 .data          0x020196f8        0x0 c:/devkitpro/devkitarm/bin/../lib/gcc/arm-none-eabi/4.7.1/crtend.o
 .data          0x020196f8        0x0 c:/devkitpro/devkitarm/bin/../lib/gcc/arm-none-eabi/4.7.1/crtn.o
 *(.data.*)
 *(.gnu.linkonce.d*)
                0x020196f8                . = ALIGN (0x4)
                0x020196f8                __data_end = ABSOLUTE (.)
                0x020196f8                __dtcm_lma = .
                0x020196f8                __bss_vma = .

.igot.plt       0x020196f8        0x0
 .igot.plt      0x00000000        0x0 c:/devkitpro/devkitarm/bin/../lib/gcc/arm-none-eabi/4.7.1/../../../../arm-none-eabi/lib/ds_arm9_crt0.o

.tm_clone_table
                0x020196f8        0x0
 .tm_clone_table
                0x020196f8        0x0 c:/devkitpro/devkitarm/bin/../lib/gcc/arm-none-eabi/4.7.1/crtbegin.o
 .tm_clone_table
                0x020196f8        0x0 c:/devkitpro/devkitarm/bin/../lib/gcc/arm-none-eabi/4.7.1/crtend.o

.dtcm           0x0b000000        0x0 load address 0x020196f8
 *(.dtcm)
 *(.dtcm.*)
                0x0b000000                . = ALIGN (0x4)
                0x0b000000                __dtcm_end = ABSOLUTE (.)
                0x020196f8                __itcm_lma = (__dtcm_lma + SIZEOF (.dtcm))

.itcm           0x01000100      0x194 load address 0x020196f8
 *(.itcm)
 .itcm          0x01000100       0xc8 c:/devkitPro/libnds/lib\libnds9.a(interrupts.o)
                0x01000100                irqTable
 .itcm          0x010001c8       0xcc c:/devkitPro/libnds/lib\libnds9.a(interruptDispatcher.o)
                0x010001c8                IntrMain
 *itcm.*(.text)
                0x01000294                . = ALIGN (0x4)
                0x01000294                __itcm_end = ABSOLUTE (.)
                0x0201988c                __vectors_lma = (__itcm_lma + SIZEOF (.itcm))

.vectors        0x01000000        0x0 load address 0x0201988c
 *(.vectors)
 *vectors.*(.text)
                0x01000000                . = ALIGN (0x4)
                0x01000000                __vectors_end = ABSOLUTE (.)

.sbss           0x0b000000        0x0
                0x0b000000                __sbss_start = ABSOLUTE (.)
                0x0b000000                __sbss_start__ = ABSOLUTE (.)
 *(.sbss)
                0x0b000000                . = ALIGN (0x4)
                0x0b000000                __sbss_end = ABSOLUTE (.)

.bss            0x020196f8     0x1f1c
                0x020196f8                __bss_start = ABSOLUTE (.)
                0x020196f8                __bss_start__ = ABSOLUTE (.)
 *(.dynbss)
 *(.gnu.linkonce.b*)
 *(.bss*)
 .bss           0x020196f8        0x0 c:/devkitpro/devkitarm/bin/../lib/gcc/arm-none-eabi/4.7.1/../../../../arm-none-eabi/lib/ds_arm9_crt0.o
 .bss           0x020196f8        0x0 c:/devkitpro/devkitarm/bin/../lib/gcc/arm-none-eabi/4.7.1/crti.o
 .bss           0x020196f8       0x1c c:/devkitpro/devkitarm/bin/../lib/gcc/arm-none-eabi/4.7.1/crtbegin.o
 .bss           0x02019714        0x4 vitijumps.o
 .bss           0x02019718        0x0 c:/devkitPro/libnds/lib\libnds9.a(console.o)
 .bss           0x02019718        0x0 c:/devkitPro/libnds/lib\libnds9.a(initSystem.o)
 .bss           0x02019718        0x8 c:/devkitPro/libnds/lib\libnds9.a(fifosystem.o)
                0x0201971c                processing
 .bss           0x02019720        0x0 c:/devkitPro/libnds/lib\libnds9.a(interrupts.o)
 .bss           0x02019720        0x0 c:/devkitPro/libnds/lib\libnds9.a(libnds_exit.arm.o)
 .bss           0x02019720        0x0 c:/devkitPro/libnds/lib\libnds9.a(mpu_setup.o)
 .bss           0x02019720        0x0 c:/devkitPro/libnds/lib\libnds9.a(biosCalls.o)
 .bss           0x02019720        0x0 c:/devkitPro/libnds/lib\libnds9.a(debugprint.o)
 .bss           0x02019720        0x0 c:/devkitPro/libnds/lib\libnds9.a(interruptDispatcher.o)
 .bss           0x02019720        0x0 c:/devkitPro/libnds/lib\libnds9.a(swiSoftReset.o)
 .bss           0x02019720        0x0 c:/devkitPro/libnds/lib\libnds9.a(default_font.bin.o)
 .bss           0x02019720        0x0 c:/devkitPro/libnds/lib\libnds9.a(background.o)
 .bss           0x02019720        0x4 c:/devkitPro/libnds/lib\libnds9.a(system.o)
 .bss           0x02019724        0x0 c:/devkitPro/libnds/lib\libnds9.a(trig.o)
 .bss           0x02019724        0x0 c:/devkitPro/libnds/lib\libnds9.a(video.o)
 .bss           0x02019724        0x0 c:/devkitpro/devkitarm/bin/../lib/gcc/arm-none-eabi/4.7.1\libgcc.a(_udivsi3.o)
 .bss           0x02019724        0x0 c:/devkitpro/devkitarm/bin/../lib/gcc/arm-none-eabi/4.7.1\libgcc.a(_divsi3.o)
 .bss           0x02019724        0x0 c:/devkitpro/devkitarm/bin/../lib/gcc/arm-none-eabi/4.7.1\libgcc.a(_dvmd_tls.o)
 .bss           0x02019724        0x0 c:/devkitpro/devkitarm/bin/../lib/gcc/arm-none-eabi/4.7.1\libgcc.a(_arm_addsubdf3.o)
 .bss           0x02019724        0x0 c:/devkitpro/devkitarm/bin/../lib/gcc/arm-none-eabi/4.7.1\libgcc.a(_arm_muldivdf3.o)
 .bss           0x02019724        0x0 c:/devkitpro/devkitarm/bin/../lib/gcc/arm-none-eabi/4.7.1\libgcc.a(_arm_truncdfsf2.o)
 .bss           0x02019724        0x0 c:/devkitpro/devkitarm/bin/../lib/gcc/arm-none-eabi/4.7.1\libgcc.a(_arm_addsubsf3.o)
 .bss           0x02019724        0x0 c:/devkitpro/devkitarm/bin/../lib/gcc/arm-none-eabi/4.7.1\libgcc.a(_arm_muldivsf3.o)
 .bss           0x02019724        0x0 c:/devkitpro/devkitarm/bin/../lib/gcc/arm-none-eabi/4.7.1\libgcc.a(_arm_cmpsf2.o)
 .bss           0x02019724        0x0 c:/devkitpro/devkitarm/bin/../lib/gcc/arm-none-eabi/4.7.1\libgcc.a(_arm_fixunssfsi.o)
 .bss           0x02019724        0x0 c:/devkitpro/devkitarm/bin/../lib/gcc/arm-none-eabi/4.7.1/../../../../arm-none-eabi/lib\libg.a(lib_a-bsearch.o)
 .bss           0x02019724        0x0 c:/devkitpro/devkitarm/bin/../lib/gcc/arm-none-eabi/4.7.1/../../../../arm-none-eabi/lib\libg.a(lib_a-impure.o)
 .bss           0x02019724        0x0 c:/devkitpro/devkitarm/bin/../lib/gcc/arm-none-eabi/4.7.1/../../../../arm-none-eabi/lib\libg.a(lib_a-init.o)
 .bss           0x02019724        0x0 c:/devkitpro/devkitarm/bin/../lib/gcc/arm-none-eabi/4.7.1/../../../../arm-none-eabi/lib\libg.a(lib_a-iprintf.o)
 .bss           0x02019724        0x0 c:/devkitpro/devkitarm/bin/../lib/gcc/arm-none-eabi/4.7.1/../../../../arm-none-eabi/lib\libg.a(lib_a-memcpy-stub.o)
 .bss           0x02019724        0x0 c:/devkitpro/devkitarm/bin/../lib/gcc/arm-none-eabi/4.7.1/../../../../arm-none-eabi/lib\libg.a(lib_a-printf.o)
 .bss           0x02019724        0x0 c:/devkitpro/devkitarm/bin/../lib/gcc/arm-none-eabi/4.7.1/../../../../arm-none-eabi/lib\libg.a(lib_a-puts.o)
 .bss           0x02019724        0x0 c:/devkitpro/devkitarm/bin/../lib/gcc/arm-none-eabi/4.7.1/../../../../arm-none-eabi/lib\libg.a(lib_a-setvbuf.o)
 .bss           0x02019724        0x0 c:/devkitpro/devkitarm/bin/../lib/gcc/arm-none-eabi/4.7.1/../../../../arm-none-eabi/lib\libg.a(lib_a-siscanf.o)
 .bss           0x02019724        0x0 c:/devkitpro/devkitarm/bin/../lib/gcc/arm-none-eabi/4.7.1/../../../../arm-none-eabi/lib\libg.a(lib_a-stdio.o)
 .bss           0x02019724        0x0 c:/devkitpro/devkitarm/bin/../lib/gcc/arm-none-eabi/4.7.1/../../../../arm-none-eabi/lib\libg.a(lib_a-strlen.o)
 .bss           0x02019724        0x0 c:/devkitpro/devkitarm/bin/../lib/gcc/arm-none-eabi/4.7.1/../../../../arm-none-eabi/lib\libg.a(lib_a-svfiscanf.o)
 .bss           0x02019724        0x0 c:/devkitpro/devkitarm/bin/../lib/gcc/arm-none-eabi/4.7.1/../../../../arm-none-eabi/lib\libg.a(lib_a-ungetc.o)
 .bss           0x02019724        0x0 c:/devkitpro/devkitarm/bin/../lib/gcc/arm-none-eabi/4.7.1/../../../../arm-none-eabi/lib\libg.a(lib_a-vfiprintf.o)
 .bss           0x02019724        0x0 c:/devkitpro/devkitarm/bin/../lib/gcc/arm-none-eabi/4.7.1/../../../../arm-none-eabi/lib\libg.a(lib_a-vfprintf.o)
 .bss           0x02019724        0x0 c:/devkitpro/devkitarm/bin/../lib/gcc/arm-none-eabi/4.7.1/../../../../arm-none-eabi/lib\libg.a(lib_a-wcrtomb.o)
 .bss           0x02019724        0x0 c:/devkitpro/devkitarm/bin/../lib/gcc/arm-none-eabi/4.7.1/../../../../arm-none-eabi/lib\libg.a(lib_a-wcsrtombs.o)
 .bss           0x02019724        0x0 c:/devkitpro/devkitarm/bin/../lib/gcc/arm-none-eabi/4.7.1/../../../../arm-none-eabi/lib\libg.a(lib_a-wctomb_r.o)
 .bss           0x02019724        0x0 c:/devkitpro/devkitarm/bin/../lib/gcc/arm-none-eabi/4.7.1/../../../../arm-none-eabi/lib\libg.a(lib_a-wsetup.o)
 .bss           0x02019724        0x0 c:/devkitpro/devkitarm/bin/../lib/gcc/arm-none-eabi/4.7.1/../../../../arm-none-eabi/lib\libg.a(lib_a-ctype_.o)
 .bss           0x02019724        0x0 c:/devkitpro/devkitarm/bin/../lib/gcc/arm-none-eabi/4.7.1/../../../../arm-none-eabi/lib\libg.a(lib_a-dtoa.o)
 .bss           0x02019724        0x0 c:/devkitpro/devkitarm/bin/../lib/gcc/arm-none-eabi/4.7.1/../../../../arm-none-eabi/lib\libg.a(lib_a-fflush.o)
 .bss           0x02019724        0x0 c:/devkitpro/devkitarm/bin/../lib/gcc/arm-none-eabi/4.7.1/../../../../arm-none-eabi/lib\libg.a(lib_a-findfp.o)
 .bss           0x02019724        0x0 c:/devkitpro/devkitarm/bin/../lib/gcc/arm-none-eabi/4.7.1/../../../../arm-none-eabi/lib\libg.a(lib_a-fputwc.o)
 .bss           0x02019724        0x0 c:/devkitpro/devkitarm/bin/../lib/gcc/arm-none-eabi/4.7.1/../../../../arm-none-eabi/lib\libg.a(lib_a-freer.o)
 .bss           0x02019724        0x0 c:/devkitpro/devkitarm/bin/../lib/gcc/arm-none-eabi/4.7.1/../../../../arm-none-eabi/lib\libg.a(lib_a-fvwrite.o)
 .bss           0x02019724        0x0 c:/devkitpro/devkitarm/bin/../lib/gcc/arm-none-eabi/4.7.1/../../../../arm-none-eabi/lib\libg.a(lib_a-fwalk.o)
 .bss           0x02019724        0x0 c:/devkitpro/devkitarm/bin/../lib/gcc/arm-none-eabi/4.7.1/../../../../arm-none-eabi/lib\libg.a(lib_a-iswspace.o)
 .bss           0x02019724        0x0 c:/devkitpro/devkitarm/bin/../lib/gcc/arm-none-eabi/4.7.1/../../../../arm-none-eabi/lib\libg.a(lib_a-jp2uc.o)
 .bss           0x02019724      0x2b8 c:/devkitpro/devkitarm/bin/../lib/gcc/arm-none-eabi/4.7.1/../../../../arm-none-eabi/lib\libg.a(lib_a-locale.o)
                0x020199d0                _PathLocale
                0x020199d4                __mlocale_changed
                0x020199d8                __nlocale_changed
 .bss           0x020199dc        0x0 c:/devkitpro/devkitarm/bin/../lib/gcc/arm-none-eabi/4.7.1/../../../../arm-none-eabi/lib\libg.a(lib_a-makebuf.o)
 .bss           0x020199dc        0x0 c:/devkitpro/devkitarm/bin/../lib/gcc/arm-none-eabi/4.7.1/../../../../arm-none-eabi/lib\libg.a(lib_a-malloc.o)
 .bss           0x020199dc       0x34 c:/devkitpro/devkitarm/bin/../lib/gcc/arm-none-eabi/4.7.1/../../../../arm-none-eabi/lib\libg.a(lib_a-mallocr.o)
                0x020199dc                __malloc_top_pad
                0x020199e0                __malloc_current_mallinfo
                0x02019a08                __malloc_max_sbrked_mem
                0x02019a0c                __malloc_max_total_mem
 .bss           0x02019a10        0x0 c:/devkitpro/devkitarm/bin/../lib/gcc/arm-none-eabi/4.7.1/../../../../arm-none-eabi/lib\libg.a(lib_a-mbrtowc.o)
 .bss           0x02019a10        0x0 c:/devkitpro/devkitarm/bin/../lib/gcc/arm-none-eabi/4.7.1/../../../../arm-none-eabi/lib\libg.a(lib_a-mbtowc_r.o)
 .bss           0x02019a10        0x0 c:/devkitpro/devkitarm/bin/../lib/gcc/arm-none-eabi/4.7.1/../../../../arm-none-eabi/lib\libg.a(lib_a-memchr-stub.o)
 .bss           0x02019a10        0x0 c:/devkitpro/devkitarm/bin/../lib/gcc/arm-none-eabi/4.7.1/../../../../arm-none-eabi/lib\libg.a(lib_a-memmove.o)
 .bss           0x02019a10        0x0 c:/devkitpro/devkitarm/bin/../lib/gcc/arm-none-eabi/4.7.1/../../../../arm-none-eabi/lib\libg.a(lib_a-memset.o)
 .bss           0x02019a10        0x0 c:/devkitpro/devkitarm/bin/../lib/gcc/arm-none-eabi/4.7.1/../../../../arm-none-eabi/lib\libg.a(lib_a-mlock.o)
 .bss           0x02019a10        0x0 c:/devkitpro/devkitarm/bin/../lib/gcc/arm-none-eabi/4.7.1/../../../../arm-none-eabi/lib\libg.a(lib_a-mprec.o)
 .bss           0x02019a10        0x0 c:/devkitpro/devkitarm/bin/../lib/gcc/arm-none-eabi/4.7.1/../../../../arm-none-eabi/lib\libg.a(lib_a-reallocr.o)
 .bss           0x02019a10        0x0 c:/devkitpro/devkitarm/bin/../lib/gcc/arm-none-eabi/4.7.1/../../../../arm-none-eabi/lib\libg.a(lib_a-sccl.o)
 .bss           0x02019a10        0x0 c:/devkitpro/devkitarm/bin/../lib/gcc/arm-none-eabi/4.7.1/../../../../arm-none-eabi/lib\libg.a(lib_a-s_fpclassify.o)
 .bss           0x02019a10        0x0 c:/devkitpro/devkitarm/bin/../lib/gcc/arm-none-eabi/4.7.1/../../../../arm-none-eabi/lib\libg.a(lib_a-strcasecmp.o)
 .bss           0x02019a10        0x0 c:/devkitpro/devkitarm/bin/../lib/gcc/arm-none-eabi/4.7.1/../../../../arm-none-eabi/lib\libg.a(lib_a-strcat.o)
 .bss           0x02019a10        0x0 c:/devkitpro/devkitarm/bin/../lib/gcc/arm-none-eabi/4.7.1/../../../../arm-none-eabi/lib\libg.a(lib_a-strchr.o)
 .bss           0x02019a10        0x0 c:/devkitpro/devkitarm/bin/../lib/gcc/arm-none-eabi/4.7.1/../../../../arm-none-eabi/lib\libg.a(lib_a-strcmp.o)
 .bss           0x02019a10        0x0 c:/devkitpro/devkitarm/bin/../lib/gcc/arm-none-eabi/4.7.1/../../../../arm-none-eabi/lib\libg.a(lib_a-strcpy.o)
 .bss           0x02019a10        0x0 c:/devkitpro/devkitarm/bin/../lib/gcc/arm-none-eabi/4.7.1/../../../../arm-none-eabi/lib\libg.a(lib_a-strlcpy.o)
 .bss           0x02019a10        0x0 c:/devkitpro/devkitarm/bin/../lib/gcc/arm-none-eabi/4.7.1/../../../../arm-none-eabi/lib\libg.a(lib_a-strncasecmp.o)
 .bss           0x02019a10        0x0 c:/devkitpro/devkitarm/bin/../lib/gcc/arm-none-eabi/4.7.1/../../../../arm-none-eabi/lib\libg.a(lib_a-strncmp.o)
 .bss           0x02019a10        0x0 c:/devkitpro/devkitarm/bin/../lib/gcc/arm-none-eabi/4.7.1/../../../../arm-none-eabi/lib\libg.a(lib_a-strncpy.o)
 .bss           0x02019a10        0x0 c:/devkitpro/devkitarm/bin/../lib/gcc/arm-none-eabi/4.7.1/../../../../arm-none-eabi/lib\libg.a(lib_a-strtoll_r.o)
 .bss           0x02019a10        0x0 c:/devkitpro/devkitarm/bin/../lib/gcc/arm-none-eabi/4.7.1/../../../../arm-none-eabi/lib\libg.a(lib_a-strtol.o)
 .bss           0x02019a10        0x0 c:/devkitpro/devkitarm/bin/../lib/gcc/arm-none-eabi/4.7.1/../../../../arm-none-eabi/lib\libg.a(lib_a-strtoull_r.o)
 .bss           0x02019a10        0x0 c:/devkitpro/devkitarm/bin/../lib/gcc/arm-none-eabi/4.7.1/../../../../arm-none-eabi/lib\libg.a(lib_a-strtoul.o)
 .bss           0x02019a10        0x0 c:/devkitpro/devkitarm/bin/../lib/gcc/arm-none-eabi/4.7.1/../../../../arm-none-eabi/lib\libg.a(lib_a-wbuf.o)
 .bss           0x02019a10        0x0 c:/devkitpro/devkitarm/bin/../lib/gcc/arm-none-eabi/4.7.1/../../../../arm-none-eabi/lib\libg.a(lib_a-wcsnrtombs.o)
 .bss           0x02019a10        0x0 c:/devkitpro/devkitarm/bin/../lib/gcc/arm-none-eabi/4.7.1/../../../../arm-none-eabi/lib\libg.a(lib_a-callocr.o)
 .bss           0x02019a10        0x0 c:/devkitpro/devkitarm/bin/../lib/gcc/arm-none-eabi/4.7.1/../../../../arm-none-eabi/lib\libg.a(lib_a-fclose.o)
 .bss           0x02019a10        0x0 c:/devkitpro/devkitarm/bin/../lib/gcc/arm-none-eabi/4.7.1/../../../../arm-none-eabi/lib\libg.a(lib_a-getenv_r.o)
 .bss           0x02019a10        0x4 c:/devkitpro/devkitarm/bin/../lib/gcc/arm-none-eabi/4.7.1/../../../../arm-none-eabi/lib\libg.a(lib_a-environ.o)
 .bss           0x02019a14        0x0 c:/devkitpro/devkitarm/bin/../lib/gcc/arm-none-eabi/4.7.1/../../../../arm-none-eabi/lib\libg.a(lib_a-envlock.o)
 .bss           0x02019a14        0x0 c:/devkitpro/devkitarm/bin/../lib/gcc/arm-none-eabi/4.7.1/../../../../arm-none-eabi/lib\libsysbase.a(iosupport.o)
 .bss           0x02019a14        0x0 c:/devkitpro/devkitarm/bin/../lib/gcc/arm-none-eabi/4.7.1/../../../../arm-none-eabi/lib\libsysbase.a(close.o)
 .bss           0x02019a14        0x0 c:/devkitpro/devkitarm/bin/../lib/gcc/arm-none-eabi/4.7.1/../../../../arm-none-eabi/lib\libsysbase.a(fstat.o)
 .bss           0x02019a14        0x0 c:/devkitpro/devkitarm/bin/../lib/gcc/arm-none-eabi/4.7.1/../../../../arm-none-eabi/lib\libsysbase.a(isatty.o)
 .bss           0x02019a14        0x0 c:/devkitpro/devkitarm/bin/../lib/gcc/arm-none-eabi/4.7.1/../../../../arm-none-eabi/lib\libsysbase.a(lseek.o)
 .bss           0x02019a14        0x0 c:/devkitpro/devkitarm/bin/../lib/gcc/arm-none-eabi/4.7.1/../../../../arm-none-eabi/lib\libsysbase.a(read.o)
 .bss           0x02019a14        0x4 c:/devkitpro/devkitarm/bin/../lib/gcc/arm-none-eabi/4.7.1/../../../../arm-none-eabi/lib\libsysbase.a(sbrk.o)
 .bss           0x02019a18        0x0 c:/devkitpro/devkitarm/bin/../lib/gcc/arm-none-eabi/4.7.1/../../../../arm-none-eabi/lib\libsysbase.a(times.o)
 .bss           0x02019a18        0x0 c:/devkitpro/devkitarm/bin/../lib/gcc/arm-none-eabi/4.7.1/../../../../arm-none-eabi/lib\libsysbase.a(write.o)
 .bss           0x02019a18        0x8 c:/devkitpro/devkitarm/bin/../lib/gcc/arm-none-eabi/4.7.1/../../../../arm-none-eabi/lib\libsysbase.a(malloc_vars.o)
                0x02019a18                fake_heap_start
                0x02019a1c                fake_heap_end
 .bss           0x02019a20        0x0 c:/devkitpro/devkitarm/bin/../lib/gcc/arm-none-eabi/4.7.1/../../../../arm-none-eabi/lib\libsysbase.a(build_argv.o)
 .bss           0x02019a20        0x8 c:/devkitpro/devkitarm/bin/../lib/gcc/arm-none-eabi/4.7.1/../../../../arm-none-eabi/lib\libsysbase.a(syscall_support.o)
                0x02019a20                __syscalls
 .bss           0x02019a28     0x1000 c:/devkitpro/devkitarm/bin/../lib/gcc/arm-none-eabi/4.7.1/../../../../arm-none-eabi/lib\libsysbase.a(handle_manager.o)
 .bss           0x0201aa28        0x0 c:/devkitpro/devkitarm/bin/../lib/gcc/arm-none-eabi/4.7.1\libgcc.a(_arm_cmpdf2.o)
 .bss           0x0201aa28        0x0 c:/devkitpro/devkitarm/bin/../lib/gcc/arm-none-eabi/4.7.1\libgcc.a(_arm_fixdfsi.o)
 .bss           0x0201aa28        0x0 c:/devkitpro/devkitarm/bin/../lib/gcc/arm-none-eabi/4.7.1\libgcc.a(_aeabi_uldivmod.o)
 .bss           0x0201aa28        0x0 c:/devkitpro/devkitarm/bin/../lib/gcc/arm-none-eabi/4.7.1\libgcc.a(bpabi.o)
 .bss           0x0201aa28        0x0 c:/devkitpro/devkitarm/bin/../lib/gcc/arm-none-eabi/4.7.1\libgcc.a(_divdi3.o)
 .bss           0x0201aa28        0x0 c:/devkitpro/devkitarm/bin/../lib/gcc/arm-none-eabi/4.7.1\libgcc.a(_udivdi3.o)
 .bss           0x0201aa28        0x0 c:/devkitpro/devkitarm/bin/../lib/gcc/arm-none-eabi/4.7.1\libgcc.a(_clzsi2.o)
 .bss           0x0201aa28        0x0 c:/devkitpro/devkitarm/bin/../lib/gcc/arm-none-eabi/4.7.1/../../../../arm-none-eabi/lib\libg.a(lib_a-errno.o)
 .bss           0x0201aa28        0x0 c:/devkitpro/devkitarm/bin/../lib/gcc/arm-none-eabi/4.7.1/crtend.o
 .bss           0x0201aa28        0x0 c:/devkitpro/devkitarm/bin/../lib/gcc/arm-none-eabi/4.7.1/crtn.o
 *(COMMON)
 COMMON         0x0201aa28       0x5c c:/devkitPro/libnds/lib\libnds9.a(console.o)
                0x0201aa28                currentCopy
 COMMON         0x0201aa84        0x1 c:/devkitPro/libnds/lib\libnds9.a(initSystem.o)
                0x0201aa84                __dsimode
 *fill*         0x0201aa85        0x3 00
 COMMON         0x0201aa88      0xa40 c:/devkitPro/libnds/lib\libnds9.a(fifosystem.o)
                0x0201aa88                fifo_datamsg_data
                0x0201aac8                fifo_buffer
                0x0201b2c8                fifo_value32_func
                0x0201b308                fifo_address_func
                0x0201b348                fifo_value32_data
                0x0201b388                fifo_value32_queue
                0x0201b3c8                fifo_data_queue
                0x0201b408                fifo_address_data
                0x0201b448                fifo_datamsg_func
                0x0201b488                fifo_address_queue
 COMMON         0x0201b4c8      0x148 c:/devkitPro/libnds/lib\libnds9.a(background.o)
                0x0201b4c8                bgState
                0x0201b608                bgIsTextLut
 COMMON         0x0201b610        0x4 c:/devkitpro/devkitarm/bin/../lib/gcc/arm-none-eabi/4.7.1/../../../../arm-none-eabi/lib\libsysbase.a(times.o)
                0x0201b610                punixTime
                0x0201b614                . = ALIGN (0x4)
                0x0201b614                __bss_end__ = ABSOLUTE (.)
                0x0201b614                __end__ = ABSOLUTE (.)

.stab
 *(.stab)

.stabstr
 *(.stabstr)

.stab.excl
 *(.stab.excl)

.stab.exclstr
 *(.stab.exclstr)

.stab.index
 *(.stab.index)

.stab.indexstr
 *(.stab.indexstr)

.comment        0x00000000       0x44
 *(.comment)
 .comment       0x00000000       0x22 c:/devkitpro/devkitarm/bin/../lib/gcc/arm-none-eabi/4.7.1/crtbegin.o
                                 0x23 (size before relaxing)
 .comment       0x00000000       0x23 vitijumps.o
 .comment       0x00000022       0x22 c:/devkitPro/libnds/lib\libnds9.a(console.o)
                                 0x23 (size before relaxing)
 .comment       0x00000000       0x23 c:/devkitPro/libnds/lib\libnds9.a(initSystem.o)
 .comment       0x00000000       0x23 c:/devkitPro/libnds/lib\libnds9.a(fifosystem.o)
 .comment       0x00000000       0x23 c:/devkitPro/libnds/lib\libnds9.a(interrupts.o)
 .comment       0x00000000       0x23 c:/devkitPro/libnds/lib\libnds9.a(libnds_exit.arm.o)
 .comment       0x00000000       0x23 c:/devkitPro/libnds/lib\libnds9.a(background.o)
 .comment       0x00000000       0x23 c:/devkitPro/libnds/lib\libnds9.a(system.o)
 .comment       0x00000000       0x23 c:/devkitPro/libnds/lib\libnds9.a(trig.o)
 .comment       0x00000000       0x23 c:/devkitPro/libnds/lib\libnds9.a(video.o)
 .comment       0x00000000       0x23 c:/devkitpro/devkitarm/bin/../lib/gcc/arm-none-eabi/4.7.1/../../../../arm-none-eabi/lib\libg.a(lib_a-bsearch.o)
 .comment       0x00000000       0x23 c:/devkitpro/devkitarm/bin/../lib/gcc/arm-none-eabi/4.7.1/../../../../arm-none-eabi/lib\libg.a(lib_a-impure.o)
 .comment       0x00000000       0x23 c:/devkitpro/devkitarm/bin/../lib/gcc/arm-none-eabi/4.7.1/../../../../arm-none-eabi/lib\libg.a(lib_a-init.o)
 .comment       0x00000000       0x23 c:/devkitpro/devkitarm/bin/../lib/gcc/arm-none-eabi/4.7.1/../../../../arm-none-eabi/lib\libg.a(lib_a-iprintf.o)
 .comment       0x00000000       0x23 c:/devkitpro/devkitarm/bin/../lib/gcc/arm-none-eabi/4.7.1/../../../../arm-none-eabi/lib\libg.a(lib_a-memcpy-stub.o)
 .comment       0x00000000       0x23 c:/devkitpro/devkitarm/bin/../lib/gcc/arm-none-eabi/4.7.1/../../../../arm-none-eabi/lib\libg.a(lib_a-printf.o)
 .comment       0x00000000       0x23 c:/devkitpro/devkitarm/bin/../lib/gcc/arm-none-eabi/4.7.1/../../../../arm-none-eabi/lib\libg.a(lib_a-puts.o)
 .comment       0x00000000       0x23 c:/devkitpro/devkitarm/bin/../lib/gcc/arm-none-eabi/4.7.1/../../../../arm-none-eabi/lib\libg.a(lib_a-setvbuf.o)
 .comment       0x00000000       0x23 c:/devkitpro/devkitarm/bin/../lib/gcc/arm-none-eabi/4.7.1/../../../../arm-none-eabi/lib\libg.a(lib_a-siscanf.o)
 .comment       0x00000000       0x23 c:/devkitpro/devkitarm/bin/../lib/gcc/arm-none-eabi/4.7.1/../../../../arm-none-eabi/lib\libg.a(lib_a-stdio.o)
 .comment       0x00000000       0x23 c:/devkitpro/devkitarm/bin/../lib/gcc/arm-none-eabi/4.7.1/../../../../arm-none-eabi/lib\libg.a(lib_a-strlen.o)
 .comment       0x00000000       0x23 c:/devkitpro/devkitarm/bin/../lib/gcc/arm-none-eabi/4.7.1/../../../../arm-none-eabi/lib\libg.a(lib_a-svfiscanf.o)
 .comment       0x00000000       0x23 c:/devkitpro/devkitarm/bin/../lib/gcc/arm-none-eabi/4.7.1/../../../../arm-none-eabi/lib\libg.a(lib_a-ungetc.o)
 .comment       0x00000000       0x23 c:/devkitpro/devkitarm/bin/../lib/gcc/arm-none-eabi/4.7.1/../../../../arm-none-eabi/lib\libg.a(lib_a-vfiprintf.o)
 .comment       0x00000000       0x23 c:/devkitpro/devkitarm/bin/../lib/gcc/arm-none-eabi/4.7.1/../../../../arm-none-eabi/lib\libg.a(lib_a-vfprintf.o)
 .comment       0x00000000       0x23 c:/devkitpro/devkitarm/bin/../lib/gcc/arm-none-eabi/4.7.1/../../../../arm-none-eabi/lib\libg.a(lib_a-wcrtomb.o)
 .comment       0x00000000       0x23 c:/devkitpro/devkitarm/bin/../lib/gcc/arm-none-eabi/4.7.1/../../../../arm-none-eabi/lib\libg.a(lib_a-wcsrtombs.o)
 .comment       0x00000000       0x23 c:/devkitpro/devkitarm/bin/../lib/gcc/arm-none-eabi/4.7.1/../../../../arm-none-eabi/lib\libg.a(lib_a-wctomb_r.o)
 .comment       0x00000000       0x23 c:/devkitpro/devkitarm/bin/../lib/gcc/arm-none-eabi/4.7.1/../../../../arm-none-eabi/lib\libg.a(lib_a-wsetup.o)
 .comment       0x00000000       0x23 c:/devkitpro/devkitarm/bin/../lib/gcc/arm-none-eabi/4.7.1/../../../../arm-none-eabi/lib\libg.a(lib_a-ctype_.o)
 .comment       0x00000000       0x23 c:/devkitpro/devkitarm/bin/../lib/gcc/arm-none-eabi/4.7.1/../../../../arm-none-eabi/lib\libg.a(lib_a-dtoa.o)
 .comment       0x00000000       0x23 c:/devkitpro/devkitarm/bin/../lib/gcc/arm-none-eabi/4.7.1/../../../../arm-none-eabi/lib\libg.a(lib_a-fflush.o)
 .comment       0x00000000       0x23 c:/devkitpro/devkitarm/bin/../lib/gcc/arm-none-eabi/4.7.1/../../../../arm-none-eabi/lib\libg.a(lib_a-findfp.o)
 .comment       0x00000000       0x23 c:/devkitpro/devkitarm/bin/../lib/gcc/arm-none-eabi/4.7.1/../../../../arm-none-eabi/lib\libg.a(lib_a-fputwc.o)
 .comment       0x00000000       0x23 c:/devkitpro/devkitarm/bin/../lib/gcc/arm-none-eabi/4.7.1/../../../../arm-none-eabi/lib\libg.a(lib_a-freer.o)
 .comment       0x00000000       0x23 c:/devkitpro/devkitarm/bin/../lib/gcc/arm-none-eabi/4.7.1/../../../../arm-none-eabi/lib\libg.a(lib_a-fvwrite.o)
 .comment       0x00000000       0x23 c:/devkitpro/devkitarm/bin/../lib/gcc/arm-none-eabi/4.7.1/../../../../arm-none-eabi/lib\libg.a(lib_a-fwalk.o)
 .comment       0x00000000       0x23 c:/devkitpro/devkitarm/bin/../lib/gcc/arm-none-eabi/4.7.1/../../../../arm-none-eabi/lib\libg.a(lib_a-iswspace.o)
 .comment       0x00000000       0x23 c:/devkitpro/devkitarm/bin/../lib/gcc/arm-none-eabi/4.7.1/../../../../arm-none-eabi/lib\libg.a(lib_a-jp2uc.o)
 .comment       0x00000000       0x23 c:/devkitpro/devkitarm/bin/../lib/gcc/arm-none-eabi/4.7.1/../../../../arm-none-eabi/lib\libg.a(lib_a-locale.o)
 .comment       0x00000000       0x23 c:/devkitpro/devkitarm/bin/../lib/gcc/arm-none-eabi/4.7.1/../../../../arm-none-eabi/lib\libg.a(lib_a-makebuf.o)
 .comment       0x00000000       0x23 c:/devkitpro/devkitarm/bin/../lib/gcc/arm-none-eabi/4.7.1/../../../../arm-none-eabi/lib\libg.a(lib_a-malloc.o)
 .comment       0x00000000       0x23 c:/devkitpro/devkitarm/bin/../lib/gcc/arm-none-eabi/4.7.1/../../../../arm-none-eabi/lib\libg.a(lib_a-mallocr.o)
 .comment       0x00000000       0x23 c:/devkitpro/devkitarm/bin/../lib/gcc/arm-none-eabi/4.7.1/../../../../arm-none-eabi/lib\libg.a(lib_a-mbrtowc.o)
 .comment       0x00000000       0x23 c:/devkitpro/devkitarm/bin/../lib/gcc/arm-none-eabi/4.7.1/../../../../arm-none-eabi/lib\libg.a(lib_a-mbtowc_r.o)
 .comment       0x00000000       0x23 c:/devkitpro/devkitarm/bin/../lib/gcc/arm-none-eabi/4.7.1/../../../../arm-none-eabi/lib\libg.a(lib_a-memchr-stub.o)
 .comment       0x00000000       0x23 c:/devkitpro/devkitarm/bin/../lib/gcc/arm-none-eabi/4.7.1/../../../../arm-none-eabi/lib\libg.a(lib_a-memmove.o)
 .comment       0x00000000       0x23 c:/devkitpro/devkitarm/bin/../lib/gcc/arm-none-eabi/4.7.1/../../../../arm-none-eabi/lib\libg.a(lib_a-memset.o)
 .comment       0x00000000       0x23 c:/devkitpro/devkitarm/bin/../lib/gcc/arm-none-eabi/4.7.1/../../../../arm-none-eabi/lib\libg.a(lib_a-mlock.o)
 .comment       0x00000000       0x23 c:/devkitpro/devkitarm/bin/../lib/gcc/arm-none-eabi/4.7.1/../../../../arm-none-eabi/lib\libg.a(lib_a-mprec.o)
 .comment       0x00000000       0x23 c:/devkitpro/devkitarm/bin/../lib/gcc/arm-none-eabi/4.7.1/../../../../arm-none-eabi/lib\libg.a(lib_a-reallocr.o)
 .comment       0x00000000       0x23 c:/devkitpro/devkitarm/bin/../lib/gcc/arm-none-eabi/4.7.1/../../../../arm-none-eabi/lib\libg.a(lib_a-sccl.o)
 .comment       0x00000000       0x23 c:/devkitpro/devkitarm/bin/../lib/gcc/arm-none-eabi/4.7.1/../../../../arm-none-eabi/lib\libg.a(lib_a-s_fpclassify.o)
 .comment       0x00000000       0x23 c:/devkitpro/devkitarm/bin/../lib/gcc/arm-none-eabi/4.7.1/../../../../arm-none-eabi/lib\libg.a(lib_a-strcasecmp.o)
 .comment       0x00000000       0x23 c:/devkitpro/devkitarm/bin/../lib/gcc/arm-none-eabi/4.7.1/../../../../arm-none-eabi/lib\libg.a(lib_a-strcat.o)
 .comment       0x00000000       0x23 c:/devkitpro/devkitarm/bin/../lib/gcc/arm-none-eabi/4.7.1/../../../../arm-none-eabi/lib\libg.a(lib_a-strchr.o)
 .comment       0x00000000       0x23 c:/devkitpro/devkitarm/bin/../lib/gcc/arm-none-eabi/4.7.1/../../../../arm-none-eabi/lib\libg.a(lib_a-strcmp.o)
 .comment       0x00000000       0x23 c:/devkitpro/devkitarm/bin/../lib/gcc/arm-none-eabi/4.7.1/../../../../arm-none-eabi/lib\libg.a(lib_a-strcpy.o)
 .comment       0x00000000       0x23 c:/devkitpro/devkitarm/bin/../lib/gcc/arm-none-eabi/4.7.1/../../../../arm-none-eabi/lib\libg.a(lib_a-strlcpy.o)
 .comment       0x00000000       0x23 c:/devkitpro/devkitarm/bin/../lib/gcc/arm-none-eabi/4.7.1/../../../../arm-none-eabi/lib\libg.a(lib_a-strncasecmp.o)
 .comment       0x00000000       0x23 c:/devkitpro/devkitarm/bin/../lib/gcc/arm-none-eabi/4.7.1/../../../../arm-none-eabi/lib\libg.a(lib_a-strncmp.o)
 .comment       0x00000000       0x23 c:/devkitpro/devkitarm/bin/../lib/gcc/arm-none-eabi/4.7.1/../../../../arm-none-eabi/lib\libg.a(lib_a-strncpy.o)
 .comment       0x00000000       0x23 c:/devkitpro/devkitarm/bin/../lib/gcc/arm-none-eabi/4.7.1/../../../../arm-none-eabi/lib\libg.a(lib_a-strtoll_r.o)
 .comment       0x00000000       0x23 c:/devkitpro/devkitarm/bin/../lib/gcc/arm-none-eabi/4.7.1/../../../../arm-none-eabi/lib\libg.a(lib_a-strtol.o)
 .comment       0x00000000       0x23 c:/devkitpro/devkitarm/bin/../lib/gcc/arm-none-eabi/4.7.1/../../../../arm-none-eabi/lib\libg.a(lib_a-strtoull_r.o)
 .comment       0x00000000       0x23 c:/devkitpro/devkitarm/bin/../lib/gcc/arm-none-eabi/4.7.1/../../../../arm-none-eabi/lib\libg.a(lib_a-strtoul.o)
 .comment       0x00000000       0x23 c:/devkitpro/devkitarm/bin/../lib/gcc/arm-none-eabi/4.7.1/../../../../arm-none-eabi/lib\libg.a(lib_a-wbuf.o)
 .comment       0x00000000       0x23 c:/devkitpro/devkitarm/bin/../lib/gcc/arm-none-eabi/4.7.1/../../../../arm-none-eabi/lib\libg.a(lib_a-wcsnrtombs.o)
 .comment       0x00000000       0x23 c:/devkitpro/devkitarm/bin/../lib/gcc/arm-none-eabi/4.7.1/../../../../arm-none-eabi/lib\libg.a(lib_a-callocr.o)
 .comment       0x00000000       0x23 c:/devkitpro/devkitarm/bin/../lib/gcc/arm-none-eabi/4.7.1/../../../../arm-none-eabi/lib\libg.a(lib_a-fclose.o)
 .comment       0x00000000       0x23 c:/devkitpro/devkitarm/bin/../lib/gcc/arm-none-eabi/4.7.1/../../../../arm-none-eabi/lib\libg.a(lib_a-getenv_r.o)
 .comment       0x00000000       0x23 c:/devkitpro/devkitarm/bin/../lib/gcc/arm-none-eabi/4.7.1/../../../../arm-none-eabi/lib\libg.a(lib_a-environ.o)
 .comment       0x00000000       0x23 c:/devkitpro/devkitarm/bin/../lib/gcc/arm-none-eabi/4.7.1/../../../../arm-none-eabi/lib\libg.a(lib_a-envlock.o)
 .comment       0x00000000       0x23 c:/devkitpro/devkitarm/bin/../lib/gcc/arm-none-eabi/4.7.1/../../../../arm-none-eabi/lib\libsysbase.a(iosupport.o)
 .comment       0x00000000       0x23 c:/devkitpro/devkitarm/bin/../lib/gcc/arm-none-eabi/4.7.1/../../../../arm-none-eabi/lib\libsysbase.a(close.o)
 .comment       0x00000000       0x23 c:/devkitpro/devkitarm/bin/../lib/gcc/arm-none-eabi/4.7.1/../../../../arm-none-eabi/lib\libsysbase.a(fstat.o)
 .comment       0x00000000       0x23 c:/devkitpro/devkitarm/bin/../lib/gcc/arm-none-eabi/4.7.1/../../../../arm-none-eabi/lib\libsysbase.a(isatty.o)
 .comment       0x00000000       0x23 c:/devkitpro/devkitarm/bin/../lib/gcc/arm-none-eabi/4.7.1/../../../../arm-none-eabi/lib\libsysbase.a(lseek.o)
 .comment       0x00000000       0x23 c:/devkitpro/devkitarm/bin/../lib/gcc/arm-none-eabi/4.7.1/../../../../arm-none-eabi/lib\libsysbase.a(read.o)
 .comment       0x00000000       0x23 c:/devkitpro/devkitarm/bin/../lib/gcc/arm-none-eabi/4.7.1/../../../../arm-none-eabi/lib\libsysbase.a(sbrk.o)
 .comment       0x00000000       0x23 c:/devkitpro/devkitarm/bin/../lib/gcc/arm-none-eabi/4.7.1/../../../../arm-none-eabi/lib\libsysbase.a(times.o)
 .comment       0x00000000       0x23 c:/devkitpro/devkitarm/bin/../lib/gcc/arm-none-eabi/4.7.1/../../../../arm-none-eabi/lib\libsysbase.a(write.o)
 .comment       0x00000000       0x23 c:/devkitpro/devkitarm/bin/../lib/gcc/arm-none-eabi/4.7.1/../../../../arm-none-eabi/lib\libsysbase.a(malloc_vars.o)
 .comment       0x00000000       0x23 c:/devkitpro/devkitarm/bin/../lib/gcc/arm-none-eabi/4.7.1/../../../../arm-none-eabi/lib\libsysbase.a(build_argv.o)
 .comment       0x00000000       0x23 c:/devkitpro/devkitarm/bin/../lib/gcc/arm-none-eabi/4.7.1/../../../../arm-none-eabi/lib\libsysbase.a(syscall_support.o)
 .comment       0x00000000       0x23 c:/devkitpro/devkitarm/bin/../lib/gcc/arm-none-eabi/4.7.1/../../../../arm-none-eabi/lib\libsysbase.a(handle_manager.o)
 .comment       0x00000000       0x23 c:/devkitpro/devkitarm/bin/../lib/gcc/arm-none-eabi/4.7.1\libgcc.a(bpabi.o)
 .comment       0x00000000       0x23 c:/devkitpro/devkitarm/bin/../lib/gcc/arm-none-eabi/4.7.1\libgcc.a(_divdi3.o)
 .comment       0x00000000       0x23 c:/devkitpro/devkitarm/bin/../lib/gcc/arm-none-eabi/4.7.1\libgcc.a(_udivdi3.o)
 .comment       0x00000000       0x23 c:/devkitpro/devkitarm/bin/../lib/gcc/arm-none-eabi/4.7.1/../../../../arm-none-eabi/lib\libg.a(lib_a-errno.o)