Archive member included because of file (symbol)

c:/devkitPro/libnds/lib\libnds9.a(console.o)
                              vitiram.o (consoleDemoInit)
c:/devkitPro/libnds/lib\libnds9.a(initSystem.o)
                              c:/devkitpro/devkitarm/bin/../lib/gcc/arm-none-eabi/4.7.1/../../../../arm-none-eabi/lib/ds_arm9_crt0.o (initSystem)
c:/devkitPro/libnds/lib\libnds9.a(fifosystem.o)
                              c:/devkitPro/libnds/lib\libnds9.a(initSystem.o) (fifoSendValue32)
c:/devkitPro/libnds/lib\libnds9.a(interrupts.o)
                              c:/devkitPro/libnds/lib\libnds9.a(fifosystem.o) (irqSet)
c:/devkitPro/libnds/lib\libnds9.a(libnds_exit.arm.o)
                              c:/devkitpro/devkitarm/bin/../lib/gcc/arm-none-eabi/4.7.1/../../../../arm-none-eabi/lib/ds_arm9_crt0.o (__libnds_exit)
c:/devkitPro/libnds/lib\libnds9.a(mpu_setup.o)
                              c:/devkitpro/devkitarm/bin/../lib/gcc/arm-none-eabi/4.7.1/../../../../arm-none-eabi/lib/ds_arm9_crt0.o (__libnds_mpu_setup)
c:/devkitPro/libnds/lib\libnds9.a(biosCalls.o)
                              c:/devkitPro/libnds/lib\libnds9.a(fifosystem.o) (swiIntrWait)
c:/devkitPro/libnds/lib\libnds9.a(debugprint.o)
                              c:/devkitPro/libnds/lib\libnds9.a(console.o) (nocashWrite)
c:/devkitPro/libnds/lib\libnds9.a(interruptDispatcher.o)
                              c:/devkitPro/libnds/lib\libnds9.a(interrupts.o) (IntrMain)
c:/devkitPro/libnds/lib\libnds9.a(swiSoftReset.o)
                              c:/devkitPro/libnds/lib\libnds9.a(fifosystem.o) (swiSoftReset)
c:/devkitPro/libnds/lib\libnds9.a(default_font.bin.o)
                              c:/devkitPro/libnds/lib\libnds9.a(console.o) (default_font_bin)
c:/devkitPro/libnds/lib\libnds9.a(background.o)
                              c:/devkitPro/libnds/lib\libnds9.a(console.o) (bgState)
c:/devkitPro/libnds/lib\libnds9.a(system.o)
                              c:/devkitPro/libnds/lib\libnds9.a(initSystem.o) (systemMsgHandler)
c:/devkitPro/libnds/lib\libnds9.a(trig.o)
                              c:/devkitPro/libnds/lib\libnds9.a(background.o) (sinLerp)
c:/devkitPro/libnds/lib\libnds9.a(video.o)
                              c:/devkitPro/libnds/lib\libnds9.a(initSystem.o) (vramDefault)
c:/devkitpro/devkitarm/bin/../lib/gcc/arm-none-eabi/4.7.1\libgcc.a(_divsi3.o)
                              c:/devkitPro/libnds/lib\libnds9.a(console.o) (__aeabi_idivmod)
c:/devkitpro/devkitarm/bin/../lib/gcc/arm-none-eabi/4.7.1\libgcc.a(_dvmd_tls.o)
                              c:/devkitpro/devkitarm/bin/../lib/gcc/arm-none-eabi/4.7.1\libgcc.a(_divsi3.o) (__aeabi_idiv0)
c:/devkitpro/devkitarm/bin/../lib/gcc/arm-none-eabi/4.7.1\libgcc.a(_arm_addsubdf3.o)
                              vitiram.o (__aeabi_i2d)
c:/devkitpro/devkitarm/bin/../lib/gcc/arm-none-eabi/4.7.1\libgcc.a(_arm_muldivdf3.o)
                              vitiram.o (__aeabi_ddiv)
c:/devkitpro/devkitarm/bin/../lib/gcc/arm-none-eabi/4.7.1\libgcc.a(_arm_truncdfsf2.o)
                              vitiram.o (__aeabi_d2f)
c:/devkitpro/devkitarm/bin/../lib/gcc/arm-none-eabi/4.7.1\libgcc.a(_arm_addsubsf3.o)
                              vitiram.o (__aeabi_fsub)
c:/devkitpro/devkitarm/bin/../lib/gcc/arm-none-eabi/4.7.1\libgcc.a(_arm_muldivsf3.o)
                              vitiram.o (__aeabi_fmul)
c:/devkitpro/devkitarm/bin/../lib/gcc/arm-none-eabi/4.7.1\libgcc.a(_arm_cmpsf2.o)
                              vitiram.o (__aeabi_fcmplt)
c:/devkitpro/devkitarm/bin/../lib/gcc/arm-none-eabi/4.7.1\libgcc.a(_arm_fixunssfsi.o)
                              vitiram.o (__aeabi_f2uiz)
c:/devkitpro/devkitarm/bin/../lib/gcc/arm-none-eabi/4.7.1/../../../../arm-none-eabi/lib\libg.a(lib_a-bsearch.o)
                              c:/devkitPro/libnds/lib\libnds9.a(trig.o) (bsearch)
c:/devkitpro/devkitarm/bin/../lib/gcc/arm-none-eabi/4.7.1/../../../../arm-none-eabi/lib\libg.a(lib_a-impure.o)
                              c:/devkitPro/libnds/lib\libnds9.a(console.o) (_impure_ptr)
c:/devkitpro/devkitarm/bin/../lib/gcc/arm-none-eabi/4.7.1/../../../../arm-none-eabi/lib\libg.a(lib_a-init.o)
                              c:/devkitpro/devkitarm/bin/../lib/gcc/arm-none-eabi/4.7.1/../../../../arm-none-eabi/lib/ds_arm9_crt0.o (__libc_init_array)
c:/devkitpro/devkitarm/bin/../lib/gcc/arm-none-eabi/4.7.1/../../../../arm-none-eabi/lib\libg.a(lib_a-iprintf.o)
                              c:/devkitPro/libnds/lib\libnds9.a(console.o) (iprintf)
c:/devkitpro/devkitarm/bin/../lib/gcc/arm-none-eabi/4.7.1/../../../../arm-none-eabi/lib\libg.a(lib_a-memcpy-stub.o)
                              vitiram.o (memcpy)
c:/devkitpro/devkitarm/bin/../lib/gcc/arm-none-eabi/4.7.1/../../../../arm-none-eabi/lib\libg.a(lib_a-memset.o)
                              vitiram.o (memset)
c:/devkitpro/devkitarm/bin/../lib/gcc/arm-none-eabi/4.7.1/../../../../arm-none-eabi/lib\libg.a(lib_a-printf.o)
                              vitiram.o (printf)
[...]
Memory Configuration

Name             Origin             Length             Attributes
rom              0x08000000         0x02000000
ewram            0x02000000         0x003ff000
dtcm             0x0b000000         0x00004000
vectors          0x01000000         0x00000100
itcm             0x01000100         0x00007f00
*default*        0x00000000         0xffffffff

Linker script and memory map

                0x01000000                __vectors_start = ORIGIN (vectors)
                0x01000100                __itcm_start = ORIGIN (itcm)
                0x023ff000                __ewram_end = (ORIGIN (ewram) + 0x3ff000)
                0x023ff000                __eheap_end = (ORIGIN (ewram) + 0x3ff000)
                0x0b000000                __dtcm_start = ORIGIN (dtcm)
                0x0b004000                __dtcm_top = (ORIGIN (dtcm) + 0x4000)
                0x0b003ff8                __irq_flags = (__dtcm_top - 0x8)
                0x0b003ffc                __irq_vector = (__dtcm_top - 0x4)
                0x0b003f00                __sp_svc = (__dtcm_top - 0x100)
                0x0b003e00                __sp_irq = (__sp_svc - 0x100)
                0x0b003d00                __sp_usr = (__sp_irq - 0x100)

.init           0x02000000      0x248
                0x02000000                __text_start = .
 *(.init)
 .init          0x02000000      0x230 c:/devkitpro/devkitarm/bin/../lib/gcc/arm-none-eabi/4.7.1/../../../../arm-none-eabi/lib/ds_arm9_crt0.o
                0x02000000                _start
 .init          0x02000230        0xc c:/devkitpro/devkitarm/bin/../lib/gcc/arm-none-eabi/4.7.1/crti.o
                0x02000230                _init
 .init          0x0200023c        0xc c:/devkitpro/devkitarm/bin/../lib/gcc/arm-none-eabi/4.7.1/crtn.o
                0x02000248                . = ALIGN (0x4)

.plt
 *(.plt)

.text           0x02000250    0x12980
 *(EXCLUDE_FILE(*.itcm*) .text)
 .text          0x02000250        0x0 c:/devkitpro/devkitarm/bin/../lib/gcc/arm-none-eabi/4.7.1/../../../../arm-none-eabi/lib/ds_arm9_crt0.o
 .text          0x02000250        0x0 c:/devkitpro/devkitarm/bin/../lib/gcc/arm-none-eabi/4.7.1/crti.o
 .text          0x02000250      0x128 c:/devkitpro/devkitarm/bin/../lib/gcc/arm-none-eabi/4.7.1/crtbegin.o
 .text          0x02000378      0x180 vitiram.o
                0x02000378                xorshf96
                0x020003a8                inicializar_array
                0x02000404                what_time
                0x0200044c                localidad_temporal_copy
                0x020004a4                localidad_temporal_write
 .text          0x020004f8      0xa4c c:/devkitPro/libnds/lib\libnds9.a(console.o)
                0x02000598                nocash_write
                0x020005a8                consoleGetDefault
                0x020005b4                consoleSelect
                0x020005c4                consoleDebugInit
                0x02000614                consolePrintChar
                0x020007e0                consoleLoadFont
                0x02000a68                consoleSetFont
                0x02000a88                consoleInit
                0x02000bf0                consoleDemoInit
                0x02000c34                con_write
                0x02000f10                consoleClear
                0x02000f20                consoleSetWindow
 .text          0x02000f44      0x140 c:/devkitPro/libnds/lib\libnds9.a(initSystem.o)
                0x02000f44                initSystem
 .text          0x02001084      0xc58 c:/devkitPro/libnds/lib\libnds9.a(fifosystem.o)
                0x020012d8                fifoSendAddress
                0x02001304                fifoSendValue32
                0x02001344                fifoSendDatamsg
                0x020013b4                fifoGetAddress
                0x0200142c                fifoSetAddressHandler
                0x020014a0                fifoGetValue32
                0x02001514                fifoSetValue32Handler
                0x02001588                fifoGetDatamsg
                0x02001a0c                fifoSetDatamsgHandler
                0x02001aa4                fifoCheckAddress
                0x02001ac8                fifoCheckDatamsg
                0x02001aec                fifoCheckValue32
                0x02001b10                fifoInit
 .text          0x02001cdc      0x1ec c:/devkitPro/libnds/lib\libnds9.a(interrupts.o)
                0x02001cdc                irqDummy
                0x02001ce0                irqSet
                0x02001d4c                irqInit
                0x02001d98                irqInitHandler
                0x02001dc8                irqEnable
                0x02001e2c                irqDisable
                0x02001e90                irqClear
 .text          0x02001ec8       0x58 c:/devkitPro/libnds/lib\libnds9.a(libnds_exit.arm.o)
                0x02001ec8                systemErrorExit
                0x02001ecc                __libnds_exit
 .text          0x02001f20      0x1b4 c:/devkitPro/libnds/lib\libnds9.a(mpu_setup.o)
                0x02001f20                __libnds_mpu_setup
                0x02002060                memCached
                0x02002078                memUncached
 *fill*         0x020020d4        0xc ff
 .text          0x020020e0       0x70 c:/devkitPro/libnds/lib\libnds9.a(biosCalls.o)
                0x020020e0                swiDelay
                0x020020e4                swiIntrWait
                0x020020e8                swiWaitForVBlank
                0x020020ec                swiSleep
                0x020020f0                swiChangeSoundBias
                0x020020f4                swiDivide
                0x020020f8                swiRemainder
                0x020020fe                swiDivMod
                0x0200210a                swiCopy
                0x0200210e                swiFastCopy
                0x02002112                swiSqrt
                0x02002116                swiCRC16
                0x0200211a                swiIsDebugger
                0x0200211e                swiUnpackBits
                0x02002122                swiDecompressLZSSWram
                0x02002126                swiDecompressLZSSVramNTR
                0x0200212a                swiDecompressLZSSVramTWL
                0x0200212e                swiDecompressHuffman
                0x02002132                swiDecompressRLEWram
                0x02002136                swiDecompressRLEVram
                0x0200213a                swiWaitForIRQ
                0x0200213e                swiDecodeDelta8
                0x02002142                swiDecodeDelta16
                0x02002146                swiSetHaltCR
 .text          0x02002150       0xa4 c:/devkitPro/libnds/lib\libnds9.a(debugprint.o)
                0x02002150                nocashWrite
                0x02002152                nocashMessage
 .text          0x020021f4        0x0 c:/devkitPro/libnds/lib\libnds9.a(interruptDispatcher.o)
 *fill*         0x020021f4        0xc ff
 .text          0x02002200       0x30 c:/devkitPro/libnds/lib\libnds9.a(swiSoftReset.o)
                0x02002200                swiSoftReset
 .text          0x02002230        0x0 c:/devkitPro/libnds/lib\libnds9.a(default_font.bin.o)
 .text          0x02002230      0x2e8 c:/devkitPro/libnds/lib\libnds9.a(background.o)
                0x02002230                bgIsText
                0x0200223c                checkIfText
                0x02002294                bgUpdate
                0x02002388                bgInit_call
                0x0200244c                bgInitSub_call
 .text          0x02002518      0x128 c:/devkitPro/libnds/lib\libnds9.a(system.o)
                0x02002518                setSDcallback
                0x02002524                systemMsgHandler
                0x02002568                systemSleep
                0x02002580                systemValueHandler
                0x020025bc                powerOn
                0x020025e8                powerOff
                0x02002610                ledBlink
                0x02002620                getBatteryLevel
 .text          0x02002640      0x244 c:/devkitPro/libnds/lib\libnds9.a(trig.o)
                0x02002640                asinComp
                0x02002668                sinLutLookup
                0x020026a4                sinLerp
                0x020026dc                cosLerp
                0x020026f0                tanLutLookup
                0x02002728                tanLerp
                0x020027cc                asinLerp
                0x02002848                acosLerp
                0x0200285c                atanComp
 .text          0x02002884      0x1f8 c:/devkitPro/libnds/lib\libnds9.a(video.o)
                0x02002884                vramSetPrimaryBanks
                0x020028c8                vramSetMainBanks
                0x0200290c                vramSetBanks_EFG
                0x02002944                vramRestorePrimaryBanks
                0x02002950                vramRestoreMainBanks
                0x0200295c                vramRestoreBanks_EFG
                0x02002968                setBrightness
                0x020029a8                vramDefault
 .text          0x02002a7c      0x148 c:/devkitpro/devkitarm/bin/../lib/gcc/arm-none-eabi/4.7.1\libgcc.a(_divsi3.o)
                0x02002a7c                __divsi3
                0x02002a7c                __aeabi_idiv
                0x02002ba4                __aeabi_idivmod
 .text          0x02002bc4        0x4 c:/devkitpro/devkitarm/bin/../lib/gcc/arm-none-eabi/4.7.1\libgcc.a(_dvmd_tls.o)
                0x02002bc4                __aeabi_idiv0
                0x02002bc4                __aeabi_ldiv0
 .text          0x02002bc8      0x41c c:/devkitpro/devkitarm/bin/../lib/gcc/arm-none-eabi/4.7.1\libgcc.a(_arm_addsubdf3.o)
                0x02002bc8                __aeabi_drsub
                0x02002bd0                __aeabi_dsub
                0x02002bd0                __subdf3
                0x02002bd4                __aeabi_dadd
                0x02002bd4                __adddf3
                0x02002ee4                __floatunsidf
                0x02002ee4                __aeabi_ui2d
                0x02002f08                __floatsidf
                0x02002f08                __aeabi_i2d
                0x02002f30                __aeabi_f2d
                0x02002f30                __extendsfdf2
                0x02002f70                __floatundidf
                0x02002f70                __aeabi_ul2d
                0x02002f84                __floatdidf
                0x02002f84                __aeabi_l2d
 .text          0x02002fe4      0x49c c:/devkitpro/devkitarm/bin/../lib/gcc/arm-none-eabi/4.7.1\libgcc.a(_arm_muldivdf3.o)
                0x02002fe4                __aeabi_dmul
                0x02002fe4                __muldf3
                0x02003274                __divdf3
                0x02003274                __aeabi_ddiv
 .text          0x02003480       0xa0 c:/devkitpro/devkitarm/bin/../lib/gcc/arm-none-eabi/4.7.1\libgcc.a(_arm_truncdfsf2.o)
                0x02003480                __truncdfsf2
                0x02003480                __aeabi_d2f
 .text          0x02003520      0x2ac c:/devkitpro/devkitarm/bin/../lib/gcc/arm-none-eabi/4.7.1\libgcc.a(_arm_addsubsf3.o)
                0x02003520                __aeabi_frsub
                0x02003528                __subsf3
                0x02003528                __aeabi_fsub
                0x0200352c                __aeabi_fadd
                0x0200352c                __addsf3
                0x020036e8                __aeabi_ui2f
                0x020036e8                __floatunsisf
                0x020036f0                __aeabi_i2f
                0x020036f0                __floatsisf
                0x02003710                __aeabi_ul2f
                0x02003710                __floatundisf
                0x02003720                __aeabi_l2f
                0x02003720                __floatdisf
 .text          0x020037cc      0x2f8 c:/devkitpro/devkitarm/bin/../lib/gcc/arm-none-eabi/4.7.1\libgcc.a(_arm_muldivsf3.o)
                0x020037cc                __mulsf3
                0x020037cc                __aeabi_fmul
                0x02003964                __aeabi_fdiv
                0x02003964                __divsf3
 .text          0x02003ac4      0x114 c:/devkitpro/devkitarm/bin/../lib/gcc/arm-none-eabi/4.7.1\libgcc.a(_arm_cmpsf2.o)
                0x02003ac4                __gesf2
                0x02003ac4                __gtsf2
                0x02003acc                __lesf2
                0x02003acc                __ltsf2
                0x02003ad4                __nesf2
                0x02003ad4                __eqsf2
                0x02003ad4                __cmpsf2
                0x02003b38                __aeabi_cfrcmple
                0x02003b48                __aeabi_cfcmpeq
                0x02003b48                __aeabi_cfcmple
                0x02003b60                __aeabi_fcmpeq
                0x02003b78                __aeabi_fcmplt
                0x02003b90                __aeabi_fcmple
                0x02003ba8                __aeabi_fcmpge
                0x02003bc0                __aeabi_fcmpgt
 .text          0x02003bd8       0x54 c:/devkitpro/devkitarm/bin/../lib/gcc/arm-none-eabi/4.7.1\libgcc.a(_arm_fixunssfsi.o)
                0x02003bd8                __fixunssfsi
                0x02003bd8                __aeabi_f2uiz
 .text          0x02003c2c       0x80 c:/devkitpro/devkitarm/bin/../lib/gcc/arm-none-eabi/4.7.1/../../../../arm-none-eabi/lib\libg.a(lib_a-bsearch.o)
                0x02003c2c                bsearch
 .text          0x02003cac        0x0 c:/devkitpro/devkitarm/bin/../lib/gcc/arm-none-eabi/4.7.1/../../../../arm-none-eabi/lib\libg.a(lib_a-impure.o)
 .text          0x02003cac       0x88 c:/devkitpro/devkitarm/bin/../lib/gcc/arm-none-eabi/4.7.1/../../../../arm-none-eabi/lib\libg.a(lib_a-init.o)
                0x02003cac                __libc_init_array
 .text          0x02003d34       0x74 c:/devkitpro/devkitarm/bin/../lib/gcc/arm-none-eabi/4.7.1/../../../../arm-none-eabi/lib\libg.a(lib_a-iprintf.o)
                0x02003d34                iprintf
                0x02003d74                _iprintf_r
 .text          0x02003da8       0xf4 c:/devkitpro/devkitarm/bin/../lib/gcc/arm-none-eabi/4.7.1/../../../../arm-none-eabi/lib\libg.a(lib_a-memcpy-stub.o)
                0x02003da8                memcpy
 .text          0x02003e9c       0xf8 c:/devkitpro/devkitarm/bin/../lib/gcc/arm-none-eabi/4.7.1/../../../../arm-none-eabi/lib\libg.a(lib_a-memset.o)
                0x02003e9c                memset
 .text          0x02003f94       0x74 c:/devkitpro/devkitarm/bin/../lib/gcc/arm-none-eabi/4.7.1/../../../../arm-none-eabi/lib\libg.a(lib_a-printf.o)
                0x02003f94                _printf_r
                0x02003fc8                printf
 .text          0x02004008       0xb8 c:/devkitpro/devkitarm/bin/../lib/gcc/arm-none-eabi/4.7.1/../../../../arm-none-eabi/lib\libg.a(lib_a-puts.o)
                0x02004008                _puts_r
                0x020040ac                puts
 .text          0x020040c0      0x178 c:/devkitpro/devkitarm/bin/../lib/gcc/arm-none-eabi/4.7.1/../../../../arm-none-eabi/lib\libg.a(lib_a-setvbuf.o)
                0x020040c0                setvbuf
 .text          0x02004238      0x100 c:/devkitpro/devkitarm/bin/../lib/gcc/arm-none-eabi/4.7.1/../../../../arm-none-eabi/lib\libg.a(lib_a-siscanf.o)
                0x02004238                siscanf
                0x020042b8                _siscanf_r
 .text          0x02004338       0xdc c:/devkitpro/devkitarm/bin/../lib/gcc/arm-none-eabi/4.7.1/../../../../arm-none-eabi/lib\libg.a(lib_a-stdio.o)
                0x02004338                __sread
                0x0200436c                __seofread
                0x02004374                __swrite
                0x020043cc                __sseek
                0x02004400                __sclose
 .text          0x02004414       0x60 c:/devkitpro/devkitarm/bin/../lib/gcc/arm-none-eabi/4.7.1/../../../../arm-none-eabi/lib\libg.a(lib_a-strlen.o)
                0x02004414                strlen
 .text          0x02004474     0x1254 c:/devkitpro/devkitarm/bin/../lib/gcc/arm-none-eabi/4.7.1/../../../../arm-none-eabi/lib\libg.a(lib_a-svfiscanf.o)
                0x02004474                _sungetc_r
                0x0200455c                __ssrefill_r
                0x020045c8                _sfread_r
                0x02004688                __ssvfiscanf_r
 .text          0x020056c8      0x240 c:/devkitpro/devkitarm/bin/../lib/gcc/arm-none-eabi/4.7.1/../../../../arm-none-eabi/lib\libg.a(lib_a-ungetc.o)
                0x020056c8                __submore
                0x02005774                _ungetc_r
                0x020058ec                ungetc
 .text          0x02005908     0x15d8 c:/devkitpro/devkitarm/bin/../lib/gcc/arm-none-eabi/4.7.1/../../../../arm-none-eabi/lib\libg.a(lib_a-vfiprintf.o)
                0x02005908                __sprint_r
                0x020059c8                _vfiprintf_r
                0x02006eb4                vfiprintf
 .text          0x02006ee0     0x2458 c:/devkitpro/devkitarm/bin/../lib/gcc/arm-none-eabi/4.7.1/../../../../arm-none-eabi/lib\libg.a(lib_a-vfprintf.o)
                0x02006ee0                _vfprintf_r
                0x0200930c                vfprintf
 .text          0x02009338      0x13c c:/devkitpro/devkitarm/bin/../lib/gcc/arm-none-eabi/4.7.1/../../../../arm-none-eabi/lib\libg.a(lib_a-wcrtomb.o)
                0x02009338                _wcrtomb_r
                0x020093d0                wcrtomb
 .text          0x02009474       0x68 c:/devkitpro/devkitarm/bin/../lib/gcc/arm-none-eabi/4.7.1/../../../../arm-none-eabi/lib\libg.a(lib_a-wcsrtombs.o)
                0x02009474                _wcsrtombs_r
                0x0200949c                wcsrtombs
 .text          0x020094dc      0x38c c:/devkitpro/devkitarm/bin/../lib/gcc/arm-none-eabi/4.7.1/../../../../arm-none-eabi/lib\libg.a(lib_a-wctomb_r.o)
                0x020094dc                __utf8_wctomb
                0x020095d0                _wctomb_r
                0x02009620                __ascii_wctomb
                0x0200964c                __sjis_wctomb
                0x020096d4                __eucjp_wctomb
                0x02009794                __jis_wctomb
 .text          0x02009868      0x15c c:/devkitpro/devkitarm/bin/../lib/gcc/arm-none-eabi/4.7.1/../../../../arm-none-eabi/lib\libg.a(lib_a-wsetup.o)
                0x02009868                __swsetup_r
 .text          0x020099c4       0x18 c:/devkitpro/devkitarm/bin/../lib/gcc/arm-none-eabi/4.7.1/../../../../arm-none-eabi/lib\libg.a(lib_a-ctype_.o)
                0x020099c4                __set_ctype
 *fill*         0x020099dc        0x4 ff
 .text          0x020099e0     0x1888 c:/devkitpro/devkitarm/bin/../lib/gcc/arm-none-eabi/4.7.1/../../../../arm-none-eabi/lib\libg.a(lib_a-dtoa.o)
                0x02009bc0                _dtoa_r
 .text          0x0200b268      0x2c4 c:/devkitpro/devkitarm/bin/../lib/gcc/arm-none-eabi/4.7.1/../../../../arm-none-eabi/lib\libg.a(lib_a-fflush.o)
                0x0200b268                __sflush_r
                0x0200b498                _fflush_r
                0x0200b4ec                fflush
 .text          0x0200b52c      0x2c4 c:/devkitpro/devkitarm/bin/../lib/gcc/arm-none-eabi/4.7.1/../../../../arm-none-eabi/lib\libg.a(lib_a-findfp.o)
                0x0200b53c                _cleanup_r
                0x0200b5d0                __sfmoreglue
                0x0200b618                _cleanup
                0x0200b628                __sinit
                0x0200b6a0                __sfp
                0x0200b798                __sfp_lock_acquire
                0x0200b79c                __sfp_lock_release
                0x0200b7a0                __sinit_lock_acquire
                0x0200b7a4                __sinit_lock_release
                0x0200b7a8                __fp_lock_all
                0x0200b7cc                __fp_unlock_all
 .text          0x0200b7f0      0x19c c:/devkitpro/devkitarm/bin/../lib/gcc/arm-none-eabi/4.7.1/../../../../arm-none-eabi/lib\libg.a(lib_a-fputwc.o)
                0x0200b7f0                _fputwc_r
                0x0200b940                fputwc
 .text          0x0200b98c      0x368 c:/devkitpro/devkitarm/bin/../lib/gcc/arm-none-eabi/4.7.1/../../../../arm-none-eabi/lib\libg.a(lib_a-freer.o)
                0x0200b98c                _malloc_trim_r
                0x0200ba88                _free_r
 .text          0x0200bcf4      0x4b8 c:/devkitpro/devkitarm/bin/../lib/gcc/arm-none-eabi/4.7.1/../../../../arm-none-eabi/lib\libg.a(lib_a-fvwrite.o)
                0x0200bcf4                __sfvwrite_r
 .text          0x0200c1ac      0x110 c:/devkitpro/devkitarm/bin/../lib/gcc/arm-none-eabi/4.7.1/../../../../arm-none-eabi/lib\libg.a(lib_a-fwalk.o)
                0x0200c1ac                _fwalk
                0x0200c230                _fwalk_reent
 .text          0x0200c2bc       0x78 c:/devkitpro/devkitarm/bin/../lib/gcc/arm-none-eabi/4.7.1/../../../../arm-none-eabi/lib\libg.a(lib_a-iswspace.o)
                0x0200c2bc                iswspace
 .text          0x0200c334      0x2c8 c:/devkitpro/devkitarm/bin/../lib/gcc/arm-none-eabi/4.7.1/../../../../arm-none-eabi/lib\libg.a(lib_a-jp2uc.o)
                0x0200c574                _jp2uc
 .text          0x0200c5fc      0xd68 c:/devkitpro/devkitarm/bin/../lib/gcc/arm-none-eabi/4.7.1/../../../../arm-none-eabi/lib\libg.a(lib_a-locale.o)
                0x0200d000                _setlocale_r
                0x0200d2f8                __locale_charset
                0x0200d304                __locale_mb_cur_max
                0x0200d314                __locale_msgcharset
                0x0200d320                __locale_cjk_lang
                0x0200d330                _localeconv_r
                0x0200d33c                setlocale
                0x0200d358                localeconv
 .text          0x0200d364      0x15c c:/devkitpro/devkitarm/bin/../lib/gcc/arm-none-eabi/4.7.1/../../../../arm-none-eabi/lib\libg.a(lib_a-makebuf.o)
                0x0200d364                __smakebuf_r
 .text          0x0200d4c0       0x40 c:/devkitpro/devkitarm/bin/../lib/gcc/arm-none-eabi/4.7.1/../../../../arm-none-eabi/lib\libg.a(lib_a-malloc.o)
                0x0200d4c0                malloc
                0x0200d4e0                free
 .text          0x0200d500      0x71c c:/devkitpro/devkitarm/bin/../lib/gcc/arm-none-eabi/4.7.1/../../../../arm-none-eabi/lib\libg.a(lib_a-mallocr.o)
                0x0200d500                _malloc_r
 .text          0x0200dc1c      0x150 c:/devkitpro/devkitarm/bin/../lib/gcc/arm-none-eabi/4.7.1/../../../../arm-none-eabi/lib\libg.a(lib_a-mbrtowc.o)
                0x0200dc1c                _mbrtowc_r
                0x0200dcc0                mbrtowc
 .text          0x0200dd6c      0x728 c:/devkitpro/devkitarm/bin/../lib/gcc/arm-none-eabi/4.7.1/../../../../arm-none-eabi/lib\libg.a(lib_a-mbtowc_r.o)
                0x0200dd6c                __utf8_mbtowc
                0x0200e070                _mbtowc_r
                0x0200e0c4                __ascii_mbtowc
                0x0200e10c                __sjis_mbtowc
                0x0200e1dc                __eucjp_mbtowc
                0x0200e308                __jis_mbtowc
 .text          0x0200e494      0x11c c:/devkitpro/devkitarm/bin/../lib/gcc/arm-none-eabi/4.7.1/../../../../arm-none-eabi/lib\libg.a(lib_a-memchr-stub.o)
                0x0200e494                memchr
 .text          0x0200e5b0      0x134 c:/devkitpro/devkitarm/bin/../lib/gcc/arm-none-eabi/4.7.1/../../../../arm-none-eabi/lib\libg.a(lib_a-memmove.o)
                0x0200e5b0                memmove
 .text          0x0200e6e4        0x8 c:/devkitpro/devkitarm/bin/../lib/gcc/arm-none-eabi/4.7.1/../../../../arm-none-eabi/lib\libg.a(lib_a-mlock.o)
                0x0200e6e4                __malloc_lock
                0x0200e6e8                __malloc_unlock
 .text          0x0200e6ec      0xd20 c:/devkitpro/devkitarm/bin/../lib/gcc/arm-none-eabi/4.7.1/../../../../arm-none-eabi/lib\libg.a(lib_a-mprec.o)
                0x0200e6ec                _Balloc
                0x0200e778                _Bfree
                0x0200e794                __multadd
                0x0200e870                __s2b
                0x0200e960                __hi0bits
                0x0200e9b0                __lo0bits
                0x0200ea44                __i2b
                0x0200ea68                __multiply
                0x0200ec4c                __pow5mult
                0x0200ed40                __lshift
                0x0200ee44                __mcmp
                0x0200eea8                __mdiff
                0x0200eff4                __ulp
                0x0200f058                __b2d
                0x0200f124                __d2b
                0x0200f22c                __ratio
                0x0200f2bc                _mprec_log10
                0x0200f310                __copybits
                0x0200f384                __any_on
 .text          0x0200f40c      0x574 c:/devkitpro/devkitarm/bin/../lib/gcc/arm-none-eabi/4.7.1/../../../../arm-none-eabi/lib\libg.a(lib_a-reallocr.o)
                0x0200f40c                _realloc_r
 .text          0x0200f980       0xcc c:/devkitpro/devkitarm/bin/../lib/gcc/arm-none-eabi/4.7.1/../../../../arm-none-eabi/lib\libg.a(lib_a-sccl.o)
                0x0200f980                __sccl
 .text          0x0200fa4c       0x6c c:/devkitpro/devkitarm/bin/../lib/gcc/arm-none-eabi/4.7.1/../../../../arm-none-eabi/lib\libg.a(lib_a-s_fpclassify.o)
                0x0200fa4c                __fpclassifyd
 .text          0x0200fab8       0x5c c:/devkitpro/devkitarm/bin/../lib/gcc/arm-none-eabi/4.7.1/../../../../arm-none-eabi/lib\libg.a(lib_a-strcasecmp.o)
                0x0200fab8                strcasecmp
 .text          0x0200fb14       0xa0 c:/devkitpro/devkitarm/bin/../lib/gcc/arm-none-eabi/4.7.1/../../../../arm-none-eabi/lib\libg.a(lib_a-strcat.o)
                0x0200fb14                strcat
 .text          0x0200fbb4      0x1dc c:/devkitpro/devkitarm/bin/../lib/gcc/arm-none-eabi/4.7.1/../../../../arm-none-eabi/lib\libg.a(lib_a-strchr.o)
                0x0200fbb4                strchr
 .text          0x0200fd90      0x230 c:/devkitpro/devkitarm/bin/../lib/gcc/arm-none-eabi/4.7.1/../../../../arm-none-eabi/lib\libg.a(lib_a-strcmp.o)
                0x0200fd90                strcmp
 .text          0x0200ffc0       0xf0 c:/devkitpro/devkitarm/bin/../lib/gcc/arm-none-eabi/4.7.1/../../../../arm-none-eabi/lib\libg.a(lib_a-strcpy.o)
                0x0200ffc0                strcpy
 .text          0x020100b0       0x84 c:/devkitpro/devkitarm/bin/../lib/gcc/arm-none-eabi/4.7.1/../../../../arm-none-eabi/lib\libg.a(lib_a-strlcpy.o)
                0x020100b0                strlcpy
 .text          0x02010134       0x78 c:/devkitpro/devkitarm/bin/../lib/gcc/arm-none-eabi/4.7.1/../../../../arm-none-eabi/lib\libg.a(lib_a-strncasecmp.o)
                0x02010134                strncasecmp
 .text          0x020101ac      0x140 c:/devkitpro/devkitarm/bin/../lib/gcc/arm-none-eabi/4.7.1/../../../../arm-none-eabi/lib\libg.a(lib_a-strncmp.o)
                0x020101ac                strncmp
 .text          0x020102ec       0xc8 c:/devkitpro/devkitarm/bin/../lib/gcc/arm-none-eabi/4.7.1/../../../../arm-none-eabi/lib\libg.a(lib_a-strncpy.o)
                0x020102ec                strncpy
 .text          0x020103b4      0x2b4 c:/devkitpro/devkitarm/bin/../lib/gcc/arm-none-eabi/4.7.1/../../../../arm-none-eabi/lib\libg.a(lib_a-strtoll_r.o)
                0x020103b4                _strtoll_r
 .text          0x02010668      0x1f8 c:/devkitpro/devkitarm/bin/../lib/gcc/arm-none-eabi/4.7.1/../../../../arm-none-eabi/lib\libg.a(lib_a-strtol.o)
                0x02010668                _strtol_r
                0x02010834                strtol
 .text          0x02010860      0x2b8 c:/devkitpro/devkitarm/bin/../lib/gcc/arm-none-eabi/4.7.1/../../../../arm-none-eabi/lib\libg.a(lib_a-strtoull_r.o)
                0x02010860                _strtoull_r
 .text          0x02010b18      0x20c c:/devkitpro/devkitarm/bin/../lib/gcc/arm-none-eabi/4.7.1/../../../../arm-none-eabi/lib\libg.a(lib_a-strtoul.o)
                0x02010b18                _strtoul_r
                0x02010cf8                strtoul
 .text          0x02010d24      0x134 c:/devkitpro/devkitarm/bin/../lib/gcc/arm-none-eabi/4.7.1/../../../../arm-none-eabi/lib\libg.a(lib_a-wbuf.o)
                0x02010d24                __swbuf_r
                0x02010e3c                __swbuf
 .text          0x02010e58      0x1e4 c:/devkitpro/devkitarm/bin/../lib/gcc/arm-none-eabi/4.7.1/../../../../arm-none-eabi/lib\libg.a(lib_a-wcsnrtombs.o)
                0x02010e58                _wcsnrtombs_r
                0x02010ff0                wcsnrtombs
 .text          0x0201103c       0x94 c:/devkitpro/devkitarm/bin/../lib/gcc/arm-none-eabi/4.7.1/../../../../arm-none-eabi/lib\libg.a(lib_a-callocr.o)
                0x0201103c                _calloc_r
 .text          0x020110d0      0x100 c:/devkitpro/devkitarm/bin/../lib/gcc/arm-none-eabi/4.7.1/../../../../arm-none-eabi/lib\libg.a(lib_a-fclose.o)
                0x020110d0                _fclose_r
                0x020111bc                fclose
 .text          0x020111d0       0xf0 c:/devkitpro/devkitarm/bin/../lib/gcc/arm-none-eabi/4.7.1/../../../../arm-none-eabi/lib\libg.a(lib_a-getenv_r.o)
                0x020111d0                _findenv_r
                0x020112a4                _getenv_r
 .text          0x020112c0        0x0 c:/devkitpro/devkitarm/bin/../lib/gcc/arm-none-eabi/4.7.1/../../../../arm-none-eabi/lib\libg.a(lib_a-environ.o)
 .text          0x020112c0        0x8 c:/devkitpro/devkitarm/bin/../lib/gcc/arm-none-eabi/4.7.1/../../../../arm-none-eabi/lib\libg.a(lib_a-envlock.o)
                0x020112c0                __env_lock
                0x020112c4                __env_unlock
 .text          0x020112c8      0x1b4 c:/devkitpro/devkitarm/bin/../lib/gcc/arm-none-eabi/4.7.1/../../../../arm-none-eabi/lib\libsysbase.a(iosupport.o)
                0x020112c8                setDefaultDevice
                0x020112e0                FindDevice
                0x0201138c                RemoveDevice
                0x020113bc                AddDevice
                0x02011454                GetDeviceOpTab
 .text          0x0201147c       0x74 c:/devkitpro/devkitarm/bin/../lib/gcc/arm-none-eabi/4.7.1/../../../../arm-none-eabi/lib\libsysbase.a(close.o)
                0x0201147c                _close_r
 .text          0x020114f0       0x88 c:/devkitpro/devkitarm/bin/../lib/gcc/arm-none-eabi/4.7.1/../../../../arm-none-eabi/lib\libsysbase.a(fstat.o)
                0x020114f0                _fstat_r
 .text          0x02011578        0x8 c:/devkitpro/devkitarm/bin/../lib/gcc/arm-none-eabi/4.7.1/../../../../arm-none-eabi/lib\libsysbase.a(isatty.o)
                0x02011578                _isatty_r
 .text          0x02011580       0x88 c:/devkitpro/devkitarm/bin/../lib/gcc/arm-none-eabi/4.7.1/../../../../arm-none-eabi/lib\libsysbase.a(lseek.o)
                0x02011580                _lseek_r
 .text          0x02011608       0x88 c:/devkitpro/devkitarm/bin/../lib/gcc/arm-none-eabi/4.7.1/../../../../arm-none-eabi/lib\libsysbase.a(read.o)
                0x02011608                _read_r
 .text          0x02011690       0x74 c:/devkitpro/devkitarm/bin/../lib/gcc/arm-none-eabi/4.7.1/../../../../arm-none-eabi/lib\libsysbase.a(sbrk.o)
                0x02011690                _sbrk_r
 .text          0x02011704       0x64 c:/devkitpro/devkitarm/bin/../lib/gcc/arm-none-eabi/4.7.1/../../../../arm-none-eabi/lib\libsysbase.a(times.o)
                0x02011704                _times
                0x02011720                _times_r
                0x02011728                _gettimeofday_r
 .text          0x02011768       0x8c c:/devkitpro/devkitarm/bin/../lib/gcc/arm-none-eabi/4.7.1/../../../../arm-none-eabi/lib\libsysbase.a(write.o)
                0x02011768                _write_r
 .text          0x020117f4        0x0 c:/devkitpro/devkitarm/bin/../lib/gcc/arm-none-eabi/4.7.1/../../../../arm-none-eabi/lib\libsysbase.a(malloc_vars.o)
 .text          0x020117f4       0x94 c:/devkitpro/devkitarm/bin/../lib/gcc/arm-none-eabi/4.7.1/../../../../arm-none-eabi/lib\libsysbase.a(build_argv.o)
                0x020117f4                build_argv
 .text          0x02011888        0x0 c:/devkitpro/devkitarm/bin/../lib/gcc/arm-none-eabi/4.7.1/../../../../arm-none-eabi/lib\libsysbase.a(syscall_support.o)
 .text          0x02011888       0xac c:/devkitpro/devkitarm/bin/../lib/gcc/arm-none-eabi/4.7.1/../../../../arm-none-eabi/lib\libsysbase.a(handle_manager.o)
                0x02011888                __release_handle
                0x020118c0                __alloc_handle
                0x02011918                __get_handle
 .text          0x02011934      0x114 c:/devkitpro/devkitarm/bin/../lib/gcc/arm-none-eabi/4.7.1\libgcc.a(_udivsi3.o)
                0x02011934                __aeabi_uidiv
                0x02011934                __udivsi3
                0x02011a28                __aeabi_uidivmod
 .text          0x02011a48      0x144 c:/devkitpro/devkitarm/bin/../lib/gcc/arm-none-eabi/4.7.1\libgcc.a(_arm_cmpdf2.o)
                0x02011a48                __gtdf2
                0x02011a48                __gedf2
                0x02011a50                __ltdf2
                0x02011a50                __ledf2
                0x02011a58                __nedf2
                0x02011a58                __eqdf2
                0x02011a58                __cmpdf2
                0x02011ae0                __aeabi_cdrcmple
                0x02011afc                __aeabi_cdcmpeq
                0x02011afc                __aeabi_cdcmple
                0x02011b14                __aeabi_dcmpeq
                0x02011b2c                __aeabi_dcmplt
                0x02011b44                __aeabi_dcmple
                0x02011b5c                __aeabi_dcmpge
                0x02011b74                __aeabi_dcmpgt
 .text          0x02011b8c       0x5c c:/devkitpro/devkitarm/bin/../lib/gcc/arm-none-eabi/4.7.1\libgcc.a(_arm_fixdfsi.o)
                0x02011b8c                __aeabi_d2iz
                0x02011b8c                __fixdfsi
 .text          0x02011be8       0x3c c:/devkitpro/devkitarm/bin/../lib/gcc/arm-none-eabi/4.7.1\libgcc.a(_aeabi_uldivmod.o)
                0x02011be8                __aeabi_uldivmod
 .text          0x02011c24       0x84 c:/devkitpro/devkitarm/bin/../lib/gcc/arm-none-eabi/4.7.1\libgcc.a(bpabi.o)
                0x02011c24                __gnu_ldivmod_helper
                0x02011c68                __gnu_uldivmod_helper
 .text          0x02011ca8      0x4f0 c:/devkitpro/devkitarm/bin/../lib/gcc/arm-none-eabi/4.7.1\libgcc.a(_divdi3.o)
                0x02011ca8                __divdi3
 .text          0x02012198      0x488 c:/devkitpro/devkitarm/bin/../lib/gcc/arm-none-eabi/4.7.1\libgcc.a(_udivdi3.o)
                0x02012198                __udivdi3
 .text          0x02012620       0x48 c:/devkitpro/devkitarm/bin/../lib/gcc/arm-none-eabi/4.7.1\libgcc.a(_clzsi2.o)
                0x02012620                __clzsi2
 .text          0x02012668       0x10 c:/devkitpro/devkitarm/bin/../lib/gcc/arm-none-eabi/4.7.1/../../../../arm-none-eabi/lib\libg.a(lib_a-errno.o)
                0x02012668                __errno
 .text          0x02012678        0x0 c:/devkitpro/devkitarm/bin/../lib/gcc/arm-none-eabi/4.7.1/crtend.o
 .text          0x02012678        0x0 c:/devkitpro/devkitarm/bin/../lib/gcc/arm-none-eabi/4.7.1/crtn.o
 *(.text.*)
 .text.startup  0x02012678      0x4e8 vitiram.o
                0x02012678                main
 .text.startup.stub
                0x02012b60       0x64 linker stubs
 *(.stub)
 *(.gnu.warning)
 *(.gnu.linkonce.t*)
 *(.glue_7)
 .glue_7        0x00000000        0x0 linker stubs
 *(.glue_7t)
 .glue_7t       0x00000000        0x0 linker stubs
                0x02012bc4                . = ALIGN (0x4)

.vfp11_veneer   0x02012bd0        0x0
 .vfp11_veneer  0x00000000        0x0 linker stubs

.v4_bx          0x02012bd0        0x0
 .v4_bx         0x00000000        0x0 linker stubs

.iplt           0x02012bd0        0x0
 .iplt          0x00000000        0x0 c:/devkitpro/devkitarm/bin/../lib/gcc/arm-none-eabi/4.7.1/../../../../arm-none-eabi/lib/ds_arm9_crt0.o

.fini           0x02012bd0       0x18
 *(.fini)
 .fini          0x02012bd0        0xc c:/devkitpro/devkitarm/bin/../lib/gcc/arm-none-eabi/4.7.1/crti.o
                0x02012bd0                _fini
 .fini          0x02012bdc        0xc c:/devkitpro/devkitarm/bin/../lib/gcc/arm-none-eabi/4.7.1/crtn.o
                0x02012be8                __text_end = .

.rodata         0x02012be8     0x60ac
 *(.rodata)
 .rodata        0x02012be8       0xa0 vitiram.o
 .rodata        0x02012c88      0x200 c:/devkitPro/libnds/lib\libnds9.a(console.o)
 .rodata        0x02012e88     0x2004 c:/devkitPro/libnds/lib\libnds9.a(default_font.bin.o)
                0x02012e88                default_font_bin
                0x02014e88                default_font_bin_size
                0x02014e88                default_font_bin_end
 .rodata        0x02014e8c      0x308 c:/devkitPro/libnds/lib\libnds9.a(trig.o)
                0x02014e8c                SIN_LUT
                0x02014f90                TAN_LUT
 .rodata        0x02015194        0x4 c:/devkitpro/devkitarm/bin/../lib/gcc/arm-none-eabi/4.7.1/../../../../arm-none-eabi/lib\libg.a(lib_a-impure.o)
                0x02015194                _global_impure_ptr
 .rodata        0x02015198       0x24 c:/devkitpro/devkitarm/bin/../lib/gcc/arm-none-eabi/4.7.1/../../../../arm-none-eabi/lib\libg.a(lib_a-svfiscanf.o)
 .rodata        0x020151bc       0x20 c:/devkitpro/devkitarm/bin/../lib/gcc/arm-none-eabi/4.7.1/../../../../arm-none-eabi/lib\libg.a(lib_a-vfiprintf.o)
 .rodata        0x020151dc       0x20 c:/devkitpro/devkitarm/bin/../lib/gcc/arm-none-eabi/4.7.1/../../../../arm-none-eabi/lib\libg.a(lib_a-vfprintf.o)
 .rodata        0x020151fc      0x104 c:/devkitpro/devkitarm/bin/../lib/gcc/arm-none-eabi/4.7.1/../../../../arm-none-eabi/lib\libg.a(lib_a-ctype_.o)
                0x020151fc                _ctype_
 .rodata        0x02015300     0x34d0 c:/devkitpro/devkitarm/bin/../lib/gcc/arm-none-eabi/4.7.1/../../../../arm-none-eabi/lib\libg.a(lib_a-jp2uc.o)
 .rodata        0x020187d0       0x1c c:/devkitpro/devkitarm/bin/../lib/gcc/arm-none-eabi/4.7.1/../../../../arm-none-eabi/lib\libg.a(lib_a-locale.o)
 .rodata        0x020187ec       0x90 c:/devkitpro/devkitarm/bin/../lib/gcc/arm-none-eabi/4.7.1/../../../../arm-none-eabi/lib\libg.a(lib_a-mbtowc_r.o)
 *fill*         0x0201887c        0x4 ff
 .rodata        0x02018880      0x128 c:/devkitpro/devkitarm/bin/../lib/gcc/arm-none-eabi/4.7.1/../../../../arm-none-eabi/lib\libg.a(lib_a-mprec.o)
                0x02018890                __mprec_tens
                0x02018958                __mprec_tinytens
                0x02018980                __mprec_bigtens
 .rodata        0x020189a8       0x64 c:/devkitpro/devkitarm/bin/../lib/gcc/arm-none-eabi/4.7.1/../../../../arm-none-eabi/lib\libsysbase.a(iosupport.o)
                0x020189a8                dotab_stdnull
 *all.rodata*(*)
 *(.roda)
 *(.rodata.*)
 .rodata.str1.4
                0x02018a0c       0xad vitiram.o
                                 0xb0 (size before relaxing)
 *fill*         0x02018ab9        0x3 ff
 .rodata.str1.4
                0x02018abc       0x49 c:/devkitPro/libnds/lib\libnds9.a(console.o)
                                 0x4c (size before relaxing)
 *fill*         0x02018b05        0x3 ff
 .rodata.str1.4
                0x02018b08        0x2 c:/devkitpro/devkitarm/bin/../lib/gcc/arm-none-eabi/4.7.1/../../../../arm-none-eabi/lib\libg.a(lib_a-impure.o)
                                  0x4 (size before relaxing)
 *fill*         0x02018b0a        0x2 ff
 .rodata.str1.4
                0x02018b0c        0x2 c:/devkitpro/devkitarm/bin/../lib/gcc/arm-none-eabi/4.7.1/../../../../arm-none-eabi/lib\libg.a(lib_a-puts.o)
                                  0x4 (size before relaxing)
 *fill*         0x02018b0e        0x2 ff
 .rodata.str1.4
                0x02018b10       0x2f c:/devkitpro/devkitarm/bin/../lib/gcc/arm-none-eabi/4.7.1/../../../../arm-none-eabi/lib\libg.a(lib_a-vfiprintf.o)
                                 0x30 (size before relaxing)
 *fill*         0x02018b3f        0x1 ff
 .rodata.str1.4
                0x02018b40       0x12 c:/devkitpro/devkitarm/bin/../lib/gcc/arm-none-eabi/4.7.1/../../../../arm-none-eabi/lib\libg.a(lib_a-vfprintf.o)
                                 0x44 (size before relaxing)
 *fill*         0x02018b52        0x2 ff
 .rodata.str1.4
                0x02018b54       0x10 c:/devkitpro/devkitarm/bin/../lib/gcc/arm-none-eabi/4.7.1/../../../../arm-none-eabi/lib\libg.a(lib_a-dtoa.o)
                                 0x14 (size before relaxing)
 .rodata.str1.4
                0x02018b64       0x12 c:/devkitpro/devkitarm/bin/../lib/gcc/arm-none-eabi/4.7.1/../../../../arm-none-eabi/lib\libg.a(lib_a-jp2uc.o)
                                 0x14 (size before relaxing)
 *fill*         0x02018b76        0x2 ff
 .rodata.str1.4
                0x02018b78      0x112 c:/devkitpro/devkitarm/bin/../lib/gcc/arm-none-eabi/4.7.1/../../../../arm-none-eabi/lib\libg.a(lib_a-locale.o)
                                0x130 (size before relaxing)
 .rodata.str1.4
                0x00000000        0x4 c:/devkitpro/devkitarm/bin/../lib/gcc/arm-none-eabi/4.7.1/../../../../arm-none-eabi/lib\libg.a(lib_a-mbrtowc.o)
 *fill*         0x02018c8a        0x2 ff
 .rodata.str1.4
                0x02018c8c        0x8 c:/devkitpro/devkitarm/bin/../lib/gcc/arm-none-eabi/4.7.1/../../../../arm-none-eabi/lib\libsysbase.a(iosupport.o)
 *(.gnu.linkonce.r*)
                0x02018c94                . = ALIGN (0x4)

.rel.dyn        0x02018c94        0x0
 .rel.iplt      0x00000000        0x0 c:/devkitpro/devkitarm/bin/../lib/gcc/arm-none-eabi/4.7.1/../../../../arm-none-eabi/lib/ds_arm9_crt0.o

.ARM.extab
 *(.ARM.extab* .gnu.linkonce.armextab.*)
                0x02018c94                __exidx_start = .

ARM.exidx
 *(.ARM.exidx* .gnu.linkonce.armexidx.*)
                0x02018c94                __exidx_end = .
                0x02018c94                . = ALIGN (0x4)
                0x02018c94                PROVIDE (__preinit_array_start, .)

.preinit_array
 *(.preinit_array)
                0x02018c94                PROVIDE (__preinit_array_end, .)
                0x02018c94                PROVIDE (__init_array_start, .)

.init_array     0x02018c94        0x4
 *(SORT(.init_array.*))
 *(.init_array)
 .init_array    0x02018c94        0x4 c:/devkitpro/devkitarm/bin/../lib/gcc/arm-none-eabi/4.7.1/crtbegin.o
                0x02018c98                PROVIDE (__init_array_end, .)
                0x02018c98                PROVIDE (__fini_array_start, .)

.fini_array     0x02018c98        0x4
 *(.fini_array)
 .fini_array    0x02018c98        0x4 c:/devkitpro/devkitarm/bin/../lib/gcc/arm-none-eabi/4.7.1/crtbegin.o
 *(SORT(.fini_array.*))
                0x02018c9c                PROVIDE (__fini_array_end, .)

.ctors          0x02018c9c        0x0
 *crtbegin.o(.ctors)
 *(EXCLUDE_FILE(*crtend.o) .ctors)
 *(SORT(.ctors.*))
 *(.ctors)
                0x02018c9c                . = ALIGN (0x4)

.dtors          0x02018c9c        0x0
 *crtbegin.o(.dtors)
 *(EXCLUDE_FILE(*crtend.o) .dtors)
 *(SORT(.dtors.*))
 *(.dtors)
                0x02018c9c                . = ALIGN (0x4)

.eh_frame       0x02018c9c        0x4
 *(.eh_frame)
 .eh_frame      0x02018c9c        0x0 c:/devkitpro/devkitarm/bin/../lib/gcc/arm-none-eabi/4.7.1/crtbegin.o
 .eh_frame      0x02018c9c        0x4 c:/devkitpro/devkitarm/bin/../lib/gcc/arm-none-eabi/4.7.1/crtend.o
                0x02018ca0                . = ALIGN (0x4)

.gcc_except_table
                0x02018ca0        0x0
 *(.gcc_except_table)
                0x02018ca0                . = ALIGN (0x4)

.jcr            0x02018ca0        0x4
 *(.jcr)
 .jcr           0x02018ca0        0x0 c:/devkitpro/devkitarm/bin/../lib/gcc/arm-none-eabi/4.7.1/crtbegin.o
 .jcr           0x02018ca0        0x4 c:/devkitpro/devkitarm/bin/../lib/gcc/arm-none-eabi/4.7.1/crtend.o

.got
 *(.got.plt)
 *(.got)
 *(.rel.got)

.ewram          0x02018ca4        0x0
                0x02018ca4                __ewram_start = ABSOLUTE (.)
 *(.ewram)
 *ewram.*(.text)
                0x02018ca4                . = ALIGN (0x4)

.data           0x02018ca4      0xaf4
                0x02018ca4                __data_start = ABSOLUTE (.)
 *(.data)
 .data          0x02018ca4        0x0 c:/devkitpro/devkitarm/bin/../lib/gcc/arm-none-eabi/4.7.1/../../../../arm-none-eabi/lib/ds_arm9_crt0.o
 .data          0x02018ca4        0x0 c:/devkitpro/devkitarm/bin/../lib/gcc/arm-none-eabi/4.7.1/crti.o
 .data          0x02018ca4        0x4 c:/devkitpro/devkitarm/bin/../lib/gcc/arm-none-eabi/4.7.1/crtbegin.o
                0x02018ca4                __dso_handle
 .data          0x02018ca8        0xc vitiram.o
 .data          0x02018cb4       0x64 c:/devkitPro/libnds/lib\libnds9.a(console.o)
                0x02018cb4                currentConsole
                0x02018cb8                defaultConsole
 .data          0x02018d18        0x0 c:/devkitPro/libnds/lib\libnds9.a(initSystem.o)
 .data          0x02018d18       0x10 c:/devkitPro/libnds/lib\libnds9.a(fifosystem.o)
                0x02018d18                fifo_buffer_free
                0x02018d1c                fifo_freewords
                0x02018d20                fifo_send_queue
                0x02018d24                fifo_receive_queue
 .data          0x02018d28        0x0 c:/devkitPro/libnds/lib\libnds9.a(interrupts.o)
 .data          0x02018d28        0x0 c:/devkitPro/libnds/lib\libnds9.a(libnds_exit.arm.o)
 .data          0x02018d28        0x0 c:/devkitPro/libnds/lib\libnds9.a(mpu_setup.o)
 .data          0x02018d28        0x0 c:/devkitPro/libnds/lib\libnds9.a(biosCalls.o)
 .data          0x02018d28        0x0 c:/devkitPro/libnds/lib\libnds9.a(debugprint.o)
 .data          0x02018d28        0x0 c:/devkitPro/libnds/lib\libnds9.a(interruptDispatcher.o)
 .data          0x02018d28        0x0 c:/devkitPro/libnds/lib\libnds9.a(swiSoftReset.o)
 .data          0x02018d28        0x0 c:/devkitPro/libnds/lib\libnds9.a(default_font.bin.o)
 .data          0x02018d28       0x60 c:/devkitPro/libnds/lib\libnds9.a(background.o)
                0x02018d28                bgScrollTable
                0x02018d48                bgTransform
                0x02018d68                bgControl
 .data          0x02018d88        0x0 c:/devkitPro/libnds/lib\libnds9.a(system.o)
 .data          0x02018d88        0x0 c:/devkitPro/libnds/lib\libnds9.a(trig.o)
 .data          0x02018d88        0x0 c:/devkitPro/libnds/lib\libnds9.a(video.o)
 .data          0x02018d88        0x0 c:/devkitpro/devkitarm/bin/../lib/gcc/arm-none-eabi/4.7.1\libgcc.a(_divsi3.o)
 .data          0x02018d88        0x0 c:/devkitpro/devkitarm/bin/../lib/gcc/arm-none-eabi/4.7.1\libgcc.a(_dvmd_tls.o)
 .data          0x02018d88        0x0 c:/devkitpro/devkitarm/bin/../lib/gcc/arm-none-eabi/4.7.1\libgcc.a(_arm_addsubdf3.o)
 .data          0x02018d88        0x0 c:/devkitpro/devkitarm/bin/../lib/gcc/arm-none-eabi/4.7.1\libgcc.a(_arm_muldivdf3.o)
 .data          0x02018d88        0x0 c:/devkitpro/devkitarm/bin/../lib/gcc/arm-none-eabi/4.7.1\libgcc.a(_arm_truncdfsf2.o)
 .data          0x02018d88        0x0 c:/devkitpro/devkitarm/bin/../lib/gcc/arm-none-eabi/4.7.1\libgcc.a(_arm_addsubsf3.o)
 .data          0x02018d88        0x0 c:/devkitpro/devkitarm/bin/../lib/gcc/arm-none-eabi/4.7.1\libgcc.a(_arm_muldivsf3.o)
 .data          0x02018d88        0x0 c:/devkitpro/devkitarm/bin/../lib/gcc/arm-none-eabi/4.7.1\libgcc.a(_arm_cmpsf2.o)
 .data          0x02018d88        0x0 c:/devkitpro/devkitarm/bin/../lib/gcc/arm-none-eabi/4.7.1\libgcc.a(_arm_fixunssfsi.o)
 .data          0x02018d88        0x0 c:/devkitpro/devkitarm/bin/../lib/gcc/arm-none-eabi/4.7.1/../../../../arm-none-eabi/lib\libg.a(lib_a-bsearch.o)
 .data          0x02018d88      0x430 c:/devkitpro/devkitarm/bin/../lib/gcc/arm-none-eabi/4.7.1/../../../../arm-none-eabi/lib\libg.a(lib_a-impure.o)
                0x02018d88                _impure_ptr
 .data          0x020191b8        0x0 c:/devkitpro/devkitarm/bin/../lib/gcc/arm-none-eabi/4.7.1/../../../../arm-none-eabi/lib\libg.a(lib_a-init.o)
 .data          0x020191b8        0x0 c:/devkitpro/devkitarm/bin/../lib/gcc/arm-none-eabi/4.7.1/../../../../arm-none-eabi/lib\libg.a(lib_a-iprintf.o)
 .data          0x020191b8        0x0 c:/devkitpro/devkitarm/bin/../lib/gcc/arm-none-eabi/4.7.1/../../../../arm-none-eabi/lib\libg.a(lib_a-memcpy-stub.o)
 .data          0x020191b8        0x0 c:/devkitpro/devkitarm/bin/../lib/gcc/arm-none-eabi/4.7.1/../../../../arm-none-eabi/lib\libg.a(lib_a-memset.o)
 .data          0x020191b8        0x0 c:/devkitpro/devkitarm/bin/../lib/gcc/arm-none-eabi/4.7.1/../../../../arm-none-eabi/lib\libg.a(lib_a-printf.o)
 .data          0x020191b8        0x0 c:/devkitpro/devkitarm/bin/../lib/gcc/arm-none-eabi/4.7.1/../../../../arm-none-eabi/lib\libg.a(lib_a-puts.o)
 .data          0x020191b8        0x0 c:/devkitpro/devkitarm/bin/../lib/gcc/arm-none-eabi/4.7.1/../../../../arm-none-eabi/lib\libg.a(lib_a-setvbuf.o)
 .data          0x020191b8        0x0 c:/devkitpro/devkitarm/bin/../lib/gcc/arm-none-eabi/4.7.1/../../../../arm-none-eabi/lib\libg.a(lib_a-siscanf.o)
 .data          0x020191b8        0x0 c:/devkitpro/devkitarm/bin/../lib/gcc/arm-none-eabi/4.7.1/../../../../arm-none-eabi/lib\libg.a(lib_a-stdio.o)
 .data          0x020191b8        0x0 c:/devkitpro/devkitarm/bin/../lib/gcc/arm-none-eabi/4.7.1/../../../../arm-none-eabi/lib\libg.a(lib_a-strlen.o)
 .data          0x020191b8        0x0 c:/devkitpro/devkitarm/bin/../lib/gcc/arm-none-eabi/4.7.1/../../../../arm-none-eabi/lib\libg.a(lib_a-svfiscanf.o)
 .data          0x020191b8        0x0 c:/devkitpro/devkitarm/bin/../lib/gcc/arm-none-eabi/4.7.1/../../../../arm-none-eabi/lib\libg.a(lib_a-ungetc.o)
 .data          0x020191b8        0x0 c:/devkitpro/devkitarm/bin/../lib/gcc/arm-none-eabi/4.7.1/../../../../arm-none-eabi/lib\libg.a(lib_a-vfiprintf.o)
 .data          0x020191b8        0x0 c:/devkitpro/devkitarm/bin/../lib/gcc/arm-none-eabi/4.7.1/../../../../arm-none-eabi/lib\libg.a(lib_a-vfprintf.o)
 .data          0x020191b8        0x0 c:/devkitpro/devkitarm/bin/../lib/gcc/arm-none-eabi/4.7.1/../../../../arm-none-eabi/lib\libg.a(lib_a-wcrtomb.o)
 .data          0x020191b8        0x0 c:/devkitpro/devkitarm/bin/../lib/gcc/arm-none-eabi/4.7.1/../../../../arm-none-eabi/lib\libg.a(lib_a-wcsrtombs.o)
 .data          0x020191b8        0x4 c:/devkitpro/devkitarm/bin/../lib/gcc/arm-none-eabi/4.7.1/../../../../arm-none-eabi/lib\libg.a(lib_a-wctomb_r.o)
                0x020191b8                __wctomb
 .data          0x020191bc        0x0 c:/devkitpro/devkitarm/bin/../lib/gcc/arm-none-eabi/4.7.1/../../../../arm-none-eabi/lib\libg.a(lib_a-wsetup.o)
 .data          0x020191bc        0x4 c:/devkitpro/devkitarm/bin/../lib/gcc/arm-none-eabi/4.7.1/../../../../arm-none-eabi/lib\libg.a(lib_a-ctype_.o)
                0x020191bc                __ctype_ptr__
 .data          0x020191c0        0x0 c:/devkitpro/devkitarm/bin/../lib/gcc/arm-none-eabi/4.7.1/../../../../arm-none-eabi/lib\libg.a(lib_a-dtoa.o)
 .data          0x020191c0        0x0 c:/devkitpro/devkitarm/bin/../lib/gcc/arm-none-eabi/4.7.1/../../../../arm-none-eabi/lib\libg.a(lib_a-fflush.o)
 .data          0x020191c0        0x0 c:/devkitpro/devkitarm/bin/../lib/gcc/arm-none-eabi/4.7.1/../../../../arm-none-eabi/lib\libg.a(lib_a-findfp.o)
 .data          0x020191c0        0x0 c:/devkitpro/devkitarm/bin/../lib/gcc/arm-none-eabi/4.7.1/../../../../arm-none-eabi/lib\libg.a(lib_a-fputwc.o)
 .data          0x020191c0        0x0 c:/devkitpro/devkitarm/bin/../lib/gcc/arm-none-eabi/4.7.1/../../../../arm-none-eabi/lib\libg.a(lib_a-freer.o)
 .data          0x020191c0        0x0 c:/devkitpro/devkitarm/bin/../lib/gcc/arm-none-eabi/4.7.1/../../../../arm-none-eabi/lib\libg.a(lib_a-fvwrite.o)
 .data          0x020191c0        0x0 c:/devkitpro/devkitarm/bin/../lib/gcc/arm-none-eabi/4.7.1/../../../../arm-none-eabi/lib\libg.a(lib_a-fwalk.o)
 .data          0x020191c0        0x0 c:/devkitpro/devkitarm/bin/../lib/gcc/arm-none-eabi/4.7.1/../../../../arm-none-eabi/lib\libg.a(lib_a-iswspace.o)
 .data          0x020191c0        0x0 c:/devkitpro/devkitarm/bin/../lib/gcc/arm-none-eabi/4.7.1/../../../../arm-none-eabi/lib\libg.a(lib_a-jp2uc.o)
 .data          0x020191c0      0x17c c:/devkitpro/devkitarm/bin/../lib/gcc/arm-none-eabi/4.7.1/../../../../arm-none-eabi/lib\libg.a(lib_a-locale.o)
                0x020191c0                __default_locale
                0x020192e0                __mb_cur_max
 .data          0x0201933c        0x0 c:/devkitpro/devkitarm/bin/../lib/gcc/arm-none-eabi/4.7.1/../../../../arm-none-eabi/lib\libg.a(lib_a-makebuf.o)
 .data          0x0201933c        0x0 c:/devkitpro/devkitarm/bin/../lib/gcc/arm-none-eabi/4.7.1/../../../../arm-none-eabi/lib\libg.a(lib_a-malloc.o)
 .data          0x0201933c      0x410 c:/devkitpro/devkitarm/bin/../lib/gcc/arm-none-eabi/4.7.1/../../../../arm-none-eabi/lib\libg.a(lib_a-mallocr.o)
                0x0201933c                __malloc_av_
                0x02019744                __malloc_sbrk_base
                0x02019748                __malloc_trim_threshold
 .data          0x0201974c        0x0 c:/devkitpro/devkitarm/bin/../lib/gcc/arm-none-eabi/4.7.1/../../../../arm-none-eabi/lib\libg.a(lib_a-mbrtowc.o)
 .data          0x0201974c        0x4 c:/devkitpro/devkitarm/bin/../lib/gcc/arm-none-eabi/4.7.1/../../../../arm-none-eabi/lib\libg.a(lib_a-mbtowc_r.o)
                0x0201974c                __mbtowc
 .data          0x02019750        0x0 c:/devkitpro/devkitarm/bin/../lib/gcc/arm-none-eabi/4.7.1/../../../../arm-none-eabi/lib\libg.a(lib_a-memchr-stub.o)
 .data          0x02019750        0x0 c:/devkitpro/devkitarm/bin/../lib/gcc/arm-none-eabi/4.7.1/../../../../arm-none-eabi/lib\libg.a(lib_a-memmove.o)
 .data          0x02019750        0x0 c:/devkitpro/devkitarm/bin/../lib/gcc/arm-none-eabi/4.7.1/../../../../arm-none-eabi/lib\libg.a(lib_a-mlock.o)
 .data          0x02019750        0x0 c:/devkitpro/devkitarm/bin/../lib/gcc/arm-none-eabi/4.7.1/../../../../arm-none-eabi/lib\libg.a(lib_a-mprec.o)
 .data          0x02019750        0x0 c:/devkitpro/devkitarm/bin/../lib/gcc/arm-none-eabi/4.7.1/../../../../arm-none-eabi/lib\libg.a(lib_a-reallocr.o)
 .data          0x02019750        0x0 c:/devkitpro/devkitarm/bin/../lib/gcc/arm-none-eabi/4.7.1/../../../../arm-none-eabi/lib\libg.a(lib_a-sccl.o)
 .data          0x02019750        0x0 c:/devkitpro/devkitarm/bin/../lib/gcc/arm-none-eabi/4.7.1/../../../../arm-none-eabi/lib\libg.a(lib_a-s_fpclassify.o)
 .data          0x02019750        0x0 c:/devkitpro/devkitarm/bin/../lib/gcc/arm-none-eabi/4.7.1/../../../../arm-none-eabi/lib\libg.a(lib_a-strcasecmp.o)
 .data          0x02019750        0x0 c:/devkitpro/devkitarm/bin/../lib/gcc/arm-none-eabi/4.7.1/../../../../arm-none-eabi/lib\libg.a(lib_a-strcat.o)
 .data          0x02019750        0x0 c:/devkitpro/devkitarm/bin/../lib/gcc/arm-none-eabi/4.7.1/../../../../arm-none-eabi/lib\libg.a(lib_a-strchr.o)
 .data          0x02019750        0x0 c:/devkitpro/devkitarm/bin/../lib/gcc/arm-none-eabi/4.7.1/../../../../arm-none-eabi/lib\libg.a(lib_a-strcmp.o)
 .data          0x02019750        0x0 c:/devkitpro/devkitarm/bin/../lib/gcc/arm-none-eabi/4.7.1/../../../../arm-none-eabi/lib\libg.a(lib_a-strcpy.o)
 .data          0x02019750        0x0 c:/devkitpro/devkitarm/bin/../lib/gcc/arm-none-eabi/4.7.1/../../../../arm-none-eabi/lib\libg.a(lib_a-strlcpy.o)
 .data          0x02019750        0x0 c:/devkitpro/devkitarm/bin/../lib/gcc/arm-none-eabi/4.7.1/../../../../arm-none-eabi/lib\libg.a(lib_a-strncasecmp.o)
 .data          0x02019750        0x0 c:/devkitpro/devkitarm/bin/../lib/gcc/arm-none-eabi/4.7.1/../../../../arm-none-eabi/lib\libg.a(lib_a-strncmp.o)
 .data          0x02019750        0x0 c:/devkitpro/devkitarm/bin/../lib/gcc/arm-none-eabi/4.7.1/../../../../arm-none-eabi/lib\libg.a(lib_a-strncpy.o)
 .data          0x02019750        0x0 c:/devkitpro/devkitarm/bin/../lib/gcc/arm-none-eabi/4.7.1/../../../../arm-none-eabi/lib\libg.a(lib_a-strtoll_r.o)
 .data          0x02019750        0x0 c:/devkitpro/devkitarm/bin/../lib/gcc/arm-none-eabi/4.7.1/../../../../arm-none-eabi/lib\libg.a(lib_a-strtol.o)
 .data          0x02019750        0x0 c:/devkitpro/devkitarm/bin/../lib/gcc/arm-none-eabi/4.7.1/../../../../arm-none-eabi/lib\libg.a(lib_a-strtoull_r.o)
 .data          0x02019750        0x0 c:/devkitpro/devkitarm/bin/../lib/gcc/arm-none-eabi/4.7.1/../../../../arm-none-eabi/lib\libg.a(lib_a-strtoul.o)
 .data          0x02019750        0x0 c:/devkitpro/devkitarm/bin/../lib/gcc/arm-none-eabi/4.7.1/../../../../arm-none-eabi/lib\libg.a(lib_a-wbuf.o)
 .data          0x02019750        0x0 c:/devkitpro/devkitarm/bin/../lib/gcc/arm-none-eabi/4.7.1/../../../../arm-none-eabi/lib\libg.a(lib_a-wcsnrtombs.o)
 .data          0x02019750        0x0 c:/devkitpro/devkitarm/bin/../lib/gcc/arm-none-eabi/4.7.1/../../../../arm-none-eabi/lib\libg.a(lib_a-callocr.o)
 .data          0x02019750        0x0 c:/devkitpro/devkitarm/bin/../lib/gcc/arm-none-eabi/4.7.1/../../../../arm-none-eabi/lib\libg.a(lib_a-fclose.o)
 .data          0x02019750        0x0 c:/devkitpro/devkitarm/bin/../lib/gcc/arm-none-eabi/4.7.1/../../../../arm-none-eabi/lib\libg.a(lib_a-getenv_r.o)
 .data          0x02019750        0x4 c:/devkitpro/devkitarm/bin/../lib/gcc/arm-none-eabi/4.7.1/../../../../arm-none-eabi/lib\libg.a(lib_a-environ.o)
                0x02019750                environ
 .data          0x02019754        0x0 c:/devkitpro/devkitarm/bin/../lib/gcc/arm-none-eabi/4.7.1/../../../../arm-none-eabi/lib\libg.a(lib_a-envlock.o)
 .data          0x02019754       0x44 c:/devkitpro/devkitarm/bin/../lib/gcc/arm-none-eabi/4.7.1/../../../../arm-none-eabi/lib\libsysbase.a(iosupport.o)
                0x02019758                devoptab_list
 .data          0x02019798        0x0 c:/devkitpro/devkitarm/bin/../lib/gcc/arm-none-eabi/4.7.1/../../../../arm-none-eabi/lib\libsysbase.a(close.o)
 .data          0x02019798        0x0 c:/devkitpro/devkitarm/bin/../lib/gcc/arm-none-eabi/4.7.1/../../../../arm-none-eabi/lib\libsysbase.a(fstat.o)
 .data          0x02019798        0x0 c:/devkitpro/devkitarm/bin/../lib/gcc/arm-none-eabi/4.7.1/../../../../arm-none-eabi/lib\libsysbase.a(isatty.o)
 .data          0x02019798        0x0 c:/devkitpro/devkitarm/bin/../lib/gcc/arm-none-eabi/4.7.1/../../../../arm-none-eabi/lib\libsysbase.a(lseek.o)
 .data          0x02019798        0x0 c:/devkitpro/devkitarm/bin/../lib/gcc/arm-none-eabi/4.7.1/../../../../arm-none-eabi/lib\libsysbase.a(read.o)
 .data          0x02019798        0x0 c:/devkitpro/devkitarm/bin/../lib/gcc/arm-none-eabi/4.7.1/../../../../arm-none-eabi/lib\libsysbase.a(sbrk.o)
 .data          0x02019798        0x0 c:/devkitpro/devkitarm/bin/../lib/gcc/arm-none-eabi/4.7.1/../../../../arm-none-eabi/lib\libsysbase.a(times.o)
 .data          0x02019798        0x0 c:/devkitpro/devkitarm/bin/../lib/gcc/arm-none-eabi/4.7.1/../../../../arm-none-eabi/lib\libsysbase.a(write.o)
 .data          0x02019798        0x0 c:/devkitpro/devkitarm/bin/../lib/gcc/arm-none-eabi/4.7.1/../../../../arm-none-eabi/lib\libsysbase.a(malloc_vars.o)
 .data          0x02019798        0x0 c:/devkitpro/devkitarm/bin/../lib/gcc/arm-none-eabi/4.7.1/../../../../arm-none-eabi/lib\libsysbase.a(build_argv.o)
 .data          0x02019798        0x0 c:/devkitpro/devkitarm/bin/../lib/gcc/arm-none-eabi/4.7.1/../../../../arm-none-eabi/lib\libsysbase.a(syscall_support.o)
 .data          0x02019798        0x0 c:/devkitpro/devkitarm/bin/../lib/gcc/arm-none-eabi/4.7.1/../../../../arm-none-eabi/lib\libsysbase.a(handle_manager.o)
 .data          0x02019798        0x0 c:/devkitpro/devkitarm/bin/../lib/gcc/arm-none-eabi/4.7.1\libgcc.a(_udivsi3.o)
 .data          0x02019798        0x0 c:/devkitpro/devkitarm/bin/../lib/gcc/arm-none-eabi/4.7.1\libgcc.a(_arm_cmpdf2.o)
 .data          0x02019798        0x0 c:/devkitpro/devkitarm/bin/../lib/gcc/arm-none-eabi/4.7.1\libgcc.a(_arm_fixdfsi.o)
 .data          0x02019798        0x0 c:/devkitpro/devkitarm/bin/../lib/gcc/arm-none-eabi/4.7.1\libgcc.a(_aeabi_uldivmod.o)
 .data          0x02019798        0x0 c:/devkitpro/devkitarm/bin/../lib/gcc/arm-none-eabi/4.7.1\libgcc.a(bpabi.o)
 .data          0x02019798        0x0 c:/devkitpro/devkitarm/bin/../lib/gcc/arm-none-eabi/4.7.1\libgcc.a(_divdi3.o)
 .data          0x02019798        0x0 c:/devkitpro/devkitarm/bin/../lib/gcc/arm-none-eabi/4.7.1\libgcc.a(_udivdi3.o)
 .data          0x02019798        0x0 c:/devkitpro/devkitarm/bin/../lib/gcc/arm-none-eabi/4.7.1\libgcc.a(_clzsi2.o)
 .data          0x02019798        0x0 c:/devkitpro/devkitarm/bin/../lib/gcc/arm-none-eabi/4.7.1/../../../../arm-none-eabi/lib\libg.a(lib_a-errno.o)
 .data          0x02019798        0x0 c:/devkitpro/devkitarm/bin/../lib/gcc/arm-none-eabi/4.7.1/crtend.o
 .data          0x02019798        0x0 c:/devkitpro/devkitarm/bin/../lib/gcc/arm-none-eabi/4.7.1/crtn.o
 *(.data.*)
 *(.gnu.linkonce.d*)
                0x02019798                . = ALIGN (0x4)
                0x02019798                __data_end = ABSOLUTE (.)
                0x02019798                __dtcm_lma = .
                0x02019798                __bss_vma = .

.igot.plt       0x02019798        0x0
 .igot.plt      0x00000000        0x0 c:/devkitpro/devkitarm/bin/../lib/gcc/arm-none-eabi/4.7.1/../../../../arm-none-eabi/lib/ds_arm9_crt0.o

.tm_clone_table
                0x02019798        0x0
 .tm_clone_table
                0x02019798        0x0 c:/devkitpro/devkitarm/bin/../lib/gcc/arm-none-eabi/4.7.1/crtbegin.o
 .tm_clone_table
                0x02019798        0x0 c:/devkitpro/devkitarm/bin/../lib/gcc/arm-none-eabi/4.7.1/crtend.o

.dtcm           0x0b000000        0x0 load address 0x02019798
 *(.dtcm)
 *(.dtcm.*)
                0x0b000000                . = ALIGN (0x4)
                0x0b000000                __dtcm_end = ABSOLUTE (.)
                0x02019798                __itcm_lma = (__dtcm_lma + SIZEOF (.dtcm))

.itcm           0x01000100      0x194 load address 0x02019798
 *(.itcm)
 .itcm          0x01000100       0xc8 c:/devkitPro/libnds/lib\libnds9.a(interrupts.o)
                0x01000100                irqTable
 .itcm          0x010001c8       0xcc c:/devkitPro/libnds/lib\libnds9.a(interruptDispatcher.o)
                0x010001c8                IntrMain
 *itcm.*(.text)
                0x01000294                . = ALIGN (0x4)
                0x01000294                __itcm_end = ABSOLUTE (.)
                0x0201992c                __vectors_lma = (__itcm_lma + SIZEOF (.itcm))

.vectors        0x01000000        0x0 load address 0x0201992c
 *(.vectors)
 *vectors.*(.text)
                0x01000000                . = ALIGN (0x4)
                0x01000000                __vectors_end = ABSOLUTE (.)

.sbss           0x0b000000        0x0
                0x0b000000                __sbss_start = ABSOLUTE (.)
                0x0b000000                __sbss_start__ = ABSOLUTE (.)
 *(.sbss)
                0x0b000000                . = ALIGN (0x4)
                0x0b000000                __sbss_end = ABSOLUTE (.)

.bss            0x02019798   0x101f1c
                0x02019798                __bss_start = ABSOLUTE (.)
                0x02019798                __bss_start__ = ABSOLUTE (.)
 *(.dynbss)
 *(.gnu.linkonce.b*)
 *(.bss*)
 .bss           0x02019798        0x0 c:/devkitpro/devkitarm/bin/../lib/gcc/arm-none-eabi/4.7.1/../../../../arm-none-eabi/lib/ds_arm9_crt0.o
 .bss           0x02019798        0x0 c:/devkitpro/devkitarm/bin/../lib/gcc/arm-none-eabi/4.7.1/crti.o
 .bss           0x02019798       0x1c c:/devkitpro/devkitarm/bin/../lib/gcc/arm-none-eabi/4.7.1/crtbegin.o
 .bss           0x020197b4    0x80000 vitiram.o
 .bss           0x020997b4        0x0 c:/devkitPro/libnds/lib\libnds9.a(console.o)
 .bss           0x020997b4        0x0 c:/devkitPro/libnds/lib\libnds9.a(initSystem.o)
 .bss           0x020997b4        0x8 c:/devkitPro/libnds/lib\libnds9.a(fifosystem.o)
                0x020997b8                processing
 .bss           0x020997bc        0x0 c:/devkitPro/libnds/lib\libnds9.a(interrupts.o)
 .bss           0x020997bc        0x0 c:/devkitPro/libnds/lib\libnds9.a(libnds_exit.arm.o)
 .bss           0x020997bc        0x0 c:/devkitPro/libnds/lib\libnds9.a(mpu_setup.o)
 .bss           0x020997bc        0x0 c:/devkitPro/libnds/lib\libnds9.a(biosCalls.o)
 .bss           0x020997bc        0x0 c:/devkitPro/libnds/lib\libnds9.a(debugprint.o)
 .bss           0x020997bc        0x0 c:/devkitPro/libnds/lib\libnds9.a(interruptDispatcher.o)
 .bss           0x020997bc        0x0 c:/devkitPro/libnds/lib\libnds9.a(swiSoftReset.o)
 .bss           0x020997bc        0x0 c:/devkitPro/libnds/lib\libnds9.a(default_font.bin.o)
 .bss           0x020997bc        0x0 c:/devkitPro/libnds/lib\libnds9.a(background.o)
 .bss           0x020997bc        0x4 c:/devkitPro/libnds/lib\libnds9.a(system.o)
 .bss           0x020997c0        0x0 c:/devkitPro/libnds/lib\libnds9.a(trig.o)
 .bss           0x020997c0        0x0 c:/devkitPro/libnds/lib\libnds9.a(video.o)
 .bss           0x020997c0        0x0 c:/devkitpro/devkitarm/bin/../lib/gcc/arm-none-eabi/4.7.1\libgcc.a(_divsi3.o)
 .bss           0x020997c0        0x0 c:/devkitpro/devkitarm/bin/../lib/gcc/arm-none-eabi/4.7.1\libgcc.a(_dvmd_tls.o)
 .bss           0x020997c0        0x0 c:/devkitpro/devkitarm/bin/../lib/gcc/arm-none-eabi/4.7.1\libgcc.a(_arm_addsubdf3.o)
 .bss           0x020997c0        0x0 c:/devkitpro/devkitarm/bin/../lib/gcc/arm-none-eabi/4.7.1\libgcc.a(_arm_muldivdf3.o)
 .bss           0x020997c0        0x0 c:/devkitpro/devkitarm/bin/../lib/gcc/arm-none-eabi/4.7.1\libgcc.a(_arm_truncdfsf2.o)
 .bss           0x020997c0        0x0 c:/devkitpro/devkitarm/bin/../lib/gcc/arm-none-eabi/4.7.1\libgcc.a(_arm_addsubsf3.o)
 .bss           0x020997c0        0x0 c:/devkitpro/devkitarm/bin/../lib/gcc/arm-none-eabi/4.7.1\libgcc.a(_arm_muldivsf3.o)
 .bss           0x020997c0        0x0 c:/devkitpro/devkitarm/bin/../lib/gcc/arm-none-eabi/4.7.1\libgcc.a(_arm_cmpsf2.o)
 .bss           0x020997c0        0x0 c:/devkitpro/devkitarm/bin/../lib/gcc/arm-none-eabi/4.7.1\libgcc.a(_arm_fixunssfsi.o)
 .bss           0x020997c0        0x0 c:/devkitpro/devkitarm/bin/../lib/gcc/arm-none-eabi/4.7.1/../../../../arm-none-eabi/lib\libg.a(lib_a-bsearch.o)
 .bss           0x020997c0        0x0 c:/devkitpro/devkitarm/bin/../lib/gcc/arm-none-eabi/4.7.1/../../../../arm-none-eabi/lib\libg.a(lib_a-impure.o)
 .bss           0x020997c0        0x0 c:/devkitpro/devkitarm/bin/../lib/gcc/arm-none-eabi/4.7.1/../../../../arm-none-eabi/lib\libg.a(lib_a-init.o)
 .bss           0x020997c0        0x0 c:/devkitpro/devkitarm/bin/../lib/gcc/arm-none-eabi/4.7.1/../../../../arm-none-eabi/lib\libg.a(lib_a-iprintf.o)
 .bss           0x020997c0        0x0 c:/devkitpro/devkitarm/bin/../lib/gcc/arm-none-eabi/4.7.1/../../../../arm-none-eabi/lib\libg.a(lib_a-memcpy-stub.o)
 .bss           0x020997c0        0x0 c:/devkitpro/devkitarm/bin/../lib/gcc/arm-none-eabi/4.7.1/../../../../arm-none-eabi/lib\libg.a(lib_a-memset.o)
 .bss           0x020997c0        0x0 c:/devkitpro/devkitarm/bin/../lib/gcc/arm-none-eabi/4.7.1/../../../../arm-none-eabi/lib\libg.a(lib_a-printf.o)
 .bss           0x020997c0        0x0 c:/devkitpro/devkitarm/bin/../lib/gcc/arm-none-eabi/4.7.1/../../../../arm-none-eabi/lib\libg.a(lib_a-puts.o)
 .bss           0x020997c0        0x0 c:/devkitpro/devkitarm/bin/../lib/gcc/arm-none-eabi/4.7.1/../../../../arm-none-eabi/lib\libg.a(lib_a-setvbuf.o)
 .bss           0x020997c0        0x0 c:/devkitpro/devkitarm/bin/../lib/gcc/arm-none-eabi/4.7.1/../../../../arm-none-eabi/lib\libg.a(lib_a-siscanf.o)
 .bss           0x020997c0        0x0 c:/devkitpro/devkitarm/bin/../lib/gcc/arm-none-eabi/4.7.1/../../../../arm-none-eabi/lib\libg.a(lib_a-stdio.o)
 .bss           0x020997c0        0x0 c:/devkitpro/devkitarm/bin/../lib/gcc/arm-none-eabi/4.7.1/../../../../arm-none-eabi/lib\libg.a(lib_a-strlen.o)
 .bss           0x020997c0        0x0 c:/devkitpro/devkitarm/bin/../lib/gcc/arm-none-eabi/4.7.1/../../../../arm-none-eabi/lib\libg.a(lib_a-svfiscanf.o)
 .bss           0x020997c0        0x0 c:/devkitpro/devkitarm/bin/../lib/gcc/arm-none-eabi/4.7.1/../../../../arm-none-eabi/lib\libg.a(lib_a-ungetc.o)
 .bss           0x020997c0        0x0 c:/devkitpro/devkitarm/bin/../lib/gcc/arm-none-eabi/4.7.1/../../../../arm-none-eabi/lib\libg.a(lib_a-vfiprintf.o)
 .bss           0x020997c0        0x0 c:/devkitpro/devkitarm/bin/../lib/gcc/arm-none-eabi/4.7.1/../../../../arm-none-eabi/lib\libg.a(lib_a-vfprintf.o)
 .bss           0x020997c0        0x0 c:/devkitpro/devkitarm/bin/../lib/gcc/arm-none-eabi/4.7.1/../../../../arm-none-eabi/lib\libg.a(lib_a-wcrtomb.o)
 .bss           0x020997c0        0x0 c:/devkitpro/devkitarm/bin/../lib/gcc/arm-none-eabi/4.7.1/../../../../arm-none-eabi/lib\libg.a(lib_a-wcsrtombs.o)
 .bss           0x020997c0        0x0 c:/devkitpro/devkitarm/bin/../lib/gcc/arm-none-eabi/4.7.1/../../../../arm-none-eabi/lib\libg.a(lib_a-wctomb_r.o)
 .bss           0x020997c0        0x0 c:/devkitpro/devkitarm/bin/../lib/gcc/arm-none-eabi/4.7.1/../../../../arm-none-eabi/lib\libg.a(lib_a-wsetup.o)
 .bss           0x020997c0        0x0 c:/devkitpro/devkitarm/bin/../lib/gcc/arm-none-eabi/4.7.1/../../../../arm-none-eabi/lib\libg.a(lib_a-ctype_.o)
 .bss           0x020997c0        0x0 c:/devkitpro/devkitarm/bin/../lib/gcc/arm-none-eabi/4.7.1/../../../../arm-none-eabi/lib\libg.a(lib_a-dtoa.o)
 .bss           0x020997c0        0x0 c:/devkitpro/devkitarm/bin/../lib/gcc/arm-none-eabi/4.7.1/../../../../arm-none-eabi/lib\libg.a(lib_a-fflush.o)
 .bss           0x020997c0        0x0 c:/devkitpro/devkitarm/bin/../lib/gcc/arm-none-eabi/4.7.1/../../../../arm-none-eabi/lib\libg.a(lib_a-findfp.o)
 .bss           0x020997c0        0x0 c:/devkitpro/devkitarm/bin/../lib/gcc/arm-none-eabi/4.7.1/../../../../arm-none-eabi/lib\libg.a(lib_a-fputwc.o)
 .bss           0x020997c0        0x0 c:/devkitpro/devkitarm/bin/../lib/gcc/arm-none-eabi/4.7.1/../../../../arm-none-eabi/lib\libg.a(lib_a-freer.o)
 .bss           0x020997c0        0x0 c:/devkitpro/devkitarm/bin/../lib/gcc/arm-none-eabi/4.7.1/../../../../arm-none-eabi/lib\libg.a(lib_a-fvwrite.o)
 .bss           0x020997c0        0x0 c:/devkitpro/devkitarm/bin/../lib/gcc/arm-none-eabi/4.7.1/../../../../arm-none-eabi/lib\libg.a(lib_a-fwalk.o)
 .bss           0x020997c0        0x0 c:/devkitpro/devkitarm/bin/../lib/gcc/arm-none-eabi/4.7.1/../../../../arm-none-eabi/lib\libg.a(lib_a-iswspace.o)
 .bss           0x020997c0        0x0 c:/devkitpro/devkitarm/bin/../lib/gcc/arm-none-eabi/4.7.1/../../../../arm-none-eabi/lib\libg.a(lib_a-jp2uc.o)
 .bss           0x020997c0      0x2b8 c:/devkitpro/devkitarm/bin/../lib/gcc/arm-none-eabi/4.7.1/../../../../arm-none-eabi/lib\libg.a(lib_a-locale.o)
                0x02099a6c                _PathLocale
                0x02099a70                __mlocale_changed
                0x02099a74                __nlocale_changed
 .bss           0x02099a78        0x0 c:/devkitpro/devkitarm/bin/../lib/gcc/arm-none-eabi/4.7.1/../../../../arm-none-eabi/lib\libg.a(lib_a-makebuf.o)
 .bss           0x02099a78        0x0 c:/devkitpro/devkitarm/bin/../lib/gcc/arm-none-eabi/4.7.1/../../../../arm-none-eabi/lib\libg.a(lib_a-malloc.o)
 .bss           0x02099a78       0x34 c:/devkitpro/devkitarm/bin/../lib/gcc/arm-none-eabi/4.7.1/../../../../arm-none-eabi/lib\libg.a(lib_a-mallocr.o)
                0x02099a78                __malloc_top_pad
                0x02099a7c                __malloc_current_mallinfo
                0x02099aa4                __malloc_max_sbrked_mem
                0x02099aa8                __malloc_max_total_mem
 .bss           0x02099aac        0x0 c:/devkitpro/devkitarm/bin/../lib/gcc/arm-none-eabi/4.7.1/../../../../arm-none-eabi/lib\libg.a(lib_a-mbrtowc.o)
 .bss           0x02099aac        0x0 c:/devkitpro/devkitarm/bin/../lib/gcc/arm-none-eabi/4.7.1/../../../../arm-none-eabi/lib\libg.a(lib_a-mbtowc_r.o)
 .bss           0x02099aac        0x0 c:/devkitpro/devkitarm/bin/../lib/gcc/arm-none-eabi/4.7.1/../../../../arm-none-eabi/lib\libg.a(lib_a-memchr-stub.o)
 .bss           0x02099aac        0x0 c:/devkitpro/devkitarm/bin/../lib/gcc/arm-none-eabi/4.7.1/../../../../arm-none-eabi/lib\libg.a(lib_a-memmove.o)
 .bss           0x02099aac        0x0 c:/devkitpro/devkitarm/bin/../lib/gcc/arm-none-eabi/4.7.1/../../../../arm-none-eabi/lib\libg.a(lib_a-mlock.o)
 .bss           0x02099aac        0x0 c:/devkitpro/devkitarm/bin/../lib/gcc/arm-none-eabi/4.7.1/../../../../arm-none-eabi/lib\libg.a(lib_a-mprec.o)
 .bss           0x02099aac        0x0 c:/devkitpro/devkitarm/bin/../lib/gcc/arm-none-eabi/4.7.1/../../../../arm-none-eabi/lib\libg.a(lib_a-reallocr.o)
 .bss           0x02099aac        0x0 c:/devkitpro/devkitarm/bin/../lib/gcc/arm-none-eabi/4.7.1/../../../../arm-none-eabi/lib\libg.a(lib_a-sccl.o)
 .bss           0x02099aac        0x0 c:/devkitpro/devkitarm/bin/../lib/gcc/arm-none-eabi/4.7.1/../../../../arm-none-eabi/lib\libg.a(lib_a-s_fpclassify.o)
 .bss           0x02099aac        0x0 c:/devkitpro/devkitarm/bin/../lib/gcc/arm-none-eabi/4.7.1/../../../../arm-none-eabi/lib\libg.a(lib_a-strcasecmp.o)
 .bss           0x02099aac        0x0 c:/devkitpro/devkitarm/bin/../lib/gcc/arm-none-eabi/4.7.1/../../../../arm-none-eabi/lib\libg.a(lib_a-strcat.o)
 .bss           0x02099aac        0x0 c:/devkitpro/devkitarm/bin/../lib/gcc/arm-none-eabi/4.7.1/../../../../arm-none-eabi/lib\libg.a(lib_a-strchr.o)
 .bss           0x02099aac        0x0 c:/devkitpro/devkitarm/bin/../lib/gcc/arm-none-eabi/4.7.1/../../../../arm-none-eabi/lib\libg.a(lib_a-strcmp.o)
 .bss           0x02099aac        0x0 c:/devkitpro/devkitarm/bin/../lib/gcc/arm-none-eabi/4.7.1/../../../../arm-none-eabi/lib\libg.a(lib_a-strcpy.o)
 .bss           0x02099aac        0x0 c:/devkitpro/devkitarm/bin/../lib/gcc/arm-none-eabi/4.7.1/../../../../arm-none-eabi/lib\libg.a(lib_a-strlcpy.o)
 .bss           0x02099aac        0x0 c:/devkitpro/devkitarm/bin/../lib/gcc/arm-none-eabi/4.7.1/../../../../arm-none-eabi/lib\libg.a(lib_a-strncasecmp.o)
 .bss           0x02099aac        0x0 c:/devkitpro/devkitarm/bin/../lib/gcc/arm-none-eabi/4.7.1/../../../../arm-none-eabi/lib\libg.a(lib_a-strncmp.o)
 .bss           0x02099aac        0x0 c:/devkitpro/devkitarm/bin/../lib/gcc/arm-none-eabi/4.7.1/../../../../arm-none-eabi/lib\libg.a(lib_a-strncpy.o)
 .bss           0x02099aac        0x0 c:/devkitpro/devkitarm/bin/../lib/gcc/arm-none-eabi/4.7.1/../../../../arm-none-eabi/lib\libg.a(lib_a-strtoll_r.o)
 .bss           0x02099aac        0x0 c:/devkitpro/devkitarm/bin/../lib/gcc/arm-none-eabi/4.7.1/../../../../arm-none-eabi/lib\libg.a(lib_a-strtol.o)
 .bss           0x02099aac        0x0 c:/devkitpro/devkitarm/bin/../lib/gcc/arm-none-eabi/4.7.1/../../../../arm-none-eabi/lib\libg.a(lib_a-strtoull_r.o)
 .bss           0x02099aac        0x0 c:/devkitpro/devkitarm/bin/../lib/gcc/arm-none-eabi/4.7.1/../../../../arm-none-eabi/lib\libg.a(lib_a-strtoul.o)
 .bss           0x02099aac        0x0 c:/devkitpro/devkitarm/bin/../lib/gcc/arm-none-eabi/4.7.1/../../../../arm-none-eabi/lib\libg.a(lib_a-wbuf.o)
 .bss           0x02099aac        0x0 c:/devkitpro/devkitarm/bin/../lib/gcc/arm-none-eabi/4.7.1/../../../../arm-none-eabi/lib\libg.a(lib_a-wcsnrtombs.o)
 .bss           0x02099aac        0x0 c:/devkitpro/devkitarm/bin/../lib/gcc/arm-none-eabi/4.7.1/../../../../arm-none-eabi/lib\libg.a(lib_a-callocr.o)
 .bss           0x02099aac        0x0 c:/devkitpro/devkitarm/bin/../lib/gcc/arm-none-eabi/4.7.1/../../../../arm-none-eabi/lib\libg.a(lib_a-fclose.o)
 .bss           0x02099aac        0x0 c:/devkitpro/devkitarm/bin/../lib/gcc/arm-none-eabi/4.7.1/../../../../arm-none-eabi/lib\libg.a(lib_a-getenv_r.o)
 .bss           0x02099aac        0x4 c:/devkitpro/devkitarm/bin/../lib/gcc/arm-none-eabi/4.7.1/../../../../arm-none-eabi/lib\libg.a(lib_a-environ.o)
 .bss           0x02099ab0        0x0 c:/devkitpro/devkitarm/bin/../lib/gcc/arm-none-eabi/4.7.1/../../../../arm-none-eabi/lib\libg.a(lib_a-envlock.o)
 .bss           0x02099ab0        0x0 c:/devkitpro/devkitarm/bin/../lib/gcc/arm-none-eabi/4.7.1/../../../../arm-none-eabi/lib\libsysbase.a(iosupport.o)
 .bss           0x02099ab0        0x0 c:/devkitpro/devkitarm/bin/../lib/gcc/arm-none-eabi/4.7.1/../../../../arm-none-eabi/lib\libsysbase.a(close.o)
 .bss           0x02099ab0        0x0 c:/devkitpro/devkitarm/bin/../lib/gcc/arm-none-eabi/4.7.1/../../../../arm-none-eabi/lib\libsysbase.a(fstat.o)
 .bss           0x02099ab0        0x0 c:/devkitpro/devkitarm/bin/../lib/gcc/arm-none-eabi/4.7.1/../../../../arm-none-eabi/lib\libsysbase.a(isatty.o)
 .bss           0x02099ab0        0x0 c:/devkitpro/devkitarm/bin/../lib/gcc/arm-none-eabi/4.7.1/../../../../arm-none-eabi/lib\libsysbase.a(lseek.o)
 .bss           0x02099ab0        0x0 c:/devkitpro/devkitarm/bin/../lib/gcc/arm-none-eabi/4.7.1/../../../../arm-none-eabi/lib\libsysbase.a(read.o)
 .bss           0x02099ab0        0x4 c:/devkitpro/devkitarm/bin/../lib/gcc/arm-none-eabi/4.7.1/../../../../arm-none-eabi/lib\libsysbase.a(sbrk.o)
 .bss           0x02099ab4        0x0 c:/devkitpro/devkitarm/bin/../lib/gcc/arm-none-eabi/4.7.1/../../../../arm-none-eabi/lib\libsysbase.a(times.o)
 .bss           0x02099ab4        0x0 c:/devkitpro/devkitarm/bin/../lib/gcc/arm-none-eabi/4.7.1/../../../../arm-none-eabi/lib\libsysbase.a(write.o)
 .bss           0x02099ab4        0x8 c:/devkitpro/devkitarm/bin/../lib/gcc/arm-none-eabi/4.7.1/../../../../arm-none-eabi/lib\libsysbase.a(malloc_vars.o)
                0x02099ab4                fake_heap_start
                0x02099ab8                fake_heap_end
 .bss           0x02099abc        0x0 c:/devkitpro/devkitarm/bin/../lib/gcc/arm-none-eabi/4.7.1/../../../../arm-none-eabi/lib\libsysbase.a(build_argv.o)
 .bss           0x02099abc        0x8 c:/devkitpro/devkitarm/bin/../lib/gcc/arm-none-eabi/4.7.1/../../../../arm-none-eabi/lib\libsysbase.a(syscall_support.o)
                0x02099abc                __syscalls
 .bss           0x02099ac4     0x1000 c:/devkitpro/devkitarm/bin/../lib/gcc/arm-none-eabi/4.7.1/../../../../arm-none-eabi/lib\libsysbase.a(handle_manager.o)
 .bss           0x0209aac4        0x0 c:/devkitpro/devkitarm/bin/../lib/gcc/arm-none-eabi/4.7.1\libgcc.a(_udivsi3.o)
 .bss           0x0209aac4        0x0 c:/devkitpro/devkitarm/bin/../lib/gcc/arm-none-eabi/4.7.1\libgcc.a(_arm_cmpdf2.o)
 .bss           0x0209aac4        0x0 c:/devkitpro/devkitarm/bin/../lib/gcc/arm-none-eabi/4.7.1\libgcc.a(_arm_fixdfsi.o)
 .bss           0x0209aac4        0x0 c:/devkitpro/devkitarm/bin/../lib/gcc/arm-none-eabi/4.7.1\libgcc.a(_aeabi_uldivmod.o)
 .bss           0x0209aac4        0x0 c:/devkitpro/devkitarm/bin/../lib/gcc/arm-none-eabi/4.7.1\libgcc.a(bpabi.o)
 .bss           0x0209aac4        0x0 c:/devkitpro/devkitarm/bin/../lib/gcc/arm-none-eabi/4.7.1\libgcc.a(_divdi3.o)
 .bss           0x0209aac4        0x0 c:/devkitpro/devkitarm/bin/../lib/gcc/arm-none-eabi/4.7.1\libgcc.a(_udivdi3.o)
 .bss           0x0209aac4        0x0 c:/devkitpro/devkitarm/bin/../lib/gcc/arm-none-eabi/4.7.1\libgcc.a(_clzsi2.o)
 .bss           0x0209aac4        0x0 c:/devkitpro/devkitarm/bin/../lib/gcc/arm-none-eabi/4.7.1/../../../../arm-none-eabi/lib\libg.a(lib_a-errno.o)
 .bss           0x0209aac4        0x0 c:/devkitpro/devkitarm/bin/../lib/gcc/arm-none-eabi/4.7.1/crtend.o
 .bss           0x0209aac4        0x0 c:/devkitpro/devkitarm/bin/../lib/gcc/arm-none-eabi/4.7.1/crtn.o
 *(COMMON)
 COMMON         0x0209aac4    0x80004 vitiram.o
                0x0209aac4                conjunto_datos_salida
                0x0211aac4                resultado
 COMMON         0x0211aac8       0x5c c:/devkitPro/libnds/lib\libnds9.a(console.o)
                0x0211aac8                currentCopy
 COMMON         0x0211ab24        0x1 c:/devkitPro/libnds/lib\libnds9.a(initSystem.o)
                0x0211ab24                __dsimode
 *fill*         0x0211ab25        0x3 00
 COMMON         0x0211ab28      0xa40 c:/devkitPro/libnds/lib\libnds9.a(fifosystem.o)
                0x0211ab28                fifo_datamsg_data
                0x0211ab68                fifo_buffer
                0x0211b368                fifo_value32_func
                0x0211b3a8                fifo_address_func
                0x0211b3e8                fifo_value32_data
                0x0211b428                fifo_value32_queue
                0x0211b468                fifo_data_queue
                0x0211b4a8                fifo_address_data
                0x0211b4e8                fifo_datamsg_func
                0x0211b528                fifo_address_queue
 COMMON         0x0211b568      0x148 c:/devkitPro/libnds/lib\libnds9.a(background.o)
                0x0211b568                bgState
                0x0211b6a8                bgIsTextLut
 COMMON         0x0211b6b0        0x4 c:/devkitpro/devkitarm/bin/../lib/gcc/arm-none-eabi/4.7.1/../../../../arm-none-eabi/lib\libsysbase.a(times.o)
                0x0211b6b0                punixTime
                0x0211b6b4                . = ALIGN (0x4)
                0x0211b6b4                __bss_end__ = ABSOLUTE (.)
                0x0211b6b4                __end__ = ABSOLUTE (.)

.stab
 *(.stab)

.stabstr
 *(.stabstr)

.stab.excl
 *(.stab.excl)

.stab.exclstr
 *(.stab.exclstr)

.stab.index
 *(.stab.index)

.stab.indexstr
 *(.stab.indexstr)

.comment        0x00000000       0x44
 *(.comment)
 .comment       0x00000000       0x22 c:/devkitpro/devkitarm/bin/../lib/gcc/arm-none-eabi/4.7.1/crtbegin.o
                                 0x23 (size before relaxing)
 .comment       0x00000000       0x23 vitiram.o
 .comment       0x00000022       0x22 c:/devkitPro/libnds/lib\libnds9.a(console.o)
                                 0x23 (size before relaxing)
 .comment       0x00000000       0x23 c:/devkitPro/libnds/lib\libnds9.a(initSystem.o)
 .comment       0x00000000       0x23 c:/devkitPro/libnds/lib\libnds9.a(fifosystem.o)
 .comment       0x00000000       0x23 c:/devkitPro/libnds/lib\libnds9.a(interrupts.o)
 .comment       0x00000000       0x23 c:/devkitPro/libnds/lib\libnds9.a(libnds_exit.arm.o)
 .comment       0x00000000       0x23 c:/devkitPro/libnds/lib\libnds9.a(background.o)
 .comment       0x00000000       0x23 c:/devkitPro/libnds/lib\libnds9.a(system.o)
 .comment       0x00000000       0x23 c:/devkitPro/libnds/lib\libnds9.a(trig.o)
 .comment       0x00000000       0x23 c:/devkitPro/libnds/lib\libnds9.a(video.o)
 .comment       0x00000000       0x23 c:/devkitpro/devkitarm/bin/../lib/gcc/arm-none-eabi/4.7.1/../../../../arm-none-eabi/lib\libg.a(lib_a-bsearch.o)
 .comment       0x00000000       0x23 c:/devkitpro/devkitarm/bin/../lib/gcc/arm-none-eabi/4.7.1/../../../../arm-none-eabi/lib\libg.a(lib_a-impure.o)
 .comment       0x00000000       0x23 c:/devkitpro/devkitarm/bin/../lib/gcc/arm-none-eabi/4.7.1/../../../../arm-none-eabi/lib\libg.a(lib_a-init.o)
 .comment       0x00000000       0x23 c:/devkitpro/devkitarm/bin/../lib/gcc/arm-none-eabi/4.7.1/../../../../arm-none-eabi/lib\libg.a(lib_a-iprintf.o)
 .comment       0x00000000       0x23 c:/devkitpro/devkitarm/bin/../lib/gcc/arm-none-eabi/4.7.1/../../../../arm-none-eabi/lib\libg.a(lib_a-memcpy-stub.o)
 .comment       0x00000000       0x23 c:/devkitpro/devkitarm/bin/../lib/gcc/arm-none-eabi/4.7.1/../../../../arm-none-eabi/lib\libg.a(lib_a-memset.o)
 .comment       0x00000000       0x23 c:/devkitpro/devkitarm/bin/../lib/gcc/arm-none-eabi/4.7.1/../../../../arm-none-eabi/lib\libg.a(lib_a-printf.o)
 .comment       0x00000000       0x23 c:/devkitpro/devkitarm/bin/../lib/gcc/arm-none-eabi/4.7.1/../../../../arm-none-eabi/lib\libg.a(lib_a-puts.o)
 .comment       0x00000000       0x23 c:/devkitpro/devkitarm/bin/../lib/gcc/arm-none-eabi/4.7.1/../../../../arm-none-eabi/lib\libg.a(lib_a-setvbuf.o)
 .comment       0x00000000       0x23 c:/devkitpro/devkitarm/bin/../lib/gcc/arm-none-eabi/4.7.1/../../../../arm-none-eabi/lib\libg.a(lib_a-siscanf.o)
 .comment       0x00000000       0x23 c:/devkitpro/devkitarm/bin/../lib/gcc/arm-none-eabi/4.7.1/../../../../arm-none-eabi/lib\libg.a(lib_a-stdio.o)
 .comment       0x00000000       0x23 c:/devkitpro/devkitarm/bin/../lib/gcc/arm-none-eabi/4.7.1/../../../../arm-none-eabi/lib\libg.a(lib_a-strlen.o)
 .comment       0x00000000       0x23 c:/devkitpro/devkitarm/bin/../lib/gcc/arm-none-eabi/4.7.1/../../../../arm-none-eabi/lib\libg.a(lib_a-svfiscanf.o)
 .comment       0x00000000       0x23 c:/devkitpro/devkitarm/bin/../lib/gcc/arm-none-eabi/4.7.1/../../../../arm-none-eabi/lib\libg.a(lib_a-ungetc.o)
 .comment       0x00000000       0x23 c:/devkitpro/devkitarm/bin/../lib/gcc/arm-none-eabi/4.7.1/../../../../arm-none-eabi/lib\libg.a(lib_a-vfiprintf.o)
 .comment       0x00000000       0x23 c:/devkitpro/devkitarm/bin/../lib/gcc/arm-none-eabi/4.7.1/../../../../arm-none-eabi/lib\libg.a(lib_a-vfprintf.o)
 .comment       0x00000000       0x23 c:/devkitpro/devkitarm/bin/../lib/gcc/arm-none-eabi/4.7.1/../../../../arm-none-eabi/lib\libg.a(lib_a-wcrtomb.o)
 .comment       0x00000000       0x23 c:/devkitpro/devkitarm/bin/../lib/gcc/arm-none-eabi/4.7.1/../../../../arm-none-eabi/lib\libg.a(lib_a-wcsrtombs.o)
 .comment       0x00000000       0x23 c:/devkitpro/devkitarm/bin/../lib/gcc/arm-none-eabi/4.7.1/../../../../arm-none-eabi/lib\libg.a(lib_a-wctomb_r.o)
 .comment       0x00000000       0x23 c:/devkitpro/devkitarm/bin/../lib/gcc/arm-none-eabi/4.7.1/../../../../arm-none-eabi/lib\libg.a(lib_a-wsetup.o)
 .comment       0x00000000       0x23 c:/devkitpro/devkitarm/bin/../lib/gcc/arm-none-eabi/4.7.1/../../../../arm-none-eabi/lib\libg.a(lib_a-ctype_.o)
 .comment       0x00000000       0x23 c:/devkitpro/devkitarm/bin/../lib/gcc/arm-none-eabi/4.7.1/../../../../arm-none-eabi/lib\libg.a(lib_a-dtoa.o)
 .comment       0x00000000       0x23 c:/devkitpro/devkitarm/bin/../lib/gcc/arm-none-eabi/4.7.1/../../../../arm-none-eabi/lib\libg.a(lib_a-fflush.o)
 .comment       0x00000000       0x23 c:/devkitpro/devkitarm/bin/../lib/gcc/arm-none-eabi/4.7.1/../../../../arm-none-eabi/lib\libg.a(lib_a-findfp.o)
 .comment       0x00000000       0x23 c:/devkitpro/devkitarm/bin/../lib/gcc/arm-none-eabi/4.7.1/../../../../arm-none-eabi/lib\libg.a(lib_a-fputwc.o)
 .comment       0x00000000       0x23 c:/devkitpro/devkitarm/bin/../lib/gcc/arm-none-eabi/4.7.1/../../../../arm-none-eabi/lib\libg.a(lib_a-freer.o)
 .comment       0x00000000       0x23 c:/devkitpro/devkitarm/bin/../lib/gcc/arm-none-eabi/4.7.1/../../../../arm-none-eabi/lib\libg.a(lib_a-fvwrite.o)
 .comment       0x00000000       0x23 c:/devkitpro/devkitarm/bin/../lib/gcc/arm-none-eabi/4.7.1/../../../../arm-none-eabi/lib\libg.a(lib_a-fwalk.o)
 .comment       0x00000000       0x23 c:/devkitpro/devkitarm/bin/../lib/gcc/arm-none-eabi/4.7.1/../../../../arm-none-eabi/lib\libg.a(lib_a-iswspace.o)
 .comment       0x00000000       0x23 c:/devkitpro/devkitarm/bin/../lib/gcc/arm-none-eabi/4.7.1/../../../../arm-none-eabi/lib\libg.a(lib_a-jp2uc.o)
 .comment       0x00000000       0x23 c:/devkitpro/devkitarm/bin/../lib/gcc/arm-none-eabi/4.7.1/../../../../arm-none-eabi/lib\libg.a(lib_a-locale.o)
 .comment       0x00000000       0x23 c:/devkitpro/devkitarm/bin/../lib/gcc/arm-none-eabi/4.7.1/../../../../arm-none-eabi/lib\libg.a(lib_a-makebuf.o)
 .comment       0x00000000       0x23 c:/devkitpro/devkitarm/bin/../lib/gcc/arm-none-eabi/4.7.1/../../../../arm-none-eabi/lib\libg.a(lib_a-malloc.o)
 .comment       0x00000000       0x23 c:/devkitpro/devkitarm/bin/../lib/gcc/arm-none-eabi/4.7.1/../../../../arm-none-eabi/lib\libg.a(lib_a-mallocr.o)
 .comment       0x00000000       0x23 c:/devkitpro/devkitarm/bin/../lib/gcc/arm-none-eabi/4.7.1/../../../../arm-none-eabi/lib\libg.a(lib_a-mbrtowc.o)
 .comment       0x00000000       0x23 c:/devkitpro/devkitarm/bin/../lib/gcc/arm-none-eabi/4.7.1/../../../../arm-none-eabi/lib\libg.a(lib_a-mbtowc_r.o)
 .comment       0x00000000       0x23 c:/devkitpro/devkitarm/bin/../lib/gcc/arm-none-eabi/4.7.1/../../../../arm-none-eabi/lib\libg.a(lib_a-memchr-stub.o)
 .comment       0x00000000       0x23 c:/devkitpro/devkitarm/bin/../lib/gcc/arm-none-eabi/4.7.1/../../../../arm-none-eabi/lib\libg.a(lib_a-memmove.o)
 .comment       0x00000000       0x23 c:/devkitpro/devkitarm/bin/../lib/gcc/arm-none-eabi/4.7.1/../../../../arm-none-eabi/lib\libg.a(lib_a-mlock.o)
 .comment       0x00000000       0x23 c:/devkitpro/devkitarm/bin/../lib/gcc/arm-none-eabi/4.7.1/../../../../arm-none-eabi/lib\libg.a(lib_a-mprec.o)
 .comment       0x00000000       0x23 c:/devkitpro/devkitarm/bin/../lib/gcc/arm-none-eabi/4.7.1/../../../../arm-none-eabi/lib\libg.a(lib_a-reallocr.o)
 .comment       0x00000000       0x23 c:/devkitpro/devkitarm/bin/../lib/gcc/arm-none-eabi/4.7.1/../../../../arm-none-eabi/lib\libg.a(lib_a-sccl.o)
 .comment       0x00000000       0x23 c:/devkitpro/devkitarm/bin/../lib/gcc/arm-none-eabi/4.7.1/../../../../arm-none-eabi/lib\libg.a(lib_a-s_fpclassify.o)
 .comment       0x00000000       0x23 c:/devkitpro/devkitarm/bin/../lib/gcc/arm-none-eabi/4.7.1/../../../../arm-none-eabi/lib\libg.a(lib_a-strcasecmp.o)
 .comment       0x00000000       0x23 c:/devkitpro/devkitarm/bin/../lib/gcc/arm-none-eabi/4.7.1/../../../../arm-none-eabi/lib\libg.a(lib_a-strcat.o)
 .comment       0x00000000       0x23 c:/devkitpro/devkitarm/bin/../lib/gcc/arm-none-eabi/4.7.1/../../../../arm-none-eabi/lib\libg.a(lib_a-strchr.o)
 .comment       0x00000000       0x23 c:/devkitpro/devkitarm/bin/../lib/gcc/arm-none-eabi/4.7.1/../../../../arm-none-eabi/lib\libg.a(lib_a-strcmp.o)
 .comment       0x00000000       0x23 c:/devkitpro/devkitarm/bin/../lib/gcc/arm-none-eabi/4.7.1/../../../../arm-none-eabi/lib\libg.a(lib_a-strcpy.o)
 .comment       0x00000000       0x23 c:/devkitpro/devkitarm/bin/../lib/gcc/arm-none-eabi/4.7.1/../../../../arm-none-eabi/lib\libg.a(lib_a-strlcpy.o)
 .comment       0x00000000       0x23 c:/devkitpro/devkitarm/bin/../lib/gcc/arm-none-eabi/4.7.1/../../../../arm-none-eabi/lib\libg.a(lib_a-strncasecmp.o)
 .comment       0x00000000       0x23 c:/devkitpro/devkitarm/bin/../lib/gcc/arm-none-eabi/4.7.1/../../../../arm-none-eabi/lib\libg.a(lib_a-strncmp.o)
 .comment       0x00000000       0x23 c:/devkitpro/devkitarm/bin/../lib/gcc/arm-none-eabi/4.7.1/../../../../arm-none-eabi/lib\libg.a(lib_a-strncpy.o)
 .comment       0x00000000       0x23 c:/devkitpro/devkitarm/bin/../lib/gcc/arm-none-eabi/4.7.1/../../../../arm-none-eabi/lib\libg.a(lib_a-strtoll_r.o)
 .comment       0x00000000       0x23 c:/devkitpro/devkitarm/bin/../lib/gcc/arm-none-eabi/4.7.1/../../../../arm-none-eabi/lib\libg.a(lib_a-strtol.o)
 .comment       0x00000000       0x23 c:/devkitpro/devkitarm/bin/../lib/gcc/arm-none-eabi/4.7.1/../../../../arm-none-eabi/lib\libg.a(lib_a-strtoull_r.o)
 .comment       0x00000000       0x23 c:/devkitpro/devkitarm/bin/../lib/gcc/arm-none-eabi/4.7.1/../../../../arm-none-eabi/lib\libg.a(lib_a-strtoul.o)
 .comment       0x00000000       0x23 c:/devkitpro/devkitarm/bin/../lib/gcc/arm-none-eabi/4.7.1/../../../../arm-none-eabi/lib\libg.a(lib_a-wbuf.o)
 .comment       0x00000000       0x23 c:/devkitpro/devkitarm/bin/../lib/gcc/arm-none-eabi/4.7.1/../../../../arm-none-eabi/lib\libg.a(lib_a-wcsnrtombs.o)
 .comment       0x00000000       0x23 c:/devkitpro/devkitarm/bin/../lib/gcc/arm-none-eabi/4.7.1/../../../../arm-none-eabi/lib\libg.a(lib_a-callocr.o)
 .comment       0x00000000       0x23 c:/devkitpro/devkitarm/bin/../lib/gcc/arm-none-eabi/4.7.1/../../../../arm-none-eabi/lib\libg.a(lib_a-fclose.o)
 .comment       0x00000000       0x23 c:/devkitpro/devkitarm/bin/../lib/gcc/arm-none-eabi/4.7.1/../../../../arm-none-eabi/lib\libg.a(lib_a-getenv_r.o)
 .comment       0x00000000       0x23 c:/devkitpro/devkitarm/bin/../lib/gcc/arm-none-eabi/4.7.1/../../../../arm-none-eabi/lib\libg.a(lib_a-environ.o)
 .comment       0x00000000       0x23 c:/devkitpro/devkitarm/bin/../lib/gcc/arm-none-eabi/4.7.1/../../../../arm-none-eabi/lib\libg.a(lib_a-envlock.o)
 .comment       0x00000000       0x23 c:/devkitpro/devkitarm/bin/../lib/gcc/arm-none-eabi/4.7.1/../../../../arm-none-eabi/lib\libsysbase.a(iosupport.o)
 .comment       0x00000000       0x23 c:/devkitpro/devkitarm/bin/../lib/gcc/arm-none-eabi/4.7.1/../../../../arm-none-eabi/lib\libsysbase.a(close.o)
 .comment       0x00000000       0x23 c:/devkitpro/devkitarm/bin/../lib/gcc/arm-none-eabi/4.7.1/../../../../arm-none-eabi/lib\libsysbase.a(fstat.o)
 .comment       0x00000000       0x23 c:/devkitpro/devkitarm/bin/../lib/gcc/arm-none-eabi/4.7.1/../../../../arm-none-eabi/lib\libsysbase.a(isatty.o)
 .comment       0x00000000       0x23 c:/devkitpro/devkitarm/bin/../lib/gcc/arm-none-eabi/4.7.1/../../../../arm-none-eabi/lib\libsysbase.a(lseek.o)
 .comment       0x00000000       0x23 c:/devkitpro/devkitarm/bin/../lib/gcc/arm-none-eabi/4.7.1/../../../../arm-none-eabi/lib\libsysbase.a(read.o)
 .comment       0x00000000       0x23 c:/devkitpro/devkitarm/bin/../lib/gcc/arm-none-eabi/4.7.1/../../../../arm-none-eabi/lib\libsysbase.a(sbrk.o)
 .comment       0x00000000       0x23 c:/devkitpro/devkitarm/bin/../lib/gcc/arm-none-eabi/4.7.1/../../../../arm-none-eabi/lib\libsysbase.a(times.o)
 .comment       0x00000000       0x23 c:/devkitpro/devkitarm/bin/../lib/gcc/arm-none-eabi/4.7.1/../../../../arm-none-eabi/lib\libsysbase.a(write.o)
 .comment       0x00000000       0x23 c:/devkitpro/devkitarm/bin/../lib/gcc/arm-none-eabi/4.7.1/../../../../arm-none-eabi/lib\libsysbase.a(malloc_vars.o)
 .comment       0x00000000       0x23 c:/devkitpro/devkitarm/bin/../lib/gcc/arm-none-eabi/4.7.1/../../../../arm-none-eabi/lib\libsysbase.a(build_argv.o)
 .comment       0x00000000       0x23 c:/devkitpro/devkitarm/bin/../lib/gcc/arm-none-eabi/4.7.1/../../../../arm-none-eabi/lib\libsysbase.a(syscall_support.o)
 .comment       0x00000000       0x23 c:/devkitpro/devkitarm/bin/../lib/gcc/arm-none-eabi/4.7.1/../../../../arm-none-eabi/lib\libsysbase.a(handle_manager.o)